

Microchip MPLAB XC8 Assembler V3.00 build 20241204225717 
                                                                                               Wed Apr 30 16:20:33 2025

Microchip MPLAB XC8 C Compiler v3.00 (Free license) build 20241204225717 Og1 
     1                           	processor	18F4550
     2                           	fnconf	rparam,??,?,0
     3                           	pagewidth 120
     4                           	opt	flic
     5                           	psect	idataCOMRAM,global,class=CODE,space=0,delta=1,noexec
     6                           	psect	cinit,global,reloc=2,class=CODE,space=0,delta=1
     7                           	psect	dataCOMRAM,global,class=COMRAM,space=1,delta=1,lowdata,noexec
     8                           	psect	cstackCOMRAM,global,class=COMRAM,space=1,delta=1,lowdata,noexec
     9                           	psect	text0,global,reloc=2,class=CODE,space=0,delta=1
    10                           	psect	smallconst,global,reloc=2,class=SMALLCONST,space=0,delta=1,noexec
    11                           	psect	intsave_regs,global,class=BIGRAM,space=1,delta=1,noexec
    12                           	psect	rparam,global,class=COMRAM,space=1,delta=1,noexec
    13   000000                     
    14                           ; Generated 17/01/2025 GMT
    15                           ; 
    16                           ; Copyright © 2025, Microchip Technology Inc. and its subsidiaries ("Microchip")
    17                           ; All rights reserved.
    18                           ; 
    19                           ; This software is developed by Microchip Technology Inc. and its subsidiaries ("Microch
      +                          ip").
    20                           ; 
    21                           ; Redistribution and use in source and binary forms, with or without modification, are
    22                           ; permitted provided that the following conditions are met:
    23                           ; 
    24                           ;     1. Redistributions of source code must retain the above copyright notice, this lis
      +                          t of
    25                           ;        conditions and the following disclaimer.
    26                           ; 
    27                           ;     2. Redistributions in binary form must reproduce the above copyright notice, this 
      +                          list
    28                           ;        of conditions and the following disclaimer in the documentation and/or other
    29                           ;        materials provided with the distribution. Publication is not required when
    30                           ;        this file is used in an embedded application.
    31                           ; 
    32                           ;     3. Microchip's name may not be used to endorse or promote products derived from th
      +                          is
    33                           ;        software without specific prior written permission.
    34                           ; 
    35                           ; THIS SOFTWARE IS PROVIDED BY MICROCHIP "AS IS" AND ANY EXPRESS OR IMPLIED WARRANTIES,
    36                           ; INCLUDING, BUT NOT LIMITED TO, THE IMPLIED WARRANTIES OF MERCHANTABILITY AND FITNESS F
      +                          OR
    37                           ; PURPOSE ARE DISCLAIMED.  IN NO EVENT SHALL MICROCHIP BE LIABLE FOR ANY DIRECT, INDIREC
      +                          T,
    38                           ; INCIDENTAL, SPECIAL, EXEMPLARY, OR CONSEQUENTIAL DAMAGES (INCLUDING BUT NOT LIMITED TO
    39                           ; PROCUREMENT OF SUBSTITUTE GOODS OR SERVICES; LOSS OF USE, DATA OR PROFITS; OR BUSINESS
    40                           ; INTERRUPTION) HOWSOEVER CAUSED AND ON ANY THEORY OF LIABILITY, WHETHER IN CONTRACT, ST
      +                          RICT
    41                           ; LIABILITY, OR TORT (INCLUDING NEGLIGENCE OR OTHERWISE) ARISING IN ANY WAY OUT OF THE U
      +                          SE OF
    42                           ; THIS SOFTWARE, EVEN IF ADVISED OF THE POSSIBILITY OF SUCH DAMAGE.
    43                           ; 
    44                           ; 
    45                           ; Code-generator required, PIC18F4550 Definitions
    46                           ; 
    47                           ; SFR Addresses
    48   000FE0                     bsr             equ	4064
    49   000FE9                     fsr0            equ	4073
    50   000FEA                     fsr0h           equ	4074
    51   000FE9                     fsr0l           equ	4073
    52   000FE1                     fsr1            equ	4065
    53   000FE2                     fsr1h           equ	4066
    54   000FE1                     fsr1l           equ	4065
    55   000FD9                     fsr2            equ	4057
    56   000FDA                     fsr2h           equ	4058
    57   000FD9                     fsr2l           equ	4057
    58   000FEF                     indf0           equ	4079
    59   000FE7                     indf1           equ	4071
    60   000FDF                     indf2           equ	4063
    61   000FF2                     intcon          equ	4082
    62   000000                     nvmcon          equ	0
    63   000FF9                     pcl             equ	4089
    64   000FFA                     pclath          equ	4090
    65   000FFB                     pclatu          equ	4091
    66   000FEB                     plusw0          equ	4075
    67   000FE3                     plusw1          equ	4067
    68   000FDB                     plusw2          equ	4059
    69   000FED                     postdec0        equ	4077
    70   000FE5                     postdec1        equ	4069
    71   000FDD                     postdec2        equ	4061
    72   000FEE                     postinc0        equ	4078
    73   000FE6                     postinc1        equ	4070
    74   000FDE                     postinc2        equ	4062
    75   000FEC                     preinc0         equ	4076
    76   000FE4                     preinc1         equ	4068
    77   000FDC                     preinc2         equ	4060
    78   000FF3                     prod            equ	4083
    79   000FF4                     prodh           equ	4084
    80   000FF3                     prodl           equ	4083
    81   000FD8                     status          equ	4056
    82   000FF5                     tablat          equ	4085
    83   000FF6                     tblptr          equ	4086
    84   000FF7                     tblptrh         equ	4087
    85   000FF6                     tblptrl         equ	4086
    86   000FF8                     tblptru         equ	4088
    87   000FFD                     tosl            equ	4093
    88   000FE8                     wreg            equ	4072
    89   000F62                     SPPDATA         equ	3938	;# 
    90   000F63                     SPPCFG          equ	3939	;# 
    91   000F64                     SPPEPS          equ	3940	;# 
    92   000F65                     SPPCON          equ	3941	;# 
    93   000F66                     UFRM            equ	3942	;# 
    94   000F66                     UFRML           equ	3942	;# 
    95   000F67                     UFRMH           equ	3943	;# 
    96   000F68                     UIR             equ	3944	;# 
    97   000F69                     UIE             equ	3945	;# 
    98   000F6A                     UEIR            equ	3946	;# 
    99   000F6B                     UEIE            equ	3947	;# 
   100   000F6C                     USTAT           equ	3948	;# 
   101   000F6D                     UCON            equ	3949	;# 
   102   000F6E                     UADDR           equ	3950	;# 
   103   000F6F                     UCFG            equ	3951	;# 
   104   000F70                     UEP0            equ	3952	;# 
   105   000F71                     UEP1            equ	3953	;# 
   106   000F72                     UEP2            equ	3954	;# 
   107   000F73                     UEP3            equ	3955	;# 
   108   000F74                     UEP4            equ	3956	;# 
   109   000F75                     UEP5            equ	3957	;# 
   110   000F76                     UEP6            equ	3958	;# 
   111   000F77                     UEP7            equ	3959	;# 
   112   000F78                     UEP8            equ	3960	;# 
   113   000F79                     UEP9            equ	3961	;# 
   114   000F7A                     UEP10           equ	3962	;# 
   115   000F7B                     UEP11           equ	3963	;# 
   116   000F7C                     UEP12           equ	3964	;# 
   117   000F7D                     UEP13           equ	3965	;# 
   118   000F7E                     UEP14           equ	3966	;# 
   119   000F7F                     UEP15           equ	3967	;# 
   120   000F80                     PORTA           equ	3968	;# 
   121   000F81                     PORTB           equ	3969	;# 
   122   000F82                     PORTC           equ	3970	;# 
   123   000F83                     PORTD           equ	3971	;# 
   124   000F84                     PORTE           equ	3972	;# 
   125   000F89                     LATA            equ	3977	;# 
   126   000F8A                     LATB            equ	3978	;# 
   127   000F8B                     LATC            equ	3979	;# 
   128   000F8C                     LATD            equ	3980	;# 
   129   000F8D                     LATE            equ	3981	;# 
   130   000F92                     TRISA           equ	3986	;# 
   131   000F92                     DDRA            equ	3986	;# 
   132   000F93                     TRISB           equ	3987	;# 
   133   000F93                     DDRB            equ	3987	;# 
   134   000F94                     TRISC           equ	3988	;# 
   135   000F94                     DDRC            equ	3988	;# 
   136   000F95                     TRISD           equ	3989	;# 
   137   000F95                     DDRD            equ	3989	;# 
   138   000F96                     TRISE           equ	3990	;# 
   139   000F96                     DDRE            equ	3990	;# 
   140   000F9B                     OSCTUNE         equ	3995	;# 
   141   000F9D                     PIE1            equ	3997	;# 
   142   000F9E                     PIR1            equ	3998	;# 
   143   000F9F                     IPR1            equ	3999	;# 
   144   000FA0                     PIE2            equ	4000	;# 
   145   000FA1                     PIR2            equ	4001	;# 
   146   000FA2                     IPR2            equ	4002	;# 
   147   000FA6                     EECON1          equ	4006	;# 
   148   000FA7                     EECON2          equ	4007	;# 
   149   000FA8                     EEDATA          equ	4008	;# 
   150   000FA9                     EEADR           equ	4009	;# 
   151   000FAB                     RCSTA           equ	4011	;# 
   152   000FAB                     RCSTA1          equ	4011	;# 
   153   000FAC                     TXSTA           equ	4012	;# 
   154   000FAC                     TXSTA1          equ	4012	;# 
   155   000FAD                     TXREG           equ	4013	;# 
   156   000FAD                     TXREG1          equ	4013	;# 
   157   000FAE                     RCREG           equ	4014	;# 
   158   000FAE                     RCREG1          equ	4014	;# 
   159   000FAF                     SPBRG           equ	4015	;# 
   160   000FAF                     SPBRG1          equ	4015	;# 
   161   000FB0                     SPBRGH          equ	4016	;# 
   162   000FB1                     T3CON           equ	4017	;# 
   163   000FB2                     TMR3            equ	4018	;# 
   164   000FB2                     TMR3L           equ	4018	;# 
   165   000FB3                     TMR3H           equ	4019	;# 
   166   000FB4                     CMCON           equ	4020	;# 
   167   000FB5                     CVRCON          equ	4021	;# 
   168   000FB6                     ECCP1AS         equ	4022	;# 
   169   000FB6                     CCP1AS          equ	4022	;# 
   170   000FB7                     ECCP1DEL        equ	4023	;# 
   171   000FB7                     CCP1DEL         equ	4023	;# 
   172   000FB8                     BAUDCON         equ	4024	;# 
   173   000FB8                     BAUDCTL         equ	4024	;# 
   174   000FBA                     CCP2CON         equ	4026	;# 
   175   000FBB                     CCPR2           equ	4027	;# 
   176   000FBB                     CCPR2L          equ	4027	;# 
   177   000FBC                     CCPR2H          equ	4028	;# 
   178   000FBD                     CCP1CON         equ	4029	;# 
   179   000FBD                     ECCP1CON        equ	4029	;# 
   180   000FBE                     CCPR1           equ	4030	;# 
   181   000FBE                     CCPR1L          equ	4030	;# 
   182   000FBF                     CCPR1H          equ	4031	;# 
   183   000FC0                     ADCON2          equ	4032	;# 
   184   000FC1                     ADCON1          equ	4033	;# 
   185   000FC2                     ADCON0          equ	4034	;# 
   186   000FC3                     ADRES           equ	4035	;# 
   187   000FC3                     ADRESL          equ	4035	;# 
   188   000FC4                     ADRESH          equ	4036	;# 
   189   000FC5                     SSPCON2         equ	4037	;# 
   190   000FC6                     SSPCON1         equ	4038	;# 
   191   000FC7                     SSPSTAT         equ	4039	;# 
   192   000FC8                     SSPADD          equ	4040	;# 
   193   000FC9                     SSPBUF          equ	4041	;# 
   194   000FCA                     T2CON           equ	4042	;# 
   195   000FCB                     PR2             equ	4043	;# 
   196   000FCB                     MEMCON          equ	4043	;# 
   197   000FCC                     TMR2            equ	4044	;# 
   198   000FCD                     T1CON           equ	4045	;# 
   199   000FCE                     TMR1            equ	4046	;# 
   200   000FCE                     TMR1L           equ	4046	;# 
   201   000FCF                     TMR1H           equ	4047	;# 
   202   000FD0                     RCON            equ	4048	;# 
   203   000FD1                     WDTCON          equ	4049	;# 
   204   000FD2                     HLVDCON         equ	4050	;# 
   205   000FD2                     LVDCON          equ	4050	;# 
   206   000FD3                     OSCCON          equ	4051	;# 
   207   000FD5                     T0CON           equ	4053	;# 
   208   000FD6                     TMR0            equ	4054	;# 
   209   000FD6                     TMR0L           equ	4054	;# 
   210   000FD7                     TMR0H           equ	4055	;# 
   211   000FD8                     STATUS          equ	4056	;# 
   212   000FD9                     FSR2            equ	4057	;# 
   213   000FD9                     FSR2L           equ	4057	;# 
   214   000FDA                     FSR2H           equ	4058	;# 
   215   000FDB                     PLUSW2          equ	4059	;# 
   216   000FDC                     PREINC2         equ	4060	;# 
   217   000FDD                     POSTDEC2        equ	4061	;# 
   218   000FDE                     POSTINC2        equ	4062	;# 
   219   000FDF                     INDF2           equ	4063	;# 
   220   000FE0                     BSR             equ	4064	;# 
   221   000FE1                     FSR1            equ	4065	;# 
   222   000FE1                     FSR1L           equ	4065	;# 
   223   000FE2                     FSR1H           equ	4066	;# 
   224   000FE3                     PLUSW1          equ	4067	;# 
   225   000FE4                     PREINC1         equ	4068	;# 
   226   000FE5                     POSTDEC1        equ	4069	;# 
   227   000FE6                     POSTINC1        equ	4070	;# 
   228   000FE7                     INDF1           equ	4071	;# 
   229   000FE8                     WREG            equ	4072	;# 
   230   000FE9                     FSR0            equ	4073	;# 
   231   000FE9                     FSR0L           equ	4073	;# 
   232   000FEA                     FSR0H           equ	4074	;# 
   233   000FEB                     PLUSW0          equ	4075	;# 
   234   000FEC                     PREINC0         equ	4076	;# 
   235   000FED                     POSTDEC0        equ	4077	;# 
   236   000FEE                     POSTINC0        equ	4078	;# 
   237   000FEF                     INDF0           equ	4079	;# 
   238   000FF0                     INTCON3         equ	4080	;# 
   239   000FF1                     INTCON2         equ	4081	;# 
   240   000FF2                     INTCON          equ	4082	;# 
   241   000FF3                     PROD            equ	4083	;# 
   242   000FF3                     PRODL           equ	4083	;# 
   243   000FF4                     PRODH           equ	4084	;# 
   244   000FF5                     TABLAT          equ	4085	;# 
   245   000FF6                     TBLPTR          equ	4086	;# 
   246   000FF6                     TBLPTRL         equ	4086	;# 
   247   000FF7                     TBLPTRH         equ	4087	;# 
   248   000FF8                     TBLPTRU         equ	4088	;# 
   249   000FF9                     PCLAT           equ	4089	;# 
   250   000FF9                     PC              equ	4089	;# 
   251   000FF9                     PCL             equ	4089	;# 
   252   000FFA                     PCLATH          equ	4090	;# 
   253   000FFB                     PCLATU          equ	4091	;# 
   254   000FFC                     STKPTR          equ	4092	;# 
   255   000FFD                     TOS             equ	4093	;# 
   256   000FFD                     TOSL            equ	4093	;# 
   257   000FFE                     TOSH            equ	4094	;# 
   258   000FFF                     TOSU            equ	4095	;# 
   259                           
   260                           	psect	idataCOMRAM
   261   00094E                     __pidataCOMRAM:
   262                           	callstack 0
   263                           
   264                           ;initializer for main@F3668
   265   00094E  000A               	dw	10
   266   000950  0002               	dw	2
   267   000952  0005               	dw	5
   268   000954  0001               	dw	1
   269   000956  0006               	dw	6
   270   000F84                     _PORTE          set	3972
   271   000F83                     _PORTD          set	3971
   272   000F82                     _PORTC          set	3970
   273   000F81                     _PORTB          set	3969
   274   000F80                     _PORTA          set	3968
   275   000F96                     _TRISE          set	3990
   276   000F95                     _TRISD          set	3989
   277   000F94                     _TRISC          set	3988
   278   000F93                     _TRISB          set	3987
   279   000F92                     _TRISA          set	3986
   280                           
   281                           ; #config settings
   282                           
   283                           	psect	cinit
   284   000928                     __pcinit:
   285                           	callstack 0
   286   000928                     start_initialization:
   287                           	callstack 0
   288   000928                     __initialization:
   289                           	callstack 0
   290                           
   291                           ; Initialize objects allocated to COMRAM (10 bytes)
   292                           ; load TBLPTR registers with __pidataCOMRAM
   293   000928  0E4E               	movlw	low __pidataCOMRAM
   294   00092A  6EF6               	movwf	tblptrl,c
   295   00092C  0E09               	movlw	high __pidataCOMRAM
   296   00092E  6EF7               	movwf	tblptrh,c
   297   000930  0E00               	movlw	low (__pidataCOMRAM shr (0+16))
   298   000932  6EF8               	movwf	tblptru,c
   299   000934  EE00  F016         	lfsr	0,__pdataCOMRAM
   300   000938  EE10 F00A          	lfsr	1,10
   301   00093C                     copy_data0:
   302   00093C  0009               	tblrd		*+
   303   00093E  CFF5 FFEE          	movff	tablat,postinc0
   304   000942  50E5               	movf	postdec1,w,c
   305   000944  50E1               	movf	fsr1l,w,c
   306   000946  E1FA               	bnz	copy_data0
   307   000948                     end_of_initialization:
   308                           	callstack 0
   309   000948                     __end_of__initialization:
   310                           	callstack 0
   311   000948  0100               	movlb	0
   312   00094A  EF01  F004         	goto	_main	;jump to C main() function
   313                           
   314                           	psect	dataCOMRAM
   315   000016                     __pdataCOMRAM:
   316                           	callstack 0
   317   000016                     main@F3668:
   318                           	callstack 0
   319   000016                     	ds	10
   320                           
   321                           	psect	cstackCOMRAM
   322   000001                     __pcstackCOMRAM:
   323                           	callstack 0
   324   000001                     ??_main:
   325                           
   326                           ; 1 bytes @ 0x0
   327   000001                     	ds	5
   328   000006                     main@temp:
   329                           	callstack 0
   330                           
   331                           ; 2 bytes @ 0x5
   332   000006                     	ds	2
   333   000008                     main@num:
   334                           	callstack 0
   335                           
   336                           ; 10 bytes @ 0x7
   337   000008                     	ds	10
   338   000012                     main@j:
   339                           	callstack 0
   340                           
   341                           ; 2 bytes @ 0x11
   342   000012                     	ds	2
   343   000014                     main@i:
   344                           	callstack 0
   345                           
   346                           ; 2 bytes @ 0x13
   347   000014                     	ds	2
   348                           
   349 ;;
   350 ;;Main: autosize = 0, tempsize = 5, incstack = 0, save=0
   351 ;;
   352 ;; *************** function _main *****************
   353 ;; Defined at:
   354 ;;		line 5 in file "desc.c"
   355 ;; Parameters:    Size  Location     Type
   356 ;;		None
   357 ;; Auto vars:     Size  Location     Type
   358 ;;  num            10    7[COMRAM] int [5]
   359 ;;  i               2   19[COMRAM] int 
   360 ;;  j               2   17[COMRAM] int 
   361 ;;  temp            2    5[COMRAM] int 
   362 ;; Return value:  Size  Location     Type
   363 ;;                  1    wreg      void 
   364 ;; Registers used:
   365 ;;		wreg, fsr1l, fsr1h, fsr2l, fsr2h, status,2, status,0, prodl, prodh
   366 ;; Tracked objects:
   367 ;;		On entry : 0/0
   368 ;;		On exit  : 0/0
   369 ;;		Unchanged: 0/0
   370 ;; Data sizes:     COMRAM   BANK0   BANK1   BANK2   BANK3   BANK4   BANK5   BANK6   BANK7
   371 ;;      Params:         0       0       0       0       0       0       0       0       0
   372 ;;      Locals:        16       0       0       0       0       0       0       0       0
   373 ;;      Temps:          5       0       0       0       0       0       0       0       0
   374 ;;      Totals:        21       0       0       0       0       0       0       0       0
   375 ;;Total ram usage:       21 bytes
   376 ;; This function calls:
   377 ;;		Nothing
   378 ;; This function is called by:
   379 ;;		Startup code after reset
   380 ;; This function uses a non-reentrant model
   381 ;;
   382                           
   383                           	psect	text0
   384   000802                     __ptext0:
   385                           	callstack 0
   386   000802                     _main:
   387                           	callstack 31
   388   000802                     
   389                           ;desc.c: 7: int temp , i , j ;;desc.c: 8: int num[] = {10,2,5,1,6} ;
   390   000802  EE20  F016         	lfsr	2,main@F3668
   391   000806  EE10  F008         	lfsr	1,main@num
   392   00080A  0E09               	movlw	9
   393   00080C                     u11:
   394   00080C  CFDB FFE3          	movff	plusw2,plusw1
   395   000810  06E8               	decf	wreg,f,c
   396   000812  E2FC               	bc	u11
   397   000814                     
   398                           ;desc.c: 9: for(i = 0 ; i < 5 ; i++)
   399   000814  0E00               	movlw	0
   400   000816  6E15               	movwf	(main@i+1)^0,c
   401   000818  0E00               	movlw	0
   402   00081A  6E14               	movwf	main@i^0,c
   403   00081C                     l716:
   404                           
   405                           ;desc.c: 10: {;desc.c: 11: for (j = i + 1 ; j < 5 ; j++)
   406   00081C  0E01               	movlw	1
   407   00081E  2414               	addwf	main@i^0,w,c
   408   000820  6E12               	movwf	main@j^0,c
   409   000822  0E00               	movlw	0
   410   000824  2015               	addwfc	(main@i+1)^0,w,c
   411   000826  6E13               	movwf	(main@j+1)^0,c
   412   000828  BE13               	btfsc	(main@j+1)^0,7,c
   413   00082A  EF20  F004         	goto	u21
   414   00082E  5013               	movf	(main@j+1)^0,w,c
   415   000830  E109               	bnz	u20
   416   000832  0E05               	movlw	5
   417   000834  5C12               	subwf	main@j^0,w,c
   418   000836  A0D8               	btfss	status,0,c
   419   000838  EF20  F004         	goto	u21
   420   00083C  EF22  F004         	goto	u20
   421   000840                     u21:
   422   000840  EF24  F004         	goto	l720
   423   000844                     u20:
   424   000844  EF73  F004         	goto	l732
   425   000848                     l720:
   426                           
   427                           ;desc.c: 12: {;desc.c: 13: if(num[i] > num[j])
   428   000848  5014               	movf	main@i^0,w,c
   429   00084A  0D02               	mullw	2
   430   00084C  50F3               	movf	243,w,c
   431   00084E  0F08               	addlw	low main@num
   432   000850  6ED9               	movwf	fsr2l,c
   433   000852  6ADA               	clrf	fsr2h,c
   434   000854  5012               	movf	main@j^0,w,c
   435   000856  0D02               	mullw	2
   436   000858  50F3               	movf	243,w,c
   437   00085A  0F08               	addlw	low main@num
   438   00085C  6EE1               	movwf	fsr1l,c
   439   00085E  6AE2               	clrf	fsr1h,c
   440   000860  50DE               	movf	postinc2,w,c
   441   000862  5CE6               	subwf	postinc1,w,c
   442   000864  50E6               	movf	postinc1,w,c
   443   000866  0A80               	xorlw	128
   444   000868  6E05               	movwf	(??_main+4)^0,c
   445   00086A  50DE               	movf	postinc2,w,c
   446   00086C  0A80               	xorlw	128
   447   00086E  5805               	subwfb	(??_main+4)^0,w,c
   448   000870  B0D8               	btfsc	status,0,c
   449   000872  EF3D  F004         	goto	u31
   450   000876  EF3F  F004         	goto	u30
   451   00087A                     u31:
   452   00087A  EF63  F004         	goto	l728
   453   00087E                     u30:
   454   00087E                     
   455                           ;desc.c: 14: {;desc.c: 15: temp = num[i] ;
   456   00087E  5014               	movf	main@i^0,w,c
   457   000880  0D02               	mullw	2
   458   000882  50F3               	movf	243,w,c
   459   000884  0F08               	addlw	low main@num
   460   000886  6ED9               	movwf	fsr2l,c
   461   000888  6ADA               	clrf	fsr2h,c
   462   00088A  CFDE F006          	movff	postinc2,main@temp
   463   00088E  CFDD F007          	movff	postdec2,main@temp+1
   464   000892                     
   465                           ;desc.c: 16: num[i] = num[j] ;
   466   000892  5012               	movf	main@j^0,w,c
   467   000894  0D02               	mullw	2
   468   000896  50F3               	movf	243,w,c
   469   000898  0F08               	addlw	low main@num
   470   00089A  6ED9               	movwf	fsr2l,c
   471   00089C  6ADA               	clrf	fsr2h,c
   472   00089E  5014               	movf	main@i^0,w,c
   473   0008A0  0D02               	mullw	2
   474   0008A2  50F3               	movf	243,w,c
   475   0008A4  0F08               	addlw	low main@num
   476   0008A6  6EE1               	movwf	fsr1l,c
   477   0008A8  6AE2               	clrf	fsr1h,c
   478   0008AA  CFDE FFE6          	movff	postinc2,postinc1
   479   0008AE  CFDD FFE5          	movff	postdec2,postdec1
   480   0008B2                     
   481                           ;desc.c: 17: num[j] = temp ;
   482   0008B2  5012               	movf	main@j^0,w,c
   483   0008B4  0D02               	mullw	2
   484   0008B6  50F3               	movf	243,w,c
   485   0008B8  0F08               	addlw	low main@num
   486   0008BA  6ED9               	movwf	fsr2l,c
   487   0008BC  6ADA               	clrf	fsr2h,c
   488   0008BE  C006  FFDE         	movff	main@temp,postinc2
   489   0008C2  C007  FFDD         	movff	main@temp+1,postdec2
   490   0008C6                     l728:
   491                           
   492                           ;desc.c: 19: }
   493   0008C6  4A12               	infsnz	main@j^0,f,c
   494   0008C8  2A13               	incf	(main@j+1)^0,f,c
   495   0008CA  BE13               	btfsc	(main@j+1)^0,7,c
   496   0008CC  EF71  F004         	goto	u41
   497   0008D0  5013               	movf	(main@j+1)^0,w,c
   498   0008D2  E109               	bnz	u40
   499   0008D4  0E05               	movlw	5
   500   0008D6  5C12               	subwf	main@j^0,w,c
   501   0008D8  A0D8               	btfss	status,0,c
   502   0008DA  EF71  F004         	goto	u41
   503   0008DE  EF73  F004         	goto	u40
   504   0008E2                     u41:
   505   0008E2  EF24  F004         	goto	l720
   506   0008E6                     u40:
   507   0008E6                     l732:
   508                           
   509                           ;desc.c: 20: }
   510   0008E6  4A14               	infsnz	main@i^0,f,c
   511   0008E8  2A15               	incf	(main@i+1)^0,f,c
   512   0008EA  BE15               	btfsc	(main@i+1)^0,7,c
   513   0008EC  EF81  F004         	goto	u51
   514   0008F0  5015               	movf	(main@i+1)^0,w,c
   515   0008F2  E109               	bnz	u50
   516   0008F4  0E05               	movlw	5
   517   0008F6  5C14               	subwf	main@i^0,w,c
   518   0008F8  A0D8               	btfss	status,0,c
   519   0008FA  EF81  F004         	goto	u51
   520   0008FE  EF83  F004         	goto	u50
   521   000902                     u51:
   522   000902  EF0E  F004         	goto	l716
   523   000906                     u50:
   524   000906                     
   525                           ;desc.c: 21: TRISA = 0 ;
   526   000906  6A92               	clrf	146,c	;volatile
   527                           
   528                           ;desc.c: 22: TRISB = 0 ;
   529   000908  6A93               	clrf	147,c	;volatile
   530                           
   531                           ;desc.c: 23: TRISC = 0 ;
   532   00090A  6A94               	clrf	148,c	;volatile
   533                           
   534                           ;desc.c: 24: TRISD = 0 ;
   535   00090C  6A95               	clrf	149,c	;volatile
   536                           
   537                           ;desc.c: 25: TRISE = 0 ;
   538   00090E  6A96               	clrf	150,c	;volatile
   539                           
   540                           ;desc.c: 26: PORTA = num[0] ;
   541   000910  C008  FF80         	movff	main@num,3968	;volatile
   542                           
   543                           ;desc.c: 27: PORTB = num[1] ;
   544   000914  C00A  FF81         	movff	main@num+2,3969	;volatile
   545                           
   546                           ;desc.c: 28: PORTC = num[2] ;
   547   000918  C00C  FF82         	movff	main@num+4,3970	;volatile
   548                           
   549                           ;desc.c: 29: PORTD = num[3] ;
   550   00091C  C00E  FF83         	movff	main@num+6,3971	;volatile
   551                           
   552                           ;desc.c: 30: PORTE = num[4] ;
   553   000920  C010  FF84         	movff	main@num+8,3972	;volatile
   554   000924  EFFE  F03F         	goto	start
   555   000928                     __end_of_main:
   556                           	callstack 0
   557                           
   558                           	psect	smallconst
   559   000800                     __psmallconst:
   560                           	callstack 0
   561   000800  00                 	db	0
   562   000801  00                 	db	0	; dummy byte at the end
   563   000800                     __smallconst    set	__psmallconst
   564   000800                     __mediumconst   set	__psmallconst
   565   000000                     __activetblptr  equ	0
   566                           
   567                           	psect	rparam
   568   000001                     ___rparam_used  equ	1
   569   000000                     ___param_bank   equ	0
   570   000000                     __Lparam        equ	__Lrparam
   571   000000                     __Hparam        equ	__Hrparam
   572                           tosu	equ	0xFFF
   573                           tosh	equ	0xFFE
   574                           tosl	equ	0xFFD
   575                           stkptr	equ	0xFFC
   576                           pclatu	equ	0xFFB
   577                           pclath	equ	0xFFA
   578                           pcl	equ	0xFF9
   579                           tblptru	equ	0xFF8
   580                           tblptrh	equ	0xFF7
   581                           tblptrl	equ	0xFF6
   582                           tablat	equ	0xFF5
   583                           prodh	equ	0xFF4
   584                           prodl	equ	0xFF3
   585                           indf0	equ	0xFEF
   586                           postinc0	equ	0xFEE
   587                           postdec0	equ	0xFED
   588                           preinc0	equ	0xFEC
   589                           plusw0	equ	0xFEB
   590                           fsr0h	equ	0xFEA
   591                           fsr0l	equ	0xFE9
   592                           wreg	equ	0xFE8
   593                           indf1	equ	0xFE7
   594                           postinc1	equ	0xFE6
   595                           postdec1	equ	0xFE5
   596                           preinc1	equ	0xFE4
   597                           plusw1	equ	0xFE3
   598                           fsr1h	equ	0xFE2
   599                           fsr1l	equ	0xFE1
   600                           bsr	equ	0xFE0
   601                           indf2	equ	0xFDF
   602                           postinc2	equ	0xFDE
   603                           postdec2	equ	0xFDD
   604                           preinc2	equ	0xFDC
   605                           plusw2	equ	0xFDB
   606                           fsr2h	equ	0xFDA
   607                           fsr2l	equ	0xFD9
   608                           status	equ	0xFD8

Data Sizes:
    Strings     0
    Constant    0
    Data        10
    BSS         0
    Persistent  0
    Stack       0

Auto Spaces:
    Space          Size  Autos    Used
    COMRAM           95     21      31
    BANK0           160      0       0
    BANK1           256      0       0
    BANK2           256      0       0
    BANK3           256      0       0
    BANK4           256      0       0
    BANK5           256      0       0
    BANK6           256      0       0
    BANK7           256      0       0

Pointer List with Targets:

    None.

Critical Paths under _main in COMRAM

    None.

Critical Paths under _main in BANK0

    None.

Critical Paths under _main in BANK1

    None.

Critical Paths under _main in BANK2

    None.

Critical Paths under _main in BANK3

    None.

Critical Paths under _main in BANK4

    None.

Critical Paths under _main in BANK5

    None.

Critical Paths under _main in BANK6

    None.

Critical Paths under _main in BANK7

    None.

Call Graph Tables:

 ---------------------------------------------------------------------------------
 (Depth) Function   	        Calls       Base Space   Used Autos Params    Refs
 ---------------------------------------------------------------------------------
 (0) _main                                                21    21      0     345
                                              0 COMRAM    21    21      0
 ---------------------------------------------------------------------------------
 Estimated maximum stack depth 0
 ---------------------------------------------------------------------------------

 Call Graph Graphs:

 _main (ROOT)

Address spaces:
Name               Size   Autos  Total    Usage
BIGRAM            2047      0       0      0.0%
BITBANK7           256      0       0      0.0%
BANK7              256      0       0      0.0%
BITBANK6           256      0       0      0.0%
BANK6              256      0       0      0.0%
BITBANK5           256      0       0      0.0%
BANK5              256      0       0      0.0%
BITBANK4           256      0       0      0.0%
BANK4              256      0       0      0.0%
BITBANK3           256      0       0      0.0%
BANK3              256      0       0      0.0%
BITBANK2           256      0       0      0.0%
BANK2              256      0       0      0.0%
BITBANK1           256      0       0      0.0%
BANK1              256      0       0      0.0%
BITBANK0           160      0       0      0.0%
BANK0              160      0       0      0.0%
BITBIGSFRh         127      0       0      0.0%
BITCOMRAM           95      0       0      0.0%
COMRAM              95     21      31     32.6%
BITBIGSFRl          32      0       0      0.0%
STACK                0      0       0      0.0%
DATA                 0      0      31      0.0%


Microchip Technology PIC18 Macro Assembler V3.00 build 20241204225717 
Symbol Table                                                                                   Wed Apr 30 16:20:33 2025

                     l32 0924                       l28 0906                       u11 080C  
                     u20 0844                       u21 0840                       u30 087E  
                     u31 087A                       u40 08E6                       u41 08E2  
                     u50 0906                       u51 0902                      l710 0814  
                    l720 0848                      l730 08CA                      l722 087E  
                    l724 0892                      l732 08E6                      l716 081C  
                    l708 0802                      l734 08EA                      l726 08B2  
                    l728 08C6                      wreg 0FE8                     _main 0802  
                   fsr1h 0FE2                     fsr2h 0FDA                     fsr1l 0FE1  
                   fsr2l 0FD9                     prodl 0FF3                     start 7FFC  
           ___param_bank 0000                    ?_main 0001                    _PORTA 0F80  
                  _PORTB 0F81                    _PORTC 0F82                    _PORTD 0F83  
                  _PORTE 0F84                    _TRISA 0F92                    _TRISB 0F93  
                  _TRISC 0F94                    _TRISD 0F95                    _TRISE 0F96  
                  main@i 0014                    main@j 0012                    tablat 0FF5  
                  plusw1 0FE3                    plusw2 0FDB                    status 0FD8  
        __initialization 0928             __end_of_main 0928                   ??_main 0001  
          __activetblptr 0000                   isa$std 0001             __pdataCOMRAM 0016  
           __mediumconst 0800                   tblptrh 0FF7                   tblptrl 0FF6  
                 tblptru 0FF8               __accesstop 0060  __end_of__initialization 0948  
          ___rparam_used 0001           __pcstackCOMRAM 0001                  __Hparam 0000  
                __Lparam 0000             __psmallconst 0800                  __pcinit 0928  
                __ramtop 0800                  __ptext0 0802                  main@num 0008  
   end_of_initialization 0948                  postdec1 0FE5                  postdec2 0FDD  
                postinc0 0FEE                  postinc1 0FE6                  postinc2 0FDE  
          __pidataCOMRAM 094E      start_initialization 0928              __smallconst 0800  
              main@F3668 0016                copy_data0 093C                 __Hrparam 0000  
               __Lrparam 0000                 isa$xinst 0000                 main@temp 0006  
