

Microchip MPLAB XC8 Assembler V3.00 build 20241204225717 
                                                                                               Wed Apr 30 16:15:10 2025

Microchip MPLAB XC8 C Compiler v3.00 (Free license) build 20241204225717 Og1 
     1                           	processor	18F4550
     2                           	fnconf	rparam,??,?,0
     3                           	pagewidth 120
     4                           	opt	flic
     5                           	psect	idataCOMRAM,global,class=CODE,space=0,delta=1,noexec
     6                           	psect	cinit,global,reloc=2,class=CODE,space=0,delta=1
     7                           	psect	dataCOMRAM,global,class=COMRAM,space=1,delta=1,lowdata,noexec
     8                           	psect	cstackCOMRAM,global,class=COMRAM,space=1,delta=1,lowdata,noexec
     9                           	psect	text0,global,reloc=2,class=CODE,space=0,delta=1
    10                           	psect	text1,global,reloc=2,class=CODE,space=0,delta=1
    11                           	psect	smallconst,global,reloc=2,class=SMALLCONST,space=0,delta=1,noexec
    12                           	psect	intsave_regs,global,class=BIGRAM,space=1,delta=1,noexec
    13                           	psect	rparam,global,class=COMRAM,space=1,delta=1,noexec
    14   000000                     
    15                           ; Generated 17/01/2025 GMT
    16                           ; 
    17                           ; Copyright © 2025, Microchip Technology Inc. and its subsidiaries ("Microchip")
    18                           ; All rights reserved.
    19                           ; 
    20                           ; This software is developed by Microchip Technology Inc. and its subsidiaries ("Microch
      +                          ip").
    21                           ; 
    22                           ; Redistribution and use in source and binary forms, with or without modification, are
    23                           ; permitted provided that the following conditions are met:
    24                           ; 
    25                           ;     1. Redistributions of source code must retain the above copyright notice, this lis
      +                          t of
    26                           ;        conditions and the following disclaimer.
    27                           ; 
    28                           ;     2. Redistributions in binary form must reproduce the above copyright notice, this 
      +                          list
    29                           ;        of conditions and the following disclaimer in the documentation and/or other
    30                           ;        materials provided with the distribution. Publication is not required when
    31                           ;        this file is used in an embedded application.
    32                           ; 
    33                           ;     3. Microchip's name may not be used to endorse or promote products derived from th
      +                          is
    34                           ;        software without specific prior written permission.
    35                           ; 
    36                           ; THIS SOFTWARE IS PROVIDED BY MICROCHIP "AS IS" AND ANY EXPRESS OR IMPLIED WARRANTIES,
    37                           ; INCLUDING, BUT NOT LIMITED TO, THE IMPLIED WARRANTIES OF MERCHANTABILITY AND FITNESS F
      +                          OR
    38                           ; PURPOSE ARE DISCLAIMED.  IN NO EVENT SHALL MICROCHIP BE LIABLE FOR ANY DIRECT, INDIREC
      +                          T,
    39                           ; INCIDENTAL, SPECIAL, EXEMPLARY, OR CONSEQUENTIAL DAMAGES (INCLUDING BUT NOT LIMITED TO
    40                           ; PROCUREMENT OF SUBSTITUTE GOODS OR SERVICES; LOSS OF USE, DATA OR PROFITS; OR BUSINESS
    41                           ; INTERRUPTION) HOWSOEVER CAUSED AND ON ANY THEORY OF LIABILITY, WHETHER IN CONTRACT, ST
      +                          RICT
    42                           ; LIABILITY, OR TORT (INCLUDING NEGLIGENCE OR OTHERWISE) ARISING IN ANY WAY OUT OF THE U
      +                          SE OF
    43                           ; THIS SOFTWARE, EVEN IF ADVISED OF THE POSSIBILITY OF SUCH DAMAGE.
    44                           ; 
    45                           ; 
    46                           ; Code-generator required, PIC18F4550 Definitions
    47                           ; 
    48                           ; SFR Addresses
    49   000FE0                     bsr             equ	4064
    50   000FE9                     fsr0            equ	4073
    51   000FEA                     fsr0h           equ	4074
    52   000FE9                     fsr0l           equ	4073
    53   000FE1                     fsr1            equ	4065
    54   000FE2                     fsr1h           equ	4066
    55   000FE1                     fsr1l           equ	4065
    56   000FD9                     fsr2            equ	4057
    57   000FDA                     fsr2h           equ	4058
    58   000FD9                     fsr2l           equ	4057
    59   000FEF                     indf0           equ	4079
    60   000FE7                     indf1           equ	4071
    61   000FDF                     indf2           equ	4063
    62   000FF2                     intcon          equ	4082
    63   000000                     nvmcon          equ	0
    64   000FF9                     pcl             equ	4089
    65   000FFA                     pclath          equ	4090
    66   000FFB                     pclatu          equ	4091
    67   000FEB                     plusw0          equ	4075
    68   000FE3                     plusw1          equ	4067
    69   000FDB                     plusw2          equ	4059
    70   000FED                     postdec0        equ	4077
    71   000FE5                     postdec1        equ	4069
    72   000FDD                     postdec2        equ	4061
    73   000FEE                     postinc0        equ	4078
    74   000FE6                     postinc1        equ	4070
    75   000FDE                     postinc2        equ	4062
    76   000FEC                     preinc0         equ	4076
    77   000FE4                     preinc1         equ	4068
    78   000FDC                     preinc2         equ	4060
    79   000FF3                     prod            equ	4083
    80   000FF4                     prodh           equ	4084
    81   000FF3                     prodl           equ	4083
    82   000FD8                     status          equ	4056
    83   000FF5                     tablat          equ	4085
    84   000FF6                     tblptr          equ	4086
    85   000FF7                     tblptrh         equ	4087
    86   000FF6                     tblptrl         equ	4086
    87   000FF8                     tblptru         equ	4088
    88   000FFD                     tosl            equ	4093
    89   000FE8                     wreg            equ	4072
    90   000F62                     SPPDATA         equ	3938	;# 
    91   000F63                     SPPCFG          equ	3939	;# 
    92   000F64                     SPPEPS          equ	3940	;# 
    93   000F65                     SPPCON          equ	3941	;# 
    94   000F66                     UFRM            equ	3942	;# 
    95   000F66                     UFRML           equ	3942	;# 
    96   000F67                     UFRMH           equ	3943	;# 
    97   000F68                     UIR             equ	3944	;# 
    98   000F69                     UIE             equ	3945	;# 
    99   000F6A                     UEIR            equ	3946	;# 
   100   000F6B                     UEIE            equ	3947	;# 
   101   000F6C                     USTAT           equ	3948	;# 
   102   000F6D                     UCON            equ	3949	;# 
   103   000F6E                     UADDR           equ	3950	;# 
   104   000F6F                     UCFG            equ	3951	;# 
   105   000F70                     UEP0            equ	3952	;# 
   106   000F71                     UEP1            equ	3953	;# 
   107   000F72                     UEP2            equ	3954	;# 
   108   000F73                     UEP3            equ	3955	;# 
   109   000F74                     UEP4            equ	3956	;# 
   110   000F75                     UEP5            equ	3957	;# 
   111   000F76                     UEP6            equ	3958	;# 
   112   000F77                     UEP7            equ	3959	;# 
   113   000F78                     UEP8            equ	3960	;# 
   114   000F79                     UEP9            equ	3961	;# 
   115   000F7A                     UEP10           equ	3962	;# 
   116   000F7B                     UEP11           equ	3963	;# 
   117   000F7C                     UEP12           equ	3964	;# 
   118   000F7D                     UEP13           equ	3965	;# 
   119   000F7E                     UEP14           equ	3966	;# 
   120   000F7F                     UEP15           equ	3967	;# 
   121   000F80                     PORTA           equ	3968	;# 
   122   000F81                     PORTB           equ	3969	;# 
   123   000F82                     PORTC           equ	3970	;# 
   124   000F83                     PORTD           equ	3971	;# 
   125   000F84                     PORTE           equ	3972	;# 
   126   000F89                     LATA            equ	3977	;# 
   127   000F8A                     LATB            equ	3978	;# 
   128   000F8B                     LATC            equ	3979	;# 
   129   000F8C                     LATD            equ	3980	;# 
   130   000F8D                     LATE            equ	3981	;# 
   131   000F92                     TRISA           equ	3986	;# 
   132   000F92                     DDRA            equ	3986	;# 
   133   000F93                     TRISB           equ	3987	;# 
   134   000F93                     DDRB            equ	3987	;# 
   135   000F94                     TRISC           equ	3988	;# 
   136   000F94                     DDRC            equ	3988	;# 
   137   000F95                     TRISD           equ	3989	;# 
   138   000F95                     DDRD            equ	3989	;# 
   139   000F96                     TRISE           equ	3990	;# 
   140   000F96                     DDRE            equ	3990	;# 
   141   000F9B                     OSCTUNE         equ	3995	;# 
   142   000F9D                     PIE1            equ	3997	;# 
   143   000F9E                     PIR1            equ	3998	;# 
   144   000F9F                     IPR1            equ	3999	;# 
   145   000FA0                     PIE2            equ	4000	;# 
   146   000FA1                     PIR2            equ	4001	;# 
   147   000FA2                     IPR2            equ	4002	;# 
   148   000FA6                     EECON1          equ	4006	;# 
   149   000FA7                     EECON2          equ	4007	;# 
   150   000FA8                     EEDATA          equ	4008	;# 
   151   000FA9                     EEADR           equ	4009	;# 
   152   000FAB                     RCSTA           equ	4011	;# 
   153   000FAB                     RCSTA1          equ	4011	;# 
   154   000FAC                     TXSTA           equ	4012	;# 
   155   000FAC                     TXSTA1          equ	4012	;# 
   156   000FAD                     TXREG           equ	4013	;# 
   157   000FAD                     TXREG1          equ	4013	;# 
   158   000FAE                     RCREG           equ	4014	;# 
   159   000FAE                     RCREG1          equ	4014	;# 
   160   000FAF                     SPBRG           equ	4015	;# 
   161   000FAF                     SPBRG1          equ	4015	;# 
   162   000FB0                     SPBRGH          equ	4016	;# 
   163   000FB1                     T3CON           equ	4017	;# 
   164   000FB2                     TMR3            equ	4018	;# 
   165   000FB2                     TMR3L           equ	4018	;# 
   166   000FB3                     TMR3H           equ	4019	;# 
   167   000FB4                     CMCON           equ	4020	;# 
   168   000FB5                     CVRCON          equ	4021	;# 
   169   000FB6                     ECCP1AS         equ	4022	;# 
   170   000FB6                     CCP1AS          equ	4022	;# 
   171   000FB7                     ECCP1DEL        equ	4023	;# 
   172   000FB7                     CCP1DEL         equ	4023	;# 
   173   000FB8                     BAUDCON         equ	4024	;# 
   174   000FB8                     BAUDCTL         equ	4024	;# 
   175   000FBA                     CCP2CON         equ	4026	;# 
   176   000FBB                     CCPR2           equ	4027	;# 
   177   000FBB                     CCPR2L          equ	4027	;# 
   178   000FBC                     CCPR2H          equ	4028	;# 
   179   000FBD                     CCP1CON         equ	4029	;# 
   180   000FBD                     ECCP1CON        equ	4029	;# 
   181   000FBE                     CCPR1           equ	4030	;# 
   182   000FBE                     CCPR1L          equ	4030	;# 
   183   000FBF                     CCPR1H          equ	4031	;# 
   184   000FC0                     ADCON2          equ	4032	;# 
   185   000FC1                     ADCON1          equ	4033	;# 
   186   000FC2                     ADCON0          equ	4034	;# 
   187   000FC3                     ADRES           equ	4035	;# 
   188   000FC3                     ADRESL          equ	4035	;# 
   189   000FC4                     ADRESH          equ	4036	;# 
   190   000FC5                     SSPCON2         equ	4037	;# 
   191   000FC6                     SSPCON1         equ	4038	;# 
   192   000FC7                     SSPSTAT         equ	4039	;# 
   193   000FC8                     SSPADD          equ	4040	;# 
   194   000FC9                     SSPBUF          equ	4041	;# 
   195   000FCA                     T2CON           equ	4042	;# 
   196   000FCB                     PR2             equ	4043	;# 
   197   000FCB                     MEMCON          equ	4043	;# 
   198   000FCC                     TMR2            equ	4044	;# 
   199   000FCD                     T1CON           equ	4045	;# 
   200   000FCE                     TMR1            equ	4046	;# 
   201   000FCE                     TMR1L           equ	4046	;# 
   202   000FCF                     TMR1H           equ	4047	;# 
   203   000FD0                     RCON            equ	4048	;# 
   204   000FD1                     WDTCON          equ	4049	;# 
   205   000FD2                     HLVDCON         equ	4050	;# 
   206   000FD2                     LVDCON          equ	4050	;# 
   207   000FD3                     OSCCON          equ	4051	;# 
   208   000FD5                     T0CON           equ	4053	;# 
   209   000FD6                     TMR0            equ	4054	;# 
   210   000FD6                     TMR0L           equ	4054	;# 
   211   000FD7                     TMR0H           equ	4055	;# 
   212   000FD8                     STATUS          equ	4056	;# 
   213   000FD9                     FSR2            equ	4057	;# 
   214   000FD9                     FSR2L           equ	4057	;# 
   215   000FDA                     FSR2H           equ	4058	;# 
   216   000FDB                     PLUSW2          equ	4059	;# 
   217   000FDC                     PREINC2         equ	4060	;# 
   218   000FDD                     POSTDEC2        equ	4061	;# 
   219   000FDE                     POSTINC2        equ	4062	;# 
   220   000FDF                     INDF2           equ	4063	;# 
   221   000FE0                     BSR             equ	4064	;# 
   222   000FE1                     FSR1            equ	4065	;# 
   223   000FE1                     FSR1L           equ	4065	;# 
   224   000FE2                     FSR1H           equ	4066	;# 
   225   000FE3                     PLUSW1          equ	4067	;# 
   226   000FE4                     PREINC1         equ	4068	;# 
   227   000FE5                     POSTDEC1        equ	4069	;# 
   228   000FE6                     POSTINC1        equ	4070	;# 
   229   000FE7                     INDF1           equ	4071	;# 
   230   000FE8                     WREG            equ	4072	;# 
   231   000FE9                     FSR0            equ	4073	;# 
   232   000FE9                     FSR0L           equ	4073	;# 
   233   000FEA                     FSR0H           equ	4074	;# 
   234   000FEB                     PLUSW0          equ	4075	;# 
   235   000FEC                     PREINC0         equ	4076	;# 
   236   000FED                     POSTDEC0        equ	4077	;# 
   237   000FEE                     POSTINC0        equ	4078	;# 
   238   000FEF                     INDF0           equ	4079	;# 
   239   000FF0                     INTCON3         equ	4080	;# 
   240   000FF1                     INTCON2         equ	4081	;# 
   241   000FF2                     INTCON          equ	4082	;# 
   242   000FF3                     PROD            equ	4083	;# 
   243   000FF3                     PRODL           equ	4083	;# 
   244   000FF4                     PRODH           equ	4084	;# 
   245   000FF5                     TABLAT          equ	4085	;# 
   246   000FF6                     TBLPTR          equ	4086	;# 
   247   000FF6                     TBLPTRL         equ	4086	;# 
   248   000FF7                     TBLPTRH         equ	4087	;# 
   249   000FF8                     TBLPTRU         equ	4088	;# 
   250   000FF9                     PCLAT           equ	4089	;# 
   251   000FF9                     PC              equ	4089	;# 
   252   000FF9                     PCL             equ	4089	;# 
   253   000FFA                     PCLATH          equ	4090	;# 
   254   000FFB                     PCLATU          equ	4091	;# 
   255   000FFC                     STKPTR          equ	4092	;# 
   256   000FFD                     TOS             equ	4093	;# 
   257   000FFD                     TOSL            equ	4093	;# 
   258   000FFE                     TOSH            equ	4094	;# 
   259   000FFF                     TOSU            equ	4095	;# 
   260                           
   261                           	psect	idataCOMRAM
   262   00095A                     __pidataCOMRAM:
   263                           	callstack 0
   264                           
   265                           ;initializer for main@F3668
   266   00095A  0004               	dw	4
   267   00095C  0002               	dw	2
   268   00095E  0009               	dw	9
   269   000960  0006               	dw	6
   270   000962  0007               	dw	7
   271                           
   272                           ; #config settings
   273                           
   274                           	psect	cinit
   275   00090E                     __pcinit:
   276                           	callstack 0
   277   00090E                     start_initialization:
   278                           	callstack 0
   279   00090E                     __initialization:
   280                           	callstack 0
   281                           
   282                           ; Initialize objects allocated to COMRAM (10 bytes)
   283                           ; load TBLPTR registers with __pidataCOMRAM
   284   00090E  0E5A               	movlw	low __pidataCOMRAM
   285   000910  6EF6               	movwf	tblptrl,c
   286   000912  0E09               	movlw	high __pidataCOMRAM
   287   000914  6EF7               	movwf	tblptrh,c
   288   000916  0E00               	movlw	low (__pidataCOMRAM shr (0+16))
   289   000918  6EF8               	movwf	tblptru,c
   290   00091A  EE00  F019         	lfsr	0,__pdataCOMRAM
   291   00091E  EE10 F00A          	lfsr	1,10
   292   000922                     copy_data0:
   293   000922  0009               	tblrd		*+
   294   000924  CFF5 FFEE          	movff	tablat,postinc0
   295   000928  50E5               	movf	postdec1,w,c
   296   00092A  50E1               	movf	fsr1l,w,c
   297   00092C  E1FA               	bnz	copy_data0
   298   00092E                     end_of_initialization:
   299                           	callstack 0
   300   00092E                     __end_of__initialization:
   301                           	callstack 0
   302   00092E  0100               	movlb	0
   303   000930  EF9A  F004         	goto	_main	;jump to C main() function
   304                           
   305                           	psect	dataCOMRAM
   306   000019                     __pdataCOMRAM:
   307                           	callstack 0
   308   000019                     main@F3668:
   309                           	callstack 0
   310   000019                     	ds	10
   311                           
   312                           	psect	cstackCOMRAM
   313   000001                     __pcstackCOMRAM:
   314                           	callstack 0
   315   000001                     bubble_sort@arr:
   316                           	callstack 0
   317                           
   318                           ; 1 bytes @ 0x0
   319   000001                     	ds	1
   320   000002                     bubble_sort@size:
   321                           	callstack 0
   322                           
   323                           ; 2 bytes @ 0x1
   324   000002                     	ds	2
   325   000004                     ??_bubble_sort:
   326                           
   327                           ; 1 bytes @ 0x3
   328   000004                     	ds	5
   329   000009                     bubble_sort@temp:
   330                           	callstack 0
   331                           
   332                           ; 2 bytes @ 0x8
   333   000009                     	ds	2
   334   00000B                     bubble_sort@i:
   335                           	callstack 0
   336                           
   337                           ; 2 bytes @ 0xA
   338   00000B                     	ds	2
   339   00000D                     bubble_sort@j:
   340                           	callstack 0
   341                           
   342                           ; 2 bytes @ 0xC
   343   00000D                     	ds	2
   344   00000F                     main@arr:
   345                           	callstack 0
   346   00000F                     
   347                           ; 1 bytes @ 0xE
   348   00000F                     	ds	10
   349                           
   350 ;;
   351 ;;Main: autosize = 0, tempsize = 0, incstack = 0, save=0
   352 ;;
   353 ;; *************** function _main *****************
   354 ;; Defined at:
   355 ;;		line 15 in file "asc.c"
   356 ;; Parameters:    Size  Location     Type
   357 ;;		None
   358 ;; Auto vars:     Size  Location     Type
   359 ;;  arr            10   14[COMRAM] int [5]
   360 ;; Return value:  Size  Location     Type
   361 ;;                  2    6[None  ] int 
   362 ;; Registers used:
   363 ;;		wreg, fsr1l, fsr1h, fsr2l, fsr2h, status,2, status,0, prodl, prodh, cstack
   364 ;; Tracked objects:
   365 ;;		On entry : 0/0
   366 ;;		On exit  : 0/0
   367 ;;		Unchanged: 0/0
   368 ;; Data sizes:     COMRAM   BANK0   BANK1   BANK2   BANK3   BANK4   BANK5   BANK6   BANK7
   369 ;;      Params:         0       0       0       0       0       0       0       0       0
   370 ;;      Locals:        10       0       0       0       0       0       0       0       0
   371 ;;      Temps:          0       0       0       0       0       0       0       0       0
   372 ;;      Totals:        10       0       0       0       0       0       0       0       0
   373 ;;Total ram usage:       10 bytes
   374 ;; Hardware stack levels required when called: 1
   375 ;; This function calls:
   376 ;;		_bubble_sort
   377 ;; This function is called by:
   378 ;;		Startup code after reset
   379 ;; This function uses a non-reentrant model
   380 ;;
   381                           
   382                           	psect	text0
   383   000934                     __ptext0:
   384                           	callstack 0
   385   000934                     _main:
   386                           	callstack 30
   387   000934                     
   388                           ;asc.c: 16:     int arr[5] = {4, 2, 9, 6, 7};
   389   000934  EE20  F019         	lfsr	2,main@F3668
   390   000938  EE10  F00F         	lfsr	1,main@arr
   391   00093C  0E09               	movlw	9
   392   00093E                     u81:
   393   00093E  CFDB FFE3          	movff	plusw2,plusw1
   394   000942  06E8               	decf	wreg,f,c
   395   000944  E2FC               	bc	u81
   396   000946                     
   397                           ;asc.c: 18:     bubble_sort(arr, 5);
   398   000946  0E0F               	movlw	low main@arr
   399   000948  6E01               	movwf	bubble_sort@arr^0,c
   400   00094A  0E00               	movlw	0
   401   00094C  6E03               	movwf	(bubble_sort@size+1)^0,c
   402   00094E  0E05               	movlw	5
   403   000950  6E02               	movwf	bubble_sort@size^0,c
   404   000952  EC01  F004         	call	_bubble_sort	;wreg free
   405   000956  EFFE  F03F         	goto	start
   406   00095A                     __end_of_main:
   407                           	callstack 0
   408                           
   409 ;; *************** function _bubble_sort *****************
   410 ;; Defined at:
   411 ;;		line 23 in file "asc.c"
   412 ;; Parameters:    Size  Location     Type
   413 ;;  arr             1    0[COMRAM] PTR int 
   414 ;;		 -> main@arr(10), 
   415 ;;  size            2    1[COMRAM] int 
   416 ;; Auto vars:     Size  Location     Type
   417 ;;  temp            2    8[COMRAM] int 
   418 ;;  j               2   12[COMRAM] int 
   419 ;;  i               2   10[COMRAM] int 
   420 ;; Return value:  Size  Location     Type
   421 ;;                  1    wreg      void 
   422 ;; Registers used:
   423 ;;		wreg, fsr1l, fsr1h, fsr2l, fsr2h, status,2, status,0, prodl, prodh
   424 ;; Tracked objects:
   425 ;;		On entry : 0/0
   426 ;;		On exit  : 0/0
   427 ;;		Unchanged: 0/0
   428 ;; Data sizes:     COMRAM   BANK0   BANK1   BANK2   BANK3   BANK4   BANK5   BANK6   BANK7
   429 ;;      Params:         3       0       0       0       0       0       0       0       0
   430 ;;      Locals:         6       0       0       0       0       0       0       0       0
   431 ;;      Temps:          5       0       0       0       0       0       0       0       0
   432 ;;      Totals:        14       0       0       0       0       0       0       0       0
   433 ;;Total ram usage:       14 bytes
   434 ;; Hardware stack levels used: 1
   435 ;; This function calls:
   436 ;;		Nothing
   437 ;; This function is called by:
   438 ;;		_main
   439 ;; This function uses a non-reentrant model
   440 ;;
   441                           
   442                           	psect	text1
   443   000802                     __ptext1:
   444                           	callstack 0
   445   000802                     _bubble_sort:
   446                           	callstack 30
   447   000802                     
   448                           ;asc.c: 24:     for (int i = 0; i < size - 1; i++) {
   449   000802  0E00               	movlw	0
   450   000804  6E0C               	movwf	(bubble_sort@i+1)^0,c
   451   000806  0E00               	movlw	0
   452   000808  6E0B               	movwf	bubble_sort@i^0,c
   453   00080A  EF71  F004         	goto	l739
   454   00080E                     l723:
   455                           
   456                           ;asc.c: 25:         for (int j = 0; j < size - i - 1; j++) {
   457   00080E  0E00               	movlw	0
   458   000810  6E0E               	movwf	(bubble_sort@j+1)^0,c
   459   000812  0E00               	movlw	0
   460   000814  6E0D               	movwf	bubble_sort@j^0,c
   461   000816  EF54  F004         	goto	l735
   462   00081A                     l725:
   463                           
   464                           ;asc.c: 26:             if (*(arr + j) > *(arr + j + 1)) {
   465   00081A  500D               	movf	bubble_sort@j^0,w,c
   466   00081C  0D02               	mullw	2
   467   00081E  5001               	movf	bubble_sort@arr^0,w,c
   468   000820  24F3               	addwf	243,w,c
   469   000822  6ED9               	movwf	fsr2l,c
   470   000824  6ADA               	clrf	fsr2h,c
   471   000826  500D               	movf	bubble_sort@j^0,w,c
   472   000828  0D02               	mullw	2
   473   00082A  5001               	movf	bubble_sort@arr^0,w,c
   474   00082C  24F3               	addwf	243,w,c
   475   00082E  6EE1               	movwf	fsr1l,c
   476   000830  6AE2               	clrf	fsr1h,c
   477   000832  0E02               	movlw	2
   478   000834  26E1               	addwf	fsr1l,f,c
   479   000836  50DE               	movf	postinc2,w,c
   480   000838  5CE6               	subwf	postinc1,w,c
   481   00083A  50E6               	movf	postinc1,w,c
   482   00083C  0A80               	xorlw	128
   483   00083E  6E08               	movwf	(??_bubble_sort+4)^0,c
   484   000840  50DE               	movf	postinc2,w,c
   485   000842  0A80               	xorlw	128
   486   000844  5808               	subwfb	(??_bubble_sort+4)^0,w,c
   487   000846  B0D8               	btfsc	status,0,c
   488   000848  EF28  F004         	goto	u51
   489   00084C  EF2A  F004         	goto	u50
   490   000850                     u51:
   491   000850  EF52  F004         	goto	l733
   492   000854                     u50:
   493   000854                     
   494                           ;asc.c: 28:                 int temp = *(arr + j);
   495   000854  500D               	movf	bubble_sort@j^0,w,c
   496   000856  0D02               	mullw	2
   497   000858  5001               	movf	bubble_sort@arr^0,w,c
   498   00085A  24F3               	addwf	243,w,c
   499   00085C  6ED9               	movwf	fsr2l,c
   500   00085E  6ADA               	clrf	fsr2h,c
   501   000860  CFDE F009          	movff	postinc2,bubble_sort@temp
   502   000864  CFDD F00A          	movff	postdec2,bubble_sort@temp+1
   503   000868                     
   504                           ;asc.c: 29:                 *(arr + j) = *(arr + j + 1);
   505   000868  500D               	movf	bubble_sort@j^0,w,c
   506   00086A  0D02               	mullw	2
   507   00086C  5001               	movf	bubble_sort@arr^0,w,c
   508   00086E  24F3               	addwf	243,w,c
   509   000870  6ED9               	movwf	fsr2l,c
   510   000872  6ADA               	clrf	fsr2h,c
   511   000874  0E02               	movlw	2
   512   000876  26D9               	addwf	fsr2l,f,c
   513   000878  500D               	movf	bubble_sort@j^0,w,c
   514   00087A  0D02               	mullw	2
   515   00087C  5001               	movf	bubble_sort@arr^0,w,c
   516   00087E  24F3               	addwf	243,w,c
   517   000880  6EE1               	movwf	fsr1l,c
   518   000882  6AE2               	clrf	fsr1h,c
   519   000884  CFDE FFE6          	movff	postinc2,postinc1
   520   000888  CFDD FFE5          	movff	postdec2,postdec1
   521   00088C                     
   522                           ;asc.c: 30:                 *(arr + j + 1) = temp;
   523   00088C  500D               	movf	bubble_sort@j^0,w,c
   524   00088E  0D02               	mullw	2
   525   000890  5001               	movf	bubble_sort@arr^0,w,c
   526   000892  24F3               	addwf	243,w,c
   527   000894  6ED9               	movwf	fsr2l,c
   528   000896  6ADA               	clrf	fsr2h,c
   529   000898  0E02               	movlw	2
   530   00089A  26D9               	addwf	fsr2l,f,c
   531   00089C  C009  FFDE         	movff	bubble_sort@temp,postinc2
   532   0008A0  C00A  FFDD         	movff	bubble_sort@temp+1,postdec2
   533   0008A4                     l733:
   534                           
   535                           ;asc.c: 32:         }
   536   0008A4  4A0D               	infsnz	bubble_sort@j^0,f,c
   537   0008A6  2A0E               	incf	(bubble_sort@j+1)^0,f,c
   538   0008A8                     l735:
   539   0008A8  500B               	movf	bubble_sort@i^0,w,c
   540   0008AA  5C02               	subwf	bubble_sort@size^0,w,c
   541   0008AC  6E04               	movwf	??_bubble_sort^0,c
   542   0008AE  500C               	movf	(bubble_sort@i+1)^0,w,c
   543   0008B0  5803               	subwfb	(bubble_sort@size+1)^0,w,c
   544   0008B2  6E05               	movwf	(??_bubble_sort+1)^0,c
   545   0008B4  0EFF               	movlw	255
   546   0008B6  2404               	addwf	??_bubble_sort^0,w,c
   547   0008B8  6E06               	movwf	(??_bubble_sort+2)^0,c
   548   0008BA  0EFF               	movlw	255
   549   0008BC  2005               	addwfc	(??_bubble_sort+1)^0,w,c
   550   0008BE  6E07               	movwf	(??_bubble_sort+3)^0,c
   551   0008C0  5006               	movf	(??_bubble_sort+2)^0,w,c
   552   0008C2  5C0D               	subwf	bubble_sort@j^0,w,c
   553   0008C4  500E               	movf	(bubble_sort@j+1)^0,w,c
   554   0008C6  0A80               	xorlw	128
   555   0008C8  6E08               	movwf	(??_bubble_sort+4)^0,c
   556   0008CA  5007               	movf	(??_bubble_sort+3)^0,w,c
   557   0008CC  0A80               	xorlw	128
   558   0008CE  5808               	subwfb	(??_bubble_sort+4)^0,w,c
   559   0008D0  A0D8               	btfss	status,0,c
   560   0008D2  EF6D  F004         	goto	u61
   561   0008D6  EF6F  F004         	goto	u60
   562   0008DA                     u61:
   563   0008DA  EF0D  F004         	goto	l725
   564   0008DE                     u60:
   565   0008DE                     
   566                           ;asc.c: 33:     }
   567   0008DE  4A0B               	infsnz	bubble_sort@i^0,f,c
   568   0008E0  2A0C               	incf	(bubble_sort@i+1)^0,f,c
   569   0008E2                     l739:
   570   0008E2  0EFF               	movlw	255
   571   0008E4  2402               	addwf	bubble_sort@size^0,w,c
   572   0008E6  6E04               	movwf	??_bubble_sort^0,c
   573   0008E8  0EFF               	movlw	255
   574   0008EA  2003               	addwfc	(bubble_sort@size+1)^0,w,c
   575   0008EC  6E05               	movwf	(??_bubble_sort+1)^0,c
   576   0008EE  5004               	movf	??_bubble_sort^0,w,c
   577   0008F0  5C0B               	subwf	bubble_sort@i^0,w,c
   578   0008F2  500C               	movf	(bubble_sort@i+1)^0,w,c
   579   0008F4  0A80               	xorlw	128
   580   0008F6  6E06               	movwf	(??_bubble_sort+2)^0,c
   581   0008F8  5005               	movf	(??_bubble_sort+1)^0,w,c
   582   0008FA  0A80               	xorlw	128
   583   0008FC  5806               	subwfb	(??_bubble_sort+2)^0,w,c
   584   0008FE  A0D8               	btfss	status,0,c
   585   000900  EF84  F004         	goto	u71
   586   000904  EF86  F004         	goto	u70
   587   000908                     u71:
   588   000908  EF07  F004         	goto	l723
   589   00090C                     u70:
   590   00090C  0012               	return		;funcret
   591   00090E                     __end_of_bubble_sort:
   592                           	callstack 0
   593                           
   594                           	psect	smallconst
   595   000800                     __psmallconst:
   596                           	callstack 0
   597   000800  00                 	db	0
   598   000801  00                 	db	0	; dummy byte at the end
   599   000800                     __smallconst    set	__psmallconst
   600   000800                     __mediumconst   set	__psmallconst
   601   000000                     __activetblptr  equ	0
   602                           
   603                           	psect	rparam
   604   000001                     ___rparam_used  equ	1
   605   000000                     ___param_bank   equ	0
   606   000000                     __Lparam        equ	__Lrparam
   607   000000                     __Hparam        equ	__Hrparam
   608                           tosu	equ	0xFFF
   609                           tosh	equ	0xFFE
   610                           tosl	equ	0xFFD
   611                           stkptr	equ	0xFFC
   612                           pclatu	equ	0xFFB
   613                           pclath	equ	0xFFA
   614                           pcl	equ	0xFF9
   615                           tblptru	equ	0xFF8
   616                           tblptrh	equ	0xFF7
   617                           tblptrl	equ	0xFF6
   618                           tablat	equ	0xFF5
   619                           prodh	equ	0xFF4
   620                           prodl	equ	0xFF3
   621                           indf0	equ	0xFEF
   622                           postinc0	equ	0xFEE
   623                           postdec0	equ	0xFED
   624                           preinc0	equ	0xFEC
   625                           plusw0	equ	0xFEB
   626                           fsr0h	equ	0xFEA
   627                           fsr0l	equ	0xFE9
   628                           wreg	equ	0xFE8
   629                           indf1	equ	0xFE7
   630                           postinc1	equ	0xFE6
   631                           postdec1	equ	0xFE5
   632                           preinc1	equ	0xFE4
   633                           plusw1	equ	0xFE3
   634                           fsr1h	equ	0xFE2
   635                           fsr1l	equ	0xFE1
   636                           bsr	equ	0xFE0
   637                           indf2	equ	0xFDF
   638                           postinc2	equ	0xFDE
   639                           postdec2	equ	0xFDD
   640                           preinc2	equ	0xFDC
   641                           plusw2	equ	0xFDB
   642                           fsr2h	equ	0xFDA
   643                           fsr2l	equ	0xFD9
   644                           status	equ	0xFD8

Data Sizes:
    Strings     0
    Constant    0
    Data        10
    BSS         0
    Persistent  0
    Stack       0

Auto Spaces:
    Space          Size  Autos    Used
    COMRAM           95     24      34
    BANK0           160      0       0
    BANK1           256      0       0
    BANK2           256      0       0
    BANK3           256      0       0
    BANK4           256      0       0
    BANK5           256      0       0
    BANK6           256      0       0
    BANK7           256      0       0

Pointer List with Targets:

    bubble_sort@arr	PTR int  size(1) Largest target is 10
		 -> main@arr(COMRAM[10]), 


Critical Paths under _main in COMRAM

    _main->_bubble_sort

Critical Paths under _main in BANK0

    None.

Critical Paths under _main in BANK1

    None.

Critical Paths under _main in BANK2

    None.

Critical Paths under _main in BANK3

    None.

Critical Paths under _main in BANK4

    None.

Critical Paths under _main in BANK5

    None.

Critical Paths under _main in BANK6

    None.

Critical Paths under _main in BANK7

    None.

Call Graph Tables:

 ---------------------------------------------------------------------------------
 (Depth) Function   	        Calls       Base Space   Used Autos Params    Refs
 ---------------------------------------------------------------------------------
 (0) _main                                                10    10      0     434
                                             14 COMRAM    10    10      0
                        _bubble_sort
 ---------------------------------------------------------------------------------
 (1) _bubble_sort                                         14    11      3     403
                                              0 COMRAM    14    11      3
 ---------------------------------------------------------------------------------
 Estimated maximum stack depth 1
 ---------------------------------------------------------------------------------

 Call Graph Graphs:

 _main (ROOT)
   _bubble_sort

Address spaces:
Name               Size   Autos  Total    Usage
BIGRAM            2047      0       0      0.0%
BITBANK7           256      0       0      0.0%
BANK7              256      0       0      0.0%
BITBANK6           256      0       0      0.0%
BANK6              256      0       0      0.0%
BITBANK5           256      0       0      0.0%
BANK5              256      0       0      0.0%
BITBANK4           256      0       0      0.0%
BANK4              256      0       0      0.0%
BITBANK3           256      0       0      0.0%
BANK3              256      0       0      0.0%
BITBANK2           256      0       0      0.0%
BANK2              256      0       0      0.0%
BITBANK1           256      0       0      0.0%
BANK1              256      0       0      0.0%
BITBIGSFR          160      0       0      0.0%
BITBANK0           160      0       0      0.0%
BANK0              160      0       0      0.0%
BITCOMRAM           95      0       0      0.0%
COMRAM              95     24      34     35.8%
STACK                0      0       0      0.0%
DATA                 0      0      34      0.0%


Microchip Technology PIC18 Macro Assembler V3.00 build 20241204225717 
Symbol Table                                                                                   Wed Apr 30 16:15:10 2025

                      l9 0956                       l19 090C                       u50 0854  
                     u51 0850                       u60 08DE                       u61 08DA  
                     u70 090C                       u71 0908                       u81 093E  
                    l721 0802                      l731 088C                      l723 080E  
                    l733 08A4                      l725 081A                      l741 0934  
                    l727 0854                      l735 08A8                      l743 0946  
                    l737 08DE                      l729 0868                      l739 08E2  
                    wreg 0FE8                     _main 0934                     fsr1h 0FE2  
                   fsr2h 0FDA                     fsr1l 0FE1                     fsr2l 0FD9  
                   prodl 0FF3                     start 7FFC             ___param_bank 0000  
                  ?_main 0001                    tablat 0FF5                    plusw1 0FE3  
                  plusw2 0FDB                    status 0FD8          __initialization 090E  
           __end_of_main 095A                   ??_main 000F            __activetblptr 0000  
                 isa$std 0001             __pdataCOMRAM 0019             __mediumconst 0800  
                 tblptrh 0FF7                   tblptrl 0FF6                   tblptru 0FF8  
             __accesstop 0060  __end_of__initialization 092E            ___rparam_used 0001  
         __pcstackCOMRAM 0001                  __Hparam 0000                  __Lparam 0000  
           __psmallconst 0800                  __pcinit 090E                  __ramtop 0800  
                __ptext0 0934                  __ptext1 0802                  main@arr 000F  
   end_of_initialization 092E                  postdec1 0FE5                  postdec2 0FDD  
                postinc0 0FEE                  postinc1 0FE6                  postinc2 0FDE  
          ??_bubble_sort 0004            __pidataCOMRAM 095A      start_initialization 090E  
    __end_of_bubble_sort 090E              __smallconst 0800              _bubble_sort 0802  
              main@F3668 0019                copy_data0 0922                 __Hrparam 0000  
        bubble_sort@temp 0009          bubble_sort@size 0002                 __Lrparam 0000  
               isa$xinst 0000           bubble_sort@arr 0001             bubble_sort@i 000B  
           bubble_sort@j 000D             ?_bubble_sort 0001  
