

Microchip MPLAB XC8 Assembler V3.00 build 20241204225717 
                                                                                               Thu May 01 17:14:11 2025

Microchip MPLAB XC8 C Compiler v3.00 (Free license) build 20241204225717 Og1 
     1                           	processor	18F4550
     2                           	fnconf	rparam,??,?,0
     3                           	pagewidth 120
     4                           	opt	flic
     5                           	psect	cinit,global,reloc=2,class=CODE,space=0,delta=1
     6                           	psect	cstackCOMRAM,global,class=COMRAM,space=1,delta=1,lowdata,noexec
     7                           	psect	text0,global,reloc=2,class=CODE,space=0,delta=1
     8                           	psect	smallconst,global,reloc=2,class=SMALLCONST,space=0,delta=1,noexec
     9                           	psect	intsave_regs,global,class=BIGRAM,space=1,delta=1,noexec
    10                           	psect	rparam,global,class=COMRAM,space=1,delta=1,noexec
    11                           	psect	config,global,abs,ovrld,class=CONFIG,space=4,delta=1,noexec
    12   000000                     
    13                           ; Generated 17/01/2025 GMT
    14                           ; 
    15                           ; Copyright © 2025, Microchip Technology Inc. and its subsidiaries ("Microchip")
    16                           ; All rights reserved.
    17                           ; 
    18                           ; This software is developed by Microchip Technology Inc. and its subsidiaries ("Microch
      +                          ip").
    19                           ; 
    20                           ; Redistribution and use in source and binary forms, with or without modification, are
    21                           ; permitted provided that the following conditions are met:
    22                           ; 
    23                           ;     1. Redistributions of source code must retain the above copyright notice, this lis
      +                          t of
    24                           ;        conditions and the following disclaimer.
    25                           ; 
    26                           ;     2. Redistributions in binary form must reproduce the above copyright notice, this 
      +                          list
    27                           ;        of conditions and the following disclaimer in the documentation and/or other
    28                           ;        materials provided with the distribution. Publication is not required when
    29                           ;        this file is used in an embedded application.
    30                           ; 
    31                           ;     3. Microchip's name may not be used to endorse or promote products derived from th
      +                          is
    32                           ;        software without specific prior written permission.
    33                           ; 
    34                           ; THIS SOFTWARE IS PROVIDED BY MICROCHIP "AS IS" AND ANY EXPRESS OR IMPLIED WARRANTIES,
    35                           ; INCLUDING, BUT NOT LIMITED TO, THE IMPLIED WARRANTIES OF MERCHANTABILITY AND FITNESS F
      +                          OR
    36                           ; PURPOSE ARE DISCLAIMED.  IN NO EVENT SHALL MICROCHIP BE LIABLE FOR ANY DIRECT, INDIREC
      +                          T,
    37                           ; INCIDENTAL, SPECIAL, EXEMPLARY, OR CONSEQUENTIAL DAMAGES (INCLUDING BUT NOT LIMITED TO
    38                           ; PROCUREMENT OF SUBSTITUTE GOODS OR SERVICES; LOSS OF USE, DATA OR PROFITS; OR BUSINESS
    39                           ; INTERRUPTION) HOWSOEVER CAUSED AND ON ANY THEORY OF LIABILITY, WHETHER IN CONTRACT, ST
      +                          RICT
    40                           ; LIABILITY, OR TORT (INCLUDING NEGLIGENCE OR OTHERWISE) ARISING IN ANY WAY OUT OF THE U
      +                          SE OF
    41                           ; THIS SOFTWARE, EVEN IF ADVISED OF THE POSSIBILITY OF SUCH DAMAGE.
    42                           ; 
    43                           ; 
    44                           ; Code-generator required, PIC18F4550 Definitions
    45                           ; 
    46                           ; SFR Addresses
    47   000FE0                     bsr             equ	4064
    48   000FE9                     fsr0            equ	4073
    49   000FEA                     fsr0h           equ	4074
    50   000FE9                     fsr0l           equ	4073
    51   000FE1                     fsr1            equ	4065
    52   000FE2                     fsr1h           equ	4066
    53   000FE1                     fsr1l           equ	4065
    54   000FD9                     fsr2            equ	4057
    55   000FDA                     fsr2h           equ	4058
    56   000FD9                     fsr2l           equ	4057
    57   000FEF                     indf0           equ	4079
    58   000FE7                     indf1           equ	4071
    59   000FDF                     indf2           equ	4063
    60   000FF2                     intcon          equ	4082
    61   000000                     nvmcon          equ	0
    62   000FF9                     pcl             equ	4089
    63   000FFA                     pclath          equ	4090
    64   000FFB                     pclatu          equ	4091
    65   000FEB                     plusw0          equ	4075
    66   000FE3                     plusw1          equ	4067
    67   000FDB                     plusw2          equ	4059
    68   000FED                     postdec0        equ	4077
    69   000FE5                     postdec1        equ	4069
    70   000FDD                     postdec2        equ	4061
    71   000FEE                     postinc0        equ	4078
    72   000FE6                     postinc1        equ	4070
    73   000FDE                     postinc2        equ	4062
    74   000FEC                     preinc0         equ	4076
    75   000FE4                     preinc1         equ	4068
    76   000FDC                     preinc2         equ	4060
    77   000FF3                     prod            equ	4083
    78   000FF4                     prodh           equ	4084
    79   000FF3                     prodl           equ	4083
    80   000FD8                     status          equ	4056
    81   000FF5                     tablat          equ	4085
    82   000FF6                     tblptr          equ	4086
    83   000FF7                     tblptrh         equ	4087
    84   000FF6                     tblptrl         equ	4086
    85   000FF8                     tblptru         equ	4088
    86   000FFD                     tosl            equ	4093
    87   000FE8                     wreg            equ	4072
    88   000F62                     SPPDATA         equ	3938	;# 
    89   000F63                     SPPCFG          equ	3939	;# 
    90   000F64                     SPPEPS          equ	3940	;# 
    91   000F65                     SPPCON          equ	3941	;# 
    92   000F66                     UFRM            equ	3942	;# 
    93   000F66                     UFRML           equ	3942	;# 
    94   000F67                     UFRMH           equ	3943	;# 
    95   000F68                     UIR             equ	3944	;# 
    96   000F69                     UIE             equ	3945	;# 
    97   000F6A                     UEIR            equ	3946	;# 
    98   000F6B                     UEIE            equ	3947	;# 
    99   000F6C                     USTAT           equ	3948	;# 
   100   000F6D                     UCON            equ	3949	;# 
   101   000F6E                     UADDR           equ	3950	;# 
   102   000F6F                     UCFG            equ	3951	;# 
   103   000F70                     UEP0            equ	3952	;# 
   104   000F71                     UEP1            equ	3953	;# 
   105   000F72                     UEP2            equ	3954	;# 
   106   000F73                     UEP3            equ	3955	;# 
   107   000F74                     UEP4            equ	3956	;# 
   108   000F75                     UEP5            equ	3957	;# 
   109   000F76                     UEP6            equ	3958	;# 
   110   000F77                     UEP7            equ	3959	;# 
   111   000F78                     UEP8            equ	3960	;# 
   112   000F79                     UEP9            equ	3961	;# 
   113   000F7A                     UEP10           equ	3962	;# 
   114   000F7B                     UEP11           equ	3963	;# 
   115   000F7C                     UEP12           equ	3964	;# 
   116   000F7D                     UEP13           equ	3965	;# 
   117   000F7E                     UEP14           equ	3966	;# 
   118   000F7F                     UEP15           equ	3967	;# 
   119   000F80                     PORTA           equ	3968	;# 
   120   000F81                     PORTB           equ	3969	;# 
   121   000F82                     PORTC           equ	3970	;# 
   122   000F83                     PORTD           equ	3971	;# 
   123   000F84                     PORTE           equ	3972	;# 
   124   000F89                     LATA            equ	3977	;# 
   125   000F8A                     LATB            equ	3978	;# 
   126   000F8B                     LATC            equ	3979	;# 
   127   000F8C                     LATD            equ	3980	;# 
   128   000F8D                     LATE            equ	3981	;# 
   129   000F92                     TRISA           equ	3986	;# 
   130   000F92                     DDRA            equ	3986	;# 
   131   000F93                     TRISB           equ	3987	;# 
   132   000F93                     DDRB            equ	3987	;# 
   133   000F94                     TRISC           equ	3988	;# 
   134   000F94                     DDRC            equ	3988	;# 
   135   000F95                     TRISD           equ	3989	;# 
   136   000F95                     DDRD            equ	3989	;# 
   137   000F96                     TRISE           equ	3990	;# 
   138   000F96                     DDRE            equ	3990	;# 
   139   000F9B                     OSCTUNE         equ	3995	;# 
   140   000F9D                     PIE1            equ	3997	;# 
   141   000F9E                     PIR1            equ	3998	;# 
   142   000F9F                     IPR1            equ	3999	;# 
   143   000FA0                     PIE2            equ	4000	;# 
   144   000FA1                     PIR2            equ	4001	;# 
   145   000FA2                     IPR2            equ	4002	;# 
   146   000FA6                     EECON1          equ	4006	;# 
   147   000FA7                     EECON2          equ	4007	;# 
   148   000FA8                     EEDATA          equ	4008	;# 
   149   000FA9                     EEADR           equ	4009	;# 
   150   000FAB                     RCSTA           equ	4011	;# 
   151   000FAB                     RCSTA1          equ	4011	;# 
   152   000FAC                     TXSTA           equ	4012	;# 
   153   000FAC                     TXSTA1          equ	4012	;# 
   154   000FAD                     TXREG           equ	4013	;# 
   155   000FAD                     TXREG1          equ	4013	;# 
   156   000FAE                     RCREG           equ	4014	;# 
   157   000FAE                     RCREG1          equ	4014	;# 
   158   000FAF                     SPBRG           equ	4015	;# 
   159   000FAF                     SPBRG1          equ	4015	;# 
   160   000FB0                     SPBRGH          equ	4016	;# 
   161   000FB1                     T3CON           equ	4017	;# 
   162   000FB2                     TMR3            equ	4018	;# 
   163   000FB2                     TMR3L           equ	4018	;# 
   164   000FB3                     TMR3H           equ	4019	;# 
   165   000FB4                     CMCON           equ	4020	;# 
   166   000FB5                     CVRCON          equ	4021	;# 
   167   000FB6                     ECCP1AS         equ	4022	;# 
   168   000FB6                     CCP1AS          equ	4022	;# 
   169   000FB7                     ECCP1DEL        equ	4023	;# 
   170   000FB7                     CCP1DEL         equ	4023	;# 
   171   000FB8                     BAUDCON         equ	4024	;# 
   172   000FB8                     BAUDCTL         equ	4024	;# 
   173   000FBA                     CCP2CON         equ	4026	;# 
   174   000FBB                     CCPR2           equ	4027	;# 
   175   000FBB                     CCPR2L          equ	4027	;# 
   176   000FBC                     CCPR2H          equ	4028	;# 
   177   000FBD                     CCP1CON         equ	4029	;# 
   178   000FBD                     ECCP1CON        equ	4029	;# 
   179   000FBE                     CCPR1           equ	4030	;# 
   180   000FBE                     CCPR1L          equ	4030	;# 
   181   000FBF                     CCPR1H          equ	4031	;# 
   182   000FC0                     ADCON2          equ	4032	;# 
   183   000FC1                     ADCON1          equ	4033	;# 
   184   000FC2                     ADCON0          equ	4034	;# 
   185   000FC3                     ADRES           equ	4035	;# 
   186   000FC3                     ADRESL          equ	4035	;# 
   187   000FC4                     ADRESH          equ	4036	;# 
   188   000FC5                     SSPCON2         equ	4037	;# 
   189   000FC6                     SSPCON1         equ	4038	;# 
   190   000FC7                     SSPSTAT         equ	4039	;# 
   191   000FC8                     SSPADD          equ	4040	;# 
   192   000FC9                     SSPBUF          equ	4041	;# 
   193   000FCA                     T2CON           equ	4042	;# 
   194   000FCB                     PR2             equ	4043	;# 
   195   000FCB                     MEMCON          equ	4043	;# 
   196   000FCC                     TMR2            equ	4044	;# 
   197   000FCD                     T1CON           equ	4045	;# 
   198   000FCE                     TMR1            equ	4046	;# 
   199   000FCE                     TMR1L           equ	4046	;# 
   200   000FCF                     TMR1H           equ	4047	;# 
   201   000FD0                     RCON            equ	4048	;# 
   202   000FD1                     WDTCON          equ	4049	;# 
   203   000FD2                     HLVDCON         equ	4050	;# 
   204   000FD2                     LVDCON          equ	4050	;# 
   205   000FD3                     OSCCON          equ	4051	;# 
   206   000FD5                     T0CON           equ	4053	;# 
   207   000FD6                     TMR0            equ	4054	;# 
   208   000FD6                     TMR0L           equ	4054	;# 
   209   000FD7                     TMR0H           equ	4055	;# 
   210   000FD8                     STATUS          equ	4056	;# 
   211   000FD9                     FSR2            equ	4057	;# 
   212   000FD9                     FSR2L           equ	4057	;# 
   213   000FDA                     FSR2H           equ	4058	;# 
   214   000FDB                     PLUSW2          equ	4059	;# 
   215   000FDC                     PREINC2         equ	4060	;# 
   216   000FDD                     POSTDEC2        equ	4061	;# 
   217   000FDE                     POSTINC2        equ	4062	;# 
   218   000FDF                     INDF2           equ	4063	;# 
   219   000FE0                     BSR             equ	4064	;# 
   220   000FE1                     FSR1            equ	4065	;# 
   221   000FE1                     FSR1L           equ	4065	;# 
   222   000FE2                     FSR1H           equ	4066	;# 
   223   000FE3                     PLUSW1          equ	4067	;# 
   224   000FE4                     PREINC1         equ	4068	;# 
   225   000FE5                     POSTDEC1        equ	4069	;# 
   226   000FE6                     POSTINC1        equ	4070	;# 
   227   000FE7                     INDF1           equ	4071	;# 
   228   000FE8                     WREG            equ	4072	;# 
   229   000FE9                     FSR0            equ	4073	;# 
   230   000FE9                     FSR0L           equ	4073	;# 
   231   000FEA                     FSR0H           equ	4074	;# 
   232   000FEB                     PLUSW0          equ	4075	;# 
   233   000FEC                     PREINC0         equ	4076	;# 
   234   000FED                     POSTDEC0        equ	4077	;# 
   235   000FEE                     POSTINC0        equ	4078	;# 
   236   000FEF                     INDF0           equ	4079	;# 
   237   000FF0                     INTCON3         equ	4080	;# 
   238   000FF1                     INTCON2         equ	4081	;# 
   239   000FF2                     INTCON          equ	4082	;# 
   240   000FF3                     PROD            equ	4083	;# 
   241   000FF3                     PRODL           equ	4083	;# 
   242   000FF4                     PRODH           equ	4084	;# 
   243   000FF5                     TABLAT          equ	4085	;# 
   244   000FF6                     TBLPTR          equ	4086	;# 
   245   000FF6                     TBLPTRL         equ	4086	;# 
   246   000FF7                     TBLPTRH         equ	4087	;# 
   247   000FF8                     TBLPTRU         equ	4088	;# 
   248   000FF9                     PCLAT           equ	4089	;# 
   249   000FF9                     PC              equ	4089	;# 
   250   000FF9                     PCL             equ	4089	;# 
   251   000FFA                     PCLATH          equ	4090	;# 
   252   000FFB                     PCLATU          equ	4091	;# 
   253   000FFC                     STKPTR          equ	4092	;# 
   254   000FFD                     TOS             equ	4093	;# 
   255   000FFD                     TOSL            equ	4093	;# 
   256   000FFE                     TOSH            equ	4094	;# 
   257   000FFF                     TOSU            equ	4095	;# 
   258   000F8A                     _LATBbits       set	3978
   259   000F93                     _TRISBbits      set	3987
   260                           
   261                           ; #config settings
   262                           
   263                           	psect	cinit
   264   00083E                     __pcinit:
   265                           	callstack 0
   266   00083E                     start_initialization:
   267                           	callstack 0
   268   00083E                     __initialization:
   269                           	callstack 0
   270   00083E                     end_of_initialization:
   271                           	callstack 0
   272   00083E                     __end_of__initialization:
   273                           	callstack 0
   274   00083E  0100               	movlb	0
   275   000840  EF01  F004         	goto	_main	;jump to C main() function
   276                           
   277                           	psect	cstackCOMRAM
   278   000001                     __pcstackCOMRAM:
   279                           	callstack 0
   280   000001                     ??_main:
   281                           
   282                           ; 1 bytes @ 0x0
   283   000001                     	ds	1
   284                           
   285 ;;
   286 ;;Main: autosize = 0, tempsize = 1, incstack = 0, save=0
   287 ;;
   288 ;; *************** function _main *****************
   289 ;; Defined at:
   290 ;;		line 16 in file "blink.c"
   291 ;; Parameters:    Size  Location     Type
   292 ;;		None
   293 ;; Auto vars:     Size  Location     Type
   294 ;;		None
   295 ;; Return value:  Size  Location     Type
   296 ;;                  1    wreg      void 
   297 ;; Registers used:
   298 ;;		wreg, status,2, status,0
   299 ;; Tracked objects:
   300 ;;		On entry : 0/0
   301 ;;		On exit  : 0/0
   302 ;;		Unchanged: 0/0
   303 ;; Data sizes:     COMRAM   BANK0   BANK1   BANK2   BANK3   BANK4   BANK5   BANK6   BANK7
   304 ;;      Params:         0       0       0       0       0       0       0       0       0
   305 ;;      Locals:         0       0       0       0       0       0       0       0       0
   306 ;;      Temps:          1       0       0       0       0       0       0       0       0
   307 ;;      Totals:         1       0       0       0       0       0       0       0       0
   308 ;;Total ram usage:        1 bytes
   309 ;; This function calls:
   310 ;;		Nothing
   311 ;; This function is called by:
   312 ;;		Startup code after reset
   313 ;; This function uses a non-reentrant model
   314 ;;
   315                           
   316                           	psect	text0
   317   000802                     __ptext0:
   318                           	callstack 0
   319   000802                     _main:
   320                           	callstack 31
   321   000802                     
   322                           ;blink.c: 17:     TRISBbits.TRISB0 = 0;
   323   000802  9093               	bcf	147,0,c	;volatile
   324                           
   325                           ;blink.c: 18:     LATBbits.LATB0 = 0;
   326   000804  908A               	bcf	138,0,c	;volatile
   327   000806                     l692:
   328                           
   329                           ;blink.c: 29:         LATBbits.LATB0 = ~LATBbits.LATB0;
   330   000806  B08A               	btfsc	138,0,c	;volatile
   331   000808  EF08  F004         	goto	u11
   332   00080C  EF0B  F004         	goto	u10
   333   000810                     u11:
   334   000810  0E01               	movlw	1
   335   000812  EF0C  F004         	goto	u16
   336   000816                     u10:
   337   000816  0E00               	movlw	0
   338   000818                     u16:
   339   000818  0AFF               	xorlw	255
   340   00081A  6E01               	movwf	??_main^0,c
   341   00081C  508A               	movf	138,w,c	;volatile
   342   00081E  1801               	xorwf	??_main^0,w,c
   343   000820  0BFE               	andlw	-2
   344   000822  1801               	xorwf	??_main^0,w,c
   345   000824  6E8A               	movwf	138,c	;volatile
   346   000826                     
   347                           ;blink.c: 30:         _delay((unsigned long)((500)*(1000000/4000.0)));
   348   000826  0EA3               	movlw	163
   349   000828  6E01               	movwf	??_main^0,c
   350   00082A  0E55               	movlw	85
   351   00082C                     u27:
   352   00082C  2EE8               	decfsz	wreg,f,c
   353   00082E  D7FE               	bra	u27
   354   000830  2E01               	decfsz	??_main^0,f,c
   355   000832  D7FC               	bra	u27
   356   000834  0000               	nop	
   357   000836  EF03  F004         	goto	l692
   358   00083A  EFFE  F03F         	goto	start
   359   00083E                     __end_of_main:
   360                           	callstack 0
   361                           
   362                           	psect	smallconst
   363   000800                     __psmallconst:
   364                           	callstack 0
   365   000800  00                 	db	0
   366   000801  00                 	db	0	; dummy byte at the end
   367   000800                     __smallconst    set	__psmallconst
   368   000800                     __mediumconst   set	__psmallconst
   369   000000                     __activetblptr  equ	0
   370                           
   371                           	psect	rparam
   372   000001                     ___rparam_used  equ	1
   373   000000                     ___param_bank   equ	0
   374   000000                     __Lparam        equ	__Lrparam
   375   000000                     __Hparam        equ	__Hrparam
   376                           
   377                           	psect	config
   378                           
   379                           ;Config register CONFIG1L @ 0x300000
   380                           ;	unspecified, using default values
   381                           ;	PLL Prescaler Selection bits
   382                           ;	PLLDIV = 0x0, unprogrammed default
   383                           ;	System Clock Postscaler Selection bits
   384                           ;	CPUDIV = 0x0, unprogrammed default
   385                           ;	USB Clock Selection bit (used in Full-Speed USB mode only; UCFG:FSEN = 1)
   386                           ;	USBDIV = 0x0, unprogrammed default
   387   300000                     	org	3145728
   388   300000  00                 	db	0
   389                           
   390                           ;Config register CONFIG1H @ 0x300001
   391                           ;	Oscillator Selection bits
   392                           ;	FOSC = HS, HS oscillator (HS)
   393                           ;	Fail-Safe Clock Monitor Enable bit
   394                           ;	FCMEN = 0x0, unprogrammed default
   395                           ;	Internal/External Oscillator Switchover bit
   396                           ;	IESO = 0x0, unprogrammed default
   397   300001                     	org	3145729
   398   300001  0C                 	db	12
   399                           
   400                           ;Config register CONFIG2L @ 0x300002
   401                           ;	unspecified, using default values
   402                           ;	Power-up Timer Enable bit
   403                           ;	PWRT = 0x1, unprogrammed default
   404                           ;	Brown-out Reset Enable bits
   405                           ;	BOR = 0x3, unprogrammed default
   406                           ;	Brown-out Reset Voltage bits
   407                           ;	BORV = 0x3, unprogrammed default
   408                           ;	USB Voltage Regulator Enable bit
   409                           ;	VREGEN = 0x0, unprogrammed default
   410   300002                     	org	3145730
   411   300002  1F                 	db	31
   412                           
   413                           ;Config register CONFIG2H @ 0x300003
   414                           ;	Watchdog Timer Enable bit
   415                           ;	WDT = OFF, WDT disabled (control is placed on the SWDTEN bit)
   416                           ;	Watchdog Timer Postscale Select bits
   417                           ;	WDTPS = 0xF, unprogrammed default
   418   300003                     	org	3145731
   419   300003  1E                 	db	30
   420                           
   421                           ; Padding undefined space
   422   300004                     	org	3145732
   423   300004  FF                 	db	255
   424                           
   425                           ;Config register CONFIG3H @ 0x300005
   426                           ;	CCP2 MUX bit
   427                           ;	CCP2MX = 0x1, unprogrammed default
   428                           ;	PORTB A/D Enable bit
   429                           ;	PBADEN = OFF, PORTB<4:0> pins are configured as digital I/O on Reset
   430                           ;	Low-Power Timer 1 Oscillator Enable bit
   431                           ;	LPT1OSC = 0x0, unprogrammed default
   432                           ;	MCLR Pin Enable bit
   433                           ;	MCLRE = 0x1, unprogrammed default
   434   300005                     	org	3145733
   435   300005  81                 	db	129
   436                           
   437                           ;Config register CONFIG4L @ 0x300006
   438                           ;	Stack Full/Underflow Reset Enable bit
   439                           ;	STVREN = 0x1, unprogrammed default
   440                           ;	Single-Supply ICSP Enable bit
   441                           ;	LVP = OFF, Single-Supply ICSP disabled
   442                           ;	Dedicated In-Circuit Debug/Programming Port (ICPORT) Enable bit
   443                           ;	ICPRT = 0x0, unprogrammed default
   444                           ;	Extended Instruction Set Enable bit
   445                           ;	XINST = 0x0, unprogrammed default
   446                           ;	Background Debugger Enable bit
   447                           ;	DEBUG = 0x1, unprogrammed default
   448   300006                     	org	3145734
   449   300006  81                 	db	129
   450                           
   451                           ; Padding undefined space
   452   300007                     	org	3145735
   453   300007  FF                 	db	255
   454                           tosu	equ	0xFFF
   455                           tosh	equ	0xFFE
   456                           tosl	equ	0xFFD
   457                           stkptr	equ	0xFFC
   458                           pclatu	equ	0xFFB
   459                           pclath	equ	0xFFA
   460                           pcl	equ	0xFF9
   461                           tblptru	equ	0xFF8
   462                           tblptrh	equ	0xFF7
   463                           tblptrl	equ	0xFF6
   464                           tablat	equ	0xFF5
   465                           prodh	equ	0xFF4
   466                           prodl	equ	0xFF3
   467                           indf0	equ	0xFEF
   468                           postinc0	equ	0xFEE
   469                           postdec0	equ	0xFED
   470                           preinc0	equ	0xFEC
   471                           plusw0	equ	0xFEB
   472                           fsr0h	equ	0xFEA
   473                           fsr0l	equ	0xFE9
   474                           wreg	equ	0xFE8
   475                           indf1	equ	0xFE7
   476                           postinc1	equ	0xFE6
   477                           postdec1	equ	0xFE5
   478                           preinc1	equ	0xFE4
   479                           plusw1	equ	0xFE3
   480                           fsr1h	equ	0xFE2
   481                           fsr1l	equ	0xFE1
   482                           bsr	equ	0xFE0
   483                           indf2	equ	0xFDF
   484                           postinc2	equ	0xFDE
   485                           postdec2	equ	0xFDD
   486                           preinc2	equ	0xFDC
   487                           plusw2	equ	0xFDB
   488                           fsr2h	equ	0xFDA
   489                           fsr2l	equ	0xFD9
   490                           status	equ	0xFD8

Data Sizes:
    Strings     0
    Constant    0
    Data        0
    BSS         0
    Persistent  0
    Stack       0

Auto Spaces:
    Space          Size  Autos    Used
    COMRAM           95      1       1
    BANK0           160      0       0
    BANK1           256      0       0
    BANK2           256      0       0
    BANK3           256      0       0
    BANK4           256      0       0
    BANK5           256      0       0
    BANK6           256      0       0
    BANK7           256      0       0

Pointer List with Targets:

    None.

Critical Paths under _main in COMRAM

    None.

Critical Paths under _main in BANK0

    None.

Critical Paths under _main in BANK1

    None.

Critical Paths under _main in BANK2

    None.

Critical Paths under _main in BANK3

    None.

Critical Paths under _main in BANK4

    None.

Critical Paths under _main in BANK5

    None.

Critical Paths under _main in BANK6

    None.

Critical Paths under _main in BANK7

    None.

Call Graph Tables:

 ---------------------------------------------------------------------------------
 (Depth) Function   	        Calls       Base Space   Used Autos Params    Refs
 ---------------------------------------------------------------------------------
 (0) _main                                                 1     1      0       0
                                              0 COMRAM     1     1      0
 ---------------------------------------------------------------------------------
 Estimated maximum stack depth 0
 ---------------------------------------------------------------------------------

 Call Graph Graphs:

 _main (ROOT)

Address spaces:
Name               Size   Autos  Total    Usage
BITCOMRAM           95      0       0      0.0%
BITBANK0           160      0       0      0.0%
BITBANK1           256      0       0      0.0%
BITBANK2           256      0       0      0.0%
BITBANK3           256      0       0      0.0%
BITBANK4           256      0       0      0.0%
BITBANK5           256      0       0      0.0%
BITBANK6           256      0       0      0.0%
BITBANK7           256      0       0      0.0%
BITBIGSFRh         108      0       0      0.0%
BITBIGSFRll         42      0       0      0.0%
BITBIGSFRlh          8      0       0      0.0%
COMRAM              95      1       1      1.1%
BANK0              160      0       0      0.0%
BANK1              256      0       0      0.0%
BANK2              256      0       0      0.0%
BANK3              256      0       0      0.0%
BANK4              256      0       0      0.0%
BANK5              256      0       0      0.0%
BANK6              256      0       0      0.0%
BANK7              256      0       0      0.0%
BIGRAM            2047      0       0      0.0%
STACK                0      0       0      0.0%
DATA                 0      0       1      0.0%


Microchip Technology PIC18 Macro Assembler V3.00 build 20241204225717 
Symbol Table                                                                                   Thu May 01 17:14:11 2025

                     u10 0816                       u11 0810                       u16 0818  
                     u27 082C                      l690 0802                      l692 0806  
                    l694 0826                      wreg 0FE8                     _main 0802  
                   start 7FFC             ___param_bank 0000                    ?_main 0001  
        __initialization 083E             __end_of_main 083E                   ??_main 0001  
          __activetblptr 0000                   isa$std 0001             __mediumconst 0800  
             __accesstop 0060  __end_of__initialization 083E            ___rparam_used 0001  
         __pcstackCOMRAM 0001                  __Hparam 0000                  __Lparam 0000  
           __psmallconst 0800                  __pcinit 083E                  __ramtop 0800  
                __ptext0 0802     end_of_initialization 083E                _TRISBbits 0F93  
    start_initialization 083E              __smallconst 0800                 _LATBbits 0F8A  
               __Hrparam 0000                 __Lrparam 0000                 isa$xinst 0000  
