

Microchip MPLAB XC8 Assembler V3.00 build 20241204225717 
                                                                                               Wed Apr 30 15:33:13 2025

Microchip MPLAB XC8 C Compiler v3.00 (Free license) build 20241204225717 Og1 
     1                           	processor	18F4550
     2                           	fnconf	rparam,??,?,0
     3                           	pagewidth 120
     4                           	opt	flic
     5                           	psect	idataCOMRAM,global,class=CODE,space=0,delta=1,noexec
     6                           	psect	cinit,global,reloc=2,class=CODE,space=0,delta=1
     7                           	psect	dataCOMRAM,global,class=COMRAM,space=1,delta=1,lowdata,noexec
     8                           	psect	cstackCOMRAM,global,class=COMRAM,space=1,delta=1,lowdata,noexec
     9                           	psect	text0,global,reloc=2,class=CODE,space=0,delta=1
    10                           	psect	smallconst,global,reloc=2,class=SMALLCONST,space=0,delta=1,noexec
    11                           	psect	intsave_regs,global,class=BIGRAM,space=1,delta=1,noexec
    12                           	psect	rparam,global,class=COMRAM,space=1,delta=1,noexec
    13   000000                     
    14                           ; Generated 17/01/2025 GMT
    15                           ; 
    16                           ; Copyright © 2025, Microchip Technology Inc. and its subsidiaries ("Microchip")
    17                           ; All rights reserved.
    18                           ; 
    19                           ; This software is developed by Microchip Technology Inc. and its subsidiaries ("Microch
      +                          ip").
    20                           ; 
    21                           ; Redistribution and use in source and binary forms, with or without modification, are
    22                           ; permitted provided that the following conditions are met:
    23                           ; 
    24                           ;     1. Redistributions of source code must retain the above copyright notice, this lis
      +                          t of
    25                           ;        conditions and the following disclaimer.
    26                           ; 
    27                           ;     2. Redistributions in binary form must reproduce the above copyright notice, this 
      +                          list
    28                           ;        of conditions and the following disclaimer in the documentation and/or other
    29                           ;        materials provided with the distribution. Publication is not required when
    30                           ;        this file is used in an embedded application.
    31                           ; 
    32                           ;     3. Microchip's name may not be used to endorse or promote products derived from th
      +                          is
    33                           ;        software without specific prior written permission.
    34                           ; 
    35                           ; THIS SOFTWARE IS PROVIDED BY MICROCHIP "AS IS" AND ANY EXPRESS OR IMPLIED WARRANTIES,
    36                           ; INCLUDING, BUT NOT LIMITED TO, THE IMPLIED WARRANTIES OF MERCHANTABILITY AND FITNESS F
      +                          OR
    37                           ; PURPOSE ARE DISCLAIMED.  IN NO EVENT SHALL MICROCHIP BE LIABLE FOR ANY DIRECT, INDIREC
      +                          T,
    38                           ; INCIDENTAL, SPECIAL, EXEMPLARY, OR CONSEQUENTIAL DAMAGES (INCLUDING BUT NOT LIMITED TO
    39                           ; PROCUREMENT OF SUBSTITUTE GOODS OR SERVICES; LOSS OF USE, DATA OR PROFITS; OR BUSINESS
    40                           ; INTERRUPTION) HOWSOEVER CAUSED AND ON ANY THEORY OF LIABILITY, WHETHER IN CONTRACT, ST
      +                          RICT
    41                           ; LIABILITY, OR TORT (INCLUDING NEGLIGENCE OR OTHERWISE) ARISING IN ANY WAY OUT OF THE U
      +                          SE OF
    42                           ; THIS SOFTWARE, EVEN IF ADVISED OF THE POSSIBILITY OF SUCH DAMAGE.
    43                           ; 
    44                           ; 
    45                           ; Code-generator required, PIC18F4550 Definitions
    46                           ; 
    47                           ; SFR Addresses
    48   000FE0                     bsr             equ	4064
    49   000FE9                     fsr0            equ	4073
    50   000FEA                     fsr0h           equ	4074
    51   000FE9                     fsr0l           equ	4073
    52   000FE1                     fsr1            equ	4065
    53   000FE2                     fsr1h           equ	4066
    54   000FE1                     fsr1l           equ	4065
    55   000FD9                     fsr2            equ	4057
    56   000FDA                     fsr2h           equ	4058
    57   000FD9                     fsr2l           equ	4057
    58   000FEF                     indf0           equ	4079
    59   000FE7                     indf1           equ	4071
    60   000FDF                     indf2           equ	4063
    61   000FF2                     intcon          equ	4082
    62   000000                     nvmcon          equ	0
    63   000FF9                     pcl             equ	4089
    64   000FFA                     pclath          equ	4090
    65   000FFB                     pclatu          equ	4091
    66   000FEB                     plusw0          equ	4075
    67   000FE3                     plusw1          equ	4067
    68   000FDB                     plusw2          equ	4059
    69   000FED                     postdec0        equ	4077
    70   000FE5                     postdec1        equ	4069
    71   000FDD                     postdec2        equ	4061
    72   000FEE                     postinc0        equ	4078
    73   000FE6                     postinc1        equ	4070
    74   000FDE                     postinc2        equ	4062
    75   000FEC                     preinc0         equ	4076
    76   000FE4                     preinc1         equ	4068
    77   000FDC                     preinc2         equ	4060
    78   000FF3                     prod            equ	4083
    79   000FF4                     prodh           equ	4084
    80   000FF3                     prodl           equ	4083
    81   000FD8                     status          equ	4056
    82   000FF5                     tablat          equ	4085
    83   000FF6                     tblptr          equ	4086
    84   000FF7                     tblptrh         equ	4087
    85   000FF6                     tblptrl         equ	4086
    86   000FF8                     tblptru         equ	4088
    87   000FFD                     tosl            equ	4093
    88   000FE8                     wreg            equ	4072
    89   000F62                     SPPDATA         equ	3938	;# 
    90   000F63                     SPPCFG          equ	3939	;# 
    91   000F64                     SPPEPS          equ	3940	;# 
    92   000F65                     SPPCON          equ	3941	;# 
    93   000F66                     UFRM            equ	3942	;# 
    94   000F66                     UFRML           equ	3942	;# 
    95   000F67                     UFRMH           equ	3943	;# 
    96   000F68                     UIR             equ	3944	;# 
    97   000F69                     UIE             equ	3945	;# 
    98   000F6A                     UEIR            equ	3946	;# 
    99   000F6B                     UEIE            equ	3947	;# 
   100   000F6C                     USTAT           equ	3948	;# 
   101   000F6D                     UCON            equ	3949	;# 
   102   000F6E                     UADDR           equ	3950	;# 
   103   000F6F                     UCFG            equ	3951	;# 
   104   000F70                     UEP0            equ	3952	;# 
   105   000F71                     UEP1            equ	3953	;# 
   106   000F72                     UEP2            equ	3954	;# 
   107   000F73                     UEP3            equ	3955	;# 
   108   000F74                     UEP4            equ	3956	;# 
   109   000F75                     UEP5            equ	3957	;# 
   110   000F76                     UEP6            equ	3958	;# 
   111   000F77                     UEP7            equ	3959	;# 
   112   000F78                     UEP8            equ	3960	;# 
   113   000F79                     UEP9            equ	3961	;# 
   114   000F7A                     UEP10           equ	3962	;# 
   115   000F7B                     UEP11           equ	3963	;# 
   116   000F7C                     UEP12           equ	3964	;# 
   117   000F7D                     UEP13           equ	3965	;# 
   118   000F7E                     UEP14           equ	3966	;# 
   119   000F7F                     UEP15           equ	3967	;# 
   120   000F80                     PORTA           equ	3968	;# 
   121   000F81                     PORTB           equ	3969	;# 
   122   000F82                     PORTC           equ	3970	;# 
   123   000F83                     PORTD           equ	3971	;# 
   124   000F84                     PORTE           equ	3972	;# 
   125   000F89                     LATA            equ	3977	;# 
   126   000F8A                     LATB            equ	3978	;# 
   127   000F8B                     LATC            equ	3979	;# 
   128   000F8C                     LATD            equ	3980	;# 
   129   000F8D                     LATE            equ	3981	;# 
   130   000F92                     TRISA           equ	3986	;# 
   131   000F92                     DDRA            equ	3986	;# 
   132   000F93                     TRISB           equ	3987	;# 
   133   000F93                     DDRB            equ	3987	;# 
   134   000F94                     TRISC           equ	3988	;# 
   135   000F94                     DDRC            equ	3988	;# 
   136   000F95                     TRISD           equ	3989	;# 
   137   000F95                     DDRD            equ	3989	;# 
   138   000F96                     TRISE           equ	3990	;# 
   139   000F96                     DDRE            equ	3990	;# 
   140   000F9B                     OSCTUNE         equ	3995	;# 
   141   000F9D                     PIE1            equ	3997	;# 
   142   000F9E                     PIR1            equ	3998	;# 
   143   000F9F                     IPR1            equ	3999	;# 
   144   000FA0                     PIE2            equ	4000	;# 
   145   000FA1                     PIR2            equ	4001	;# 
   146   000FA2                     IPR2            equ	4002	;# 
   147   000FA6                     EECON1          equ	4006	;# 
   148   000FA7                     EECON2          equ	4007	;# 
   149   000FA8                     EEDATA          equ	4008	;# 
   150   000FA9                     EEADR           equ	4009	;# 
   151   000FAB                     RCSTA           equ	4011	;# 
   152   000FAB                     RCSTA1          equ	4011	;# 
   153   000FAC                     TXSTA           equ	4012	;# 
   154   000FAC                     TXSTA1          equ	4012	;# 
   155   000FAD                     TXREG           equ	4013	;# 
   156   000FAD                     TXREG1          equ	4013	;# 
   157   000FAE                     RCREG           equ	4014	;# 
   158   000FAE                     RCREG1          equ	4014	;# 
   159   000FAF                     SPBRG           equ	4015	;# 
   160   000FAF                     SPBRG1          equ	4015	;# 
   161   000FB0                     SPBRGH          equ	4016	;# 
   162   000FB1                     T3CON           equ	4017	;# 
   163   000FB2                     TMR3            equ	4018	;# 
   164   000FB2                     TMR3L           equ	4018	;# 
   165   000FB3                     TMR3H           equ	4019	;# 
   166   000FB4                     CMCON           equ	4020	;# 
   167   000FB5                     CVRCON          equ	4021	;# 
   168   000FB6                     ECCP1AS         equ	4022	;# 
   169   000FB6                     CCP1AS          equ	4022	;# 
   170   000FB7                     ECCP1DEL        equ	4023	;# 
   171   000FB7                     CCP1DEL         equ	4023	;# 
   172   000FB8                     BAUDCON         equ	4024	;# 
   173   000FB8                     BAUDCTL         equ	4024	;# 
   174   000FBA                     CCP2CON         equ	4026	;# 
   175   000FBB                     CCPR2           equ	4027	;# 
   176   000FBB                     CCPR2L          equ	4027	;# 
   177   000FBC                     CCPR2H          equ	4028	;# 
   178   000FBD                     CCP1CON         equ	4029	;# 
   179   000FBD                     ECCP1CON        equ	4029	;# 
   180   000FBE                     CCPR1           equ	4030	;# 
   181   000FBE                     CCPR1L          equ	4030	;# 
   182   000FBF                     CCPR1H          equ	4031	;# 
   183   000FC0                     ADCON2          equ	4032	;# 
   184   000FC1                     ADCON1          equ	4033	;# 
   185   000FC2                     ADCON0          equ	4034	;# 
   186   000FC3                     ADRES           equ	4035	;# 
   187   000FC3                     ADRESL          equ	4035	;# 
   188   000FC4                     ADRESH          equ	4036	;# 
   189   000FC5                     SSPCON2         equ	4037	;# 
   190   000FC6                     SSPCON1         equ	4038	;# 
   191   000FC7                     SSPSTAT         equ	4039	;# 
   192   000FC8                     SSPADD          equ	4040	;# 
   193   000FC9                     SSPBUF          equ	4041	;# 
   194   000FCA                     T2CON           equ	4042	;# 
   195   000FCB                     PR2             equ	4043	;# 
   196   000FCB                     MEMCON          equ	4043	;# 
   197   000FCC                     TMR2            equ	4044	;# 
   198   000FCD                     T1CON           equ	4045	;# 
   199   000FCE                     TMR1            equ	4046	;# 
   200   000FCE                     TMR1L           equ	4046	;# 
   201   000FCF                     TMR1H           equ	4047	;# 
   202   000FD0                     RCON            equ	4048	;# 
   203   000FD1                     WDTCON          equ	4049	;# 
   204   000FD2                     HLVDCON         equ	4050	;# 
   205   000FD2                     LVDCON          equ	4050	;# 
   206   000FD3                     OSCCON          equ	4051	;# 
   207   000FD5                     T0CON           equ	4053	;# 
   208   000FD6                     TMR0            equ	4054	;# 
   209   000FD6                     TMR0L           equ	4054	;# 
   210   000FD7                     TMR0H           equ	4055	;# 
   211   000FD8                     STATUS          equ	4056	;# 
   212   000FD9                     FSR2            equ	4057	;# 
   213   000FD9                     FSR2L           equ	4057	;# 
   214   000FDA                     FSR2H           equ	4058	;# 
   215   000FDB                     PLUSW2          equ	4059	;# 
   216   000FDC                     PREINC2         equ	4060	;# 
   217   000FDD                     POSTDEC2        equ	4061	;# 
   218   000FDE                     POSTINC2        equ	4062	;# 
   219   000FDF                     INDF2           equ	4063	;# 
   220   000FE0                     BSR             equ	4064	;# 
   221   000FE1                     FSR1            equ	4065	;# 
   222   000FE1                     FSR1L           equ	4065	;# 
   223   000FE2                     FSR1H           equ	4066	;# 
   224   000FE3                     PLUSW1          equ	4067	;# 
   225   000FE4                     PREINC1         equ	4068	;# 
   226   000FE5                     POSTDEC1        equ	4069	;# 
   227   000FE6                     POSTINC1        equ	4070	;# 
   228   000FE7                     INDF1           equ	4071	;# 
   229   000FE8                     WREG            equ	4072	;# 
   230   000FE9                     FSR0            equ	4073	;# 
   231   000FE9                     FSR0L           equ	4073	;# 
   232   000FEA                     FSR0H           equ	4074	;# 
   233   000FEB                     PLUSW0          equ	4075	;# 
   234   000FEC                     PREINC0         equ	4076	;# 
   235   000FED                     POSTDEC0        equ	4077	;# 
   236   000FEE                     POSTINC0        equ	4078	;# 
   237   000FEF                     INDF0           equ	4079	;# 
   238   000FF0                     INTCON3         equ	4080	;# 
   239   000FF1                     INTCON2         equ	4081	;# 
   240   000FF2                     INTCON          equ	4082	;# 
   241   000FF3                     PROD            equ	4083	;# 
   242   000FF3                     PRODL           equ	4083	;# 
   243   000FF4                     PRODH           equ	4084	;# 
   244   000FF5                     TABLAT          equ	4085	;# 
   245   000FF6                     TBLPTR          equ	4086	;# 
   246   000FF6                     TBLPTRL         equ	4086	;# 
   247   000FF7                     TBLPTRH         equ	4087	;# 
   248   000FF8                     TBLPTRU         equ	4088	;# 
   249   000FF9                     PCLAT           equ	4089	;# 
   250   000FF9                     PC              equ	4089	;# 
   251   000FF9                     PCL             equ	4089	;# 
   252   000FFA                     PCLATH          equ	4090	;# 
   253   000FFB                     PCLATU          equ	4091	;# 
   254   000FFC                     STKPTR          equ	4092	;# 
   255   000FFD                     TOS             equ	4093	;# 
   256   000FFD                     TOSL            equ	4093	;# 
   257   000FFE                     TOSH            equ	4094	;# 
   258   000FFF                     TOSU            equ	4095	;# 
   259                           
   260                           	psect	idataCOMRAM
   261   0008C0                     __pidataCOMRAM:
   262                           	callstack 0
   263                           
   264                           ;initializer for main@F3348
   265   0008C0  0099               	dw	153
   266   0008C2  0099               	dw	153
   267   0008C4  0099               	dw	153
   268   0008C6  0099               	dw	153
   269   0008C8  0099               	dw	153
   270                           
   271                           ;initializer for main@F3346
   272   0008CA  0021               	dw	33
   273   0008CC  0022               	dw	34
   274   0008CE  0023               	dw	35
   275   0008D0  0024               	dw	36
   276   0008D2  0025               	dw	37
   277                           
   278                           ; #config settings
   279                           
   280                           	psect	cinit
   281   00089A                     __pcinit:
   282                           	callstack 0
   283   00089A                     start_initialization:
   284                           	callstack 0
   285   00089A                     __initialization:
   286                           	callstack 0
   287                           
   288                           ; Initialize objects allocated to COMRAM (20 bytes)
   289                           ; load TBLPTR registers with __pidataCOMRAM
   290   00089A  0EC0               	movlw	low __pidataCOMRAM
   291   00089C  6EF6               	movwf	tblptrl,c
   292   00089E  0E08               	movlw	high __pidataCOMRAM
   293   0008A0  6EF7               	movwf	tblptrh,c
   294   0008A2  0E00               	movlw	low (__pidataCOMRAM shr (0+16))
   295   0008A4  6EF8               	movwf	tblptru,c
   296   0008A6  EE00  F019         	lfsr	0,__pdataCOMRAM
   297   0008AA  EE10 F014          	lfsr	1,20
   298   0008AE                     copy_data0:
   299   0008AE  0009               	tblrd		*+
   300   0008B0  CFF5 FFEE          	movff	tablat,postinc0
   301   0008B4  50E5               	movf	postdec1,w,c
   302   0008B6  50E1               	movf	fsr1l,w,c
   303   0008B8  E1FA               	bnz	copy_data0
   304   0008BA                     end_of_initialization:
   305                           	callstack 0
   306   0008BA                     __end_of__initialization:
   307                           	callstack 0
   308   0008BA  0100               	movlb	0
   309   0008BC  EF01  F004         	goto	_main	;jump to C main() function
   310                           
   311                           	psect	dataCOMRAM
   312   000019                     __pdataCOMRAM:
   313                           	callstack 0
   314   000019                     main@F3348:
   315                           	callstack 0
   316   000019                     	ds	10
   317   000023                     main@F3346:
   318                           	callstack 0
   319   000023                     	ds	10
   320                           
   321                           	psect	cstackCOMRAM
   322   000001                     __pcstackCOMRAM:
   323                           	callstack 0
   324   000001                     main@source:
   325                           	callstack 0
   326   000001                     
   327                           ; 1 bytes @ 0x0
   328   000001                     	ds	10
   329   00000B                     main@dest:
   330                           	callstack 0
   331                           
   332                           ; 10 bytes @ 0xA
   333   00000B                     	ds	10
   334   000015                     main@temp:
   335                           	callstack 0
   336                           
   337                           ; 2 bytes @ 0x14
   338   000015                     	ds	2
   339   000017                     main@i:
   340                           	callstack 0
   341                           
   342                           ; 2 bytes @ 0x16
   343   000017                     	ds	2
   344                           
   345 ;;
   346 ;;Main: autosize = 0, tempsize = 0, incstack = 0, save=0
   347 ;;
   348 ;; *************** function _main *****************
   349 ;; Defined at:
   350 ;;		line 11 in file "emt.c"
   351 ;; Parameters:    Size  Location     Type
   352 ;;		None
   353 ;; Auto vars:     Size  Location     Type
   354 ;;  dest           10   10[COMRAM] int [5]
   355 ;;  source         10    0[COMRAM] int [5]
   356 ;;  i               2   22[COMRAM] int 
   357 ;;  temp            2   20[COMRAM] int 
   358 ;; Return value:  Size  Location     Type
   359 ;;                  1    wreg      void 
   360 ;; Registers used:
   361 ;;		wreg, fsr1l, fsr1h, fsr2l, fsr2h, status,2, status,0, prodl, prodh
   362 ;; Tracked objects:
   363 ;;		On entry : 0/0
   364 ;;		On exit  : 0/0
   365 ;;		Unchanged: 0/0
   366 ;; Data sizes:     COMRAM   BANK0   BANK1   BANK2   BANK3   BANK4   BANK5   BANK6   BANK7
   367 ;;      Params:         0       0       0       0       0       0       0       0       0
   368 ;;      Locals:        24       0       0       0       0       0       0       0       0
   369 ;;      Temps:          0       0       0       0       0       0       0       0       0
   370 ;;      Totals:        24       0       0       0       0       0       0       0       0
   371 ;;Total ram usage:       24 bytes
   372 ;; This function calls:
   373 ;;		Nothing
   374 ;; This function is called by:
   375 ;;		Startup code after reset
   376 ;; This function uses a non-reentrant model
   377 ;;
   378                           
   379                           	psect	text0
   380   000802                     __ptext0:
   381                           	callstack 0
   382   000802                     _main:
   383                           	callstack 31
   384   000802                     
   385                           ;emt.c: 12:     int temp,i;;emt.c: 13:     int source[]={0x21,0x22,0x23,0x24,0x25};
   386   000802  EE20  F023         	lfsr	2,main@F3346
   387   000806  EE10  F001         	lfsr	1,main@source
   388   00080A  0E09               	movlw	9
   389   00080C                     u11:
   390   00080C  CFDB FFE3          	movff	plusw2,plusw1
   391   000810  06E8               	decf	wreg,f,c
   392   000812  E2FC               	bc	u11
   393                           
   394                           ;emt.c: 14:     int dest[]={0x99,0x99,0x99,0x99,0x99};
   395   000814  EE20  F019         	lfsr	2,main@F3348
   396   000818  EE10  F00B         	lfsr	1,main@dest
   397   00081C  0E09               	movlw	9
   398   00081E                     u21:
   399   00081E  CFDB FFE3          	movff	plusw2,plusw1
   400   000822  06E8               	decf	wreg,f,c
   401   000824  E2FC               	bc	u21
   402   000826                     
   403                           ;emt.c: 16:     for(i=0;i<=4;i++){
   404   000826  0E00               	movlw	0
   405   000828  6E18               	movwf	(main@i+1)^0,c
   406   00082A  0E00               	movlw	0
   407   00082C  6E17               	movwf	main@i^0,c
   408   00082E                     l695:
   409                           
   410                           ;emt.c: 17:         temp=source[i];
   411   00082E  5017               	movf	main@i^0,w,c
   412   000830  0D02               	mullw	2
   413   000832  50F3               	movf	243,w,c
   414   000834  0F01               	addlw	low main@source
   415   000836  6ED9               	movwf	fsr2l,c
   416   000838  6ADA               	clrf	fsr2h,c
   417   00083A  CFDE F015          	movff	postinc2,main@temp
   418   00083E  CFDD F016          	movff	postdec2,main@temp+1
   419   000842                     
   420                           ;emt.c: 18:         source[i]=dest[i];
   421   000842  5017               	movf	main@i^0,w,c
   422   000844  0D02               	mullw	2
   423   000846  50F3               	movf	243,w,c
   424   000848  0F0B               	addlw	low main@dest
   425   00084A  6ED9               	movwf	fsr2l,c
   426   00084C  6ADA               	clrf	fsr2h,c
   427   00084E  5017               	movf	main@i^0,w,c
   428   000850  0D02               	mullw	2
   429   000852  50F3               	movf	243,w,c
   430   000854  0F01               	addlw	low main@source
   431   000856  6EE1               	movwf	fsr1l,c
   432   000858  6AE2               	clrf	fsr1h,c
   433   00085A  CFDE FFE6          	movff	postinc2,postinc1
   434   00085E  CFDD FFE5          	movff	postdec2,postdec1
   435   000862                     
   436                           ;emt.c: 19:         dest[i]=temp;
   437   000862  5017               	movf	main@i^0,w,c
   438   000864  0D02               	mullw	2
   439   000866  50F3               	movf	243,w,c
   440   000868  0F0B               	addlw	low main@dest
   441   00086A  6ED9               	movwf	fsr2l,c
   442   00086C  6ADA               	clrf	fsr2h,c
   443   00086E  C015  FFDE         	movff	main@temp,postinc2
   444   000872  C016  FFDD         	movff	main@temp+1,postdec2
   445   000876                     
   446                           ;emt.c: 20:     }
   447   000876  4A17               	infsnz	main@i^0,f,c
   448   000878  2A18               	incf	(main@i+1)^0,f,c
   449   00087A  BE18               	btfsc	(main@i+1)^0,7,c
   450   00087C  EF49  F004         	goto	u31
   451   000880  5018               	movf	(main@i+1)^0,w,c
   452   000882  E109               	bnz	u30
   453   000884  0E05               	movlw	5
   454   000886  5C17               	subwf	main@i^0,w,c
   455   000888  A0D8               	btfss	status,0,c
   456   00088A  EF49  F004         	goto	u31
   457   00088E  EF4B  F004         	goto	u30
   458   000892                     u31:
   459   000892  EF17  F004         	goto	l695
   460   000896                     u30:
   461   000896  EFFE  F03F         	goto	start
   462   00089A                     __end_of_main:
   463                           	callstack 0
   464                           
   465                           	psect	smallconst
   466   000800                     __psmallconst:
   467                           	callstack 0
   468   000800  00                 	db	0
   469   000801  00                 	db	0	; dummy byte at the end
   470   000800                     __smallconst    set	__psmallconst
   471   000800                     __mediumconst   set	__psmallconst
   472   000000                     __activetblptr  equ	0
   473                           
   474                           	psect	rparam
   475   000001                     ___rparam_used  equ	1
   476   000000                     ___param_bank   equ	0
   477   000000                     __Lparam        equ	__Lrparam
   478   000000                     __Hparam        equ	__Hrparam
   479                           tosu	equ	0xFFF
   480                           tosh	equ	0xFFE
   481                           tosl	equ	0xFFD
   482                           stkptr	equ	0xFFC
   483                           pclatu	equ	0xFFB
   484                           pclath	equ	0xFFA
   485                           pcl	equ	0xFF9
   486                           tblptru	equ	0xFF8
   487                           tblptrh	equ	0xFF7
   488                           tblptrl	equ	0xFF6
   489                           tablat	equ	0xFF5
   490                           prodh	equ	0xFF4
   491                           prodl	equ	0xFF3
   492                           indf0	equ	0xFEF
   493                           postinc0	equ	0xFEE
   494                           postdec0	equ	0xFED
   495                           preinc0	equ	0xFEC
   496                           plusw0	equ	0xFEB
   497                           fsr0h	equ	0xFEA
   498                           fsr0l	equ	0xFE9
   499                           wreg	equ	0xFE8
   500                           indf1	equ	0xFE7
   501                           postinc1	equ	0xFE6
   502                           postdec1	equ	0xFE5
   503                           preinc1	equ	0xFE4
   504                           plusw1	equ	0xFE3
   505                           fsr1h	equ	0xFE2
   506                           fsr1l	equ	0xFE1
   507                           bsr	equ	0xFE0
   508                           indf2	equ	0xFDF
   509                           postinc2	equ	0xFDE
   510                           postdec2	equ	0xFDD
   511                           preinc2	equ	0xFDC
   512                           plusw2	equ	0xFDB
   513                           fsr2h	equ	0xFDA
   514                           fsr2l	equ	0xFD9
   515                           status	equ	0xFD8

Data Sizes:
    Strings     0
    Constant    0
    Data        20
    BSS         0
    Persistent  0
    Stack       0

Auto Spaces:
    Space          Size  Autos    Used
    COMRAM           95     24      44
    BANK0           160      0       0
    BANK1           256      0       0
    BANK2           256      0       0
    BANK3           256      0       0
    BANK4           256      0       0
    BANK5           256      0       0
    BANK6           256      0       0
    BANK7           256      0       0

Pointer List with Targets:

    None.

Critical Paths under _main in COMRAM

    None.

Critical Paths under _main in BANK0

    None.

Critical Paths under _main in BANK1

    None.

Critical Paths under _main in BANK2

    None.

Critical Paths under _main in BANK3

    None.

Critical Paths under _main in BANK4

    None.

Critical Paths under _main in BANK5

    None.

Critical Paths under _main in BANK6

    None.

Critical Paths under _main in BANK7

    None.

Call Graph Tables:

 ---------------------------------------------------------------------------------
 (Depth) Function   	        Calls       Base Space   Used Autos Params    Refs
 ---------------------------------------------------------------------------------
 (0) _main                                                24    24      0     165
                                              0 COMRAM    24    24      0
 ---------------------------------------------------------------------------------
 Estimated maximum stack depth 0
 ---------------------------------------------------------------------------------

 Call Graph Graphs:

 _main (ROOT)

Address spaces:
Name               Size   Autos  Total    Usage
BIGRAM            2047      0       0      0.0%
BITBANK7           256      0       0      0.0%
BANK7              256      0       0      0.0%
BITBANK6           256      0       0      0.0%
BANK6              256      0       0      0.0%
BITBANK5           256      0       0      0.0%
BANK5              256      0       0      0.0%
BITBANK4           256      0       0      0.0%
BANK4              256      0       0      0.0%
BITBANK3           256      0       0      0.0%
BANK3              256      0       0      0.0%
BITBANK2           256      0       0      0.0%
BANK2              256      0       0      0.0%
BITBANK1           256      0       0      0.0%
BANK1              256      0       0      0.0%
BITBIGSFR          160      0       0      0.0%
BITBANK0           160      0       0      0.0%
BANK0              160      0       0      0.0%
BITCOMRAM           95      0       0      0.0%
COMRAM              95     24      44     46.3%
STACK                0      0       0      0.0%
DATA                 0      0      44      0.0%


Microchip Technology PIC18 Macro Assembler V3.00 build 20241204225717 
Symbol Table                                                                                   Wed Apr 30 15:33:13 2025

                     l11 0896                       u11 080C                       u21 081E  
                     u30 0896                       u31 0892                      l701 0876  
                    l703 087A                      l695 082E                      l687 0802  
                    l697 0842                      l689 0826                      l699 0862  
                    wreg 0FE8                     _main 0802                     fsr1h 0FE2  
                   fsr2h 0FDA                     fsr1l 0FE1                     fsr2l 0FD9  
                   prodl 0FF3                     start 7FFC             ___param_bank 0000  
                  ?_main 0001                    main@i 0017                    tablat 0FF5  
                  plusw1 0FE3                    plusw2 0FDB                    status 0FD8  
        __initialization 089A             __end_of_main 089A                   ??_main 0001  
          __activetblptr 0000                   isa$std 0001             __pdataCOMRAM 0019  
           __mediumconst 0800                   tblptrh 0FF7                   tblptrl 0FF6  
                 tblptru 0FF8               __accesstop 0060  __end_of__initialization 08BA  
          ___rparam_used 0001           __pcstackCOMRAM 0001                  __Hparam 0000  
                __Lparam 0000             __psmallconst 0800                  __pcinit 089A  
                __ramtop 0800                  __ptext0 0802     end_of_initialization 08BA  
                postdec1 0FE5                  postdec2 0FDD                  postinc0 0FEE  
                postinc1 0FE6                  postinc2 0FDE               main@source 0001  
          __pidataCOMRAM 08C0      start_initialization 089A              __smallconst 0800  
              main@F3346 0023                main@F3348 0019                copy_data0 08AE  
               __Hrparam 0000                 __Lrparam 0000                 isa$xinst 0000  
               main@dest 000B                 main@temp 0015  
