

Microchip MPLAB XC8 Assembler V3.00 build 20241204225717 
                                                                                               Mon Apr 28 17:58:49 2025

Microchip MPLAB XC8 C Compiler v3.00 (Free license) build 20241204225717 Og1 
     1                           	processor	18F4550
     2                           	fnconf	rparam,??,?,0
     3                           	pagewidth 120
     4                           	opt	flic
     5                           	psect	idataCOMRAM,global,class=CODE,space=0,delta=1,noexec
     6                           	psect	cinit,global,reloc=2,class=CODE,space=0,delta=1
     7                           	psect	dataCOMRAM,global,class=COMRAM,space=1,delta=1,lowdata,noexec
     8                           	psect	cstackCOMRAM,global,class=COMRAM,space=1,delta=1,lowdata,noexec
     9                           	psect	text0,global,reloc=2,class=CODE,space=0,delta=1
    10                           	psect	smallconst,global,reloc=2,class=SMALLCONST,space=0,delta=1,noexec
    11                           	psect	intsave_regs,global,class=BIGRAM,space=1,delta=1,noexec
    12                           	psect	rparam,global,class=COMRAM,space=1,delta=1,noexec
    13   000000                     
    14                           ; Generated 17/01/2025 GMT
    15                           ; 
    16                           ; Copyright © 2025, Microchip Technology Inc. and its subsidiaries ("Microchip")
    17                           ; All rights reserved.
    18                           ; 
    19                           ; This software is developed by Microchip Technology Inc. and its subsidiaries ("Microch
      +                          ip").
    20                           ; 
    21                           ; Redistribution and use in source and binary forms, with or without modification, are
    22                           ; permitted provided that the following conditions are met:
    23                           ; 
    24                           ;     1. Redistributions of source code must retain the above copyright notice, this lis
      +                          t of
    25                           ;        conditions and the following disclaimer.
    26                           ; 
    27                           ;     2. Redistributions in binary form must reproduce the above copyright notice, this 
      +                          list
    28                           ;        of conditions and the following disclaimer in the documentation and/or other
    29                           ;        materials provided with the distribution. Publication is not required when
    30                           ;        this file is used in an embedded application.
    31                           ; 
    32                           ;     3. Microchip's name may not be used to endorse or promote products derived from th
      +                          is
    33                           ;        software without specific prior written permission.
    34                           ; 
    35                           ; THIS SOFTWARE IS PROVIDED BY MICROCHIP "AS IS" AND ANY EXPRESS OR IMPLIED WARRANTIES,
    36                           ; INCLUDING, BUT NOT LIMITED TO, THE IMPLIED WARRANTIES OF MERCHANTABILITY AND FITNESS F
      +                          OR
    37                           ; PURPOSE ARE DISCLAIMED.  IN NO EVENT SHALL MICROCHIP BE LIABLE FOR ANY DIRECT, INDIREC
      +                          T,
    38                           ; INCIDENTAL, SPECIAL, EXEMPLARY, OR CONSEQUENTIAL DAMAGES (INCLUDING BUT NOT LIMITED TO
    39                           ; PROCUREMENT OF SUBSTITUTE GOODS OR SERVICES; LOSS OF USE, DATA OR PROFITS; OR BUSINESS
    40                           ; INTERRUPTION) HOWSOEVER CAUSED AND ON ANY THEORY OF LIABILITY, WHETHER IN CONTRACT, ST
      +                          RICT
    41                           ; LIABILITY, OR TORT (INCLUDING NEGLIGENCE OR OTHERWISE) ARISING IN ANY WAY OUT OF THE U
      +                          SE OF
    42                           ; THIS SOFTWARE, EVEN IF ADVISED OF THE POSSIBILITY OF SUCH DAMAGE.
    43                           ; 
    44                           ; 
    45                           ; Code-generator required, PIC18F4550 Definitions
    46                           ; 
    47                           ; SFR Addresses
    48   000FE0                     bsr             equ	4064
    49   000FE9                     fsr0            equ	4073
    50   000FEA                     fsr0h           equ	4074
    51   000FE9                     fsr0l           equ	4073
    52   000FE1                     fsr1            equ	4065
    53   000FE2                     fsr1h           equ	4066
    54   000FE1                     fsr1l           equ	4065
    55   000FD9                     fsr2            equ	4057
    56   000FDA                     fsr2h           equ	4058
    57   000FD9                     fsr2l           equ	4057
    58   000FEF                     indf0           equ	4079
    59   000FE7                     indf1           equ	4071
    60   000FDF                     indf2           equ	4063
    61   000FF2                     intcon          equ	4082
    62   000000                     nvmcon          equ	0
    63   000FF9                     pcl             equ	4089
    64   000FFA                     pclath          equ	4090
    65   000FFB                     pclatu          equ	4091
    66   000FEB                     plusw0          equ	4075
    67   000FE3                     plusw1          equ	4067
    68   000FDB                     plusw2          equ	4059
    69   000FED                     postdec0        equ	4077
    70   000FE5                     postdec1        equ	4069
    71   000FDD                     postdec2        equ	4061
    72   000FEE                     postinc0        equ	4078
    73   000FE6                     postinc1        equ	4070
    74   000FDE                     postinc2        equ	4062
    75   000FEC                     preinc0         equ	4076
    76   000FE4                     preinc1         equ	4068
    77   000FDC                     preinc2         equ	4060
    78   000FF3                     prod            equ	4083
    79   000FF4                     prodh           equ	4084
    80   000FF3                     prodl           equ	4083
    81   000FD8                     status          equ	4056
    82   000FF5                     tablat          equ	4085
    83   000FF6                     tblptr          equ	4086
    84   000FF7                     tblptrh         equ	4087
    85   000FF6                     tblptrl         equ	4086
    86   000FF8                     tblptru         equ	4088
    87   000FFD                     tosl            equ	4093
    88   000FE8                     wreg            equ	4072
    89   000F62                     SPPDATA         equ	3938	;# 
    90   000F63                     SPPCFG          equ	3939	;# 
    91   000F64                     SPPEPS          equ	3940	;# 
    92   000F65                     SPPCON          equ	3941	;# 
    93   000F66                     UFRM            equ	3942	;# 
    94   000F66                     UFRML           equ	3942	;# 
    95   000F67                     UFRMH           equ	3943	;# 
    96   000F68                     UIR             equ	3944	;# 
    97   000F69                     UIE             equ	3945	;# 
    98   000F6A                     UEIR            equ	3946	;# 
    99   000F6B                     UEIE            equ	3947	;# 
   100   000F6C                     USTAT           equ	3948	;# 
   101   000F6D                     UCON            equ	3949	;# 
   102   000F6E                     UADDR           equ	3950	;# 
   103   000F6F                     UCFG            equ	3951	;# 
   104   000F70                     UEP0            equ	3952	;# 
   105   000F71                     UEP1            equ	3953	;# 
   106   000F72                     UEP2            equ	3954	;# 
   107   000F73                     UEP3            equ	3955	;# 
   108   000F74                     UEP4            equ	3956	;# 
   109   000F75                     UEP5            equ	3957	;# 
   110   000F76                     UEP6            equ	3958	;# 
   111   000F77                     UEP7            equ	3959	;# 
   112   000F78                     UEP8            equ	3960	;# 
   113   000F79                     UEP9            equ	3961	;# 
   114   000F7A                     UEP10           equ	3962	;# 
   115   000F7B                     UEP11           equ	3963	;# 
   116   000F7C                     UEP12           equ	3964	;# 
   117   000F7D                     UEP13           equ	3965	;# 
   118   000F7E                     UEP14           equ	3966	;# 
   119   000F7F                     UEP15           equ	3967	;# 
   120   000F80                     PORTA           equ	3968	;# 
   121   000F81                     PORTB           equ	3969	;# 
   122   000F82                     PORTC           equ	3970	;# 
   123   000F83                     PORTD           equ	3971	;# 
   124   000F84                     PORTE           equ	3972	;# 
   125   000F89                     LATA            equ	3977	;# 
   126   000F8A                     LATB            equ	3978	;# 
   127   000F8B                     LATC            equ	3979	;# 
   128   000F8C                     LATD            equ	3980	;# 
   129   000F8D                     LATE            equ	3981	;# 
   130   000F92                     TRISA           equ	3986	;# 
   131   000F92                     DDRA            equ	3986	;# 
   132   000F93                     TRISB           equ	3987	;# 
   133   000F93                     DDRB            equ	3987	;# 
   134   000F94                     TRISC           equ	3988	;# 
   135   000F94                     DDRC            equ	3988	;# 
   136   000F95                     TRISD           equ	3989	;# 
   137   000F95                     DDRD            equ	3989	;# 
   138   000F96                     TRISE           equ	3990	;# 
   139   000F96                     DDRE            equ	3990	;# 
   140   000F9B                     OSCTUNE         equ	3995	;# 
   141   000F9D                     PIE1            equ	3997	;# 
   142   000F9E                     PIR1            equ	3998	;# 
   143   000F9F                     IPR1            equ	3999	;# 
   144   000FA0                     PIE2            equ	4000	;# 
   145   000FA1                     PIR2            equ	4001	;# 
   146   000FA2                     IPR2            equ	4002	;# 
   147   000FA6                     EECON1          equ	4006	;# 
   148   000FA7                     EECON2          equ	4007	;# 
   149   000FA8                     EEDATA          equ	4008	;# 
   150   000FA9                     EEADR           equ	4009	;# 
   151   000FAB                     RCSTA           equ	4011	;# 
   152   000FAB                     RCSTA1          equ	4011	;# 
   153   000FAC                     TXSTA           equ	4012	;# 
   154   000FAC                     TXSTA1          equ	4012	;# 
   155   000FAD                     TXREG           equ	4013	;# 
   156   000FAD                     TXREG1          equ	4013	;# 
   157   000FAE                     RCREG           equ	4014	;# 
   158   000FAE                     RCREG1          equ	4014	;# 
   159   000FAF                     SPBRG           equ	4015	;# 
   160   000FAF                     SPBRG1          equ	4015	;# 
   161   000FB0                     SPBRGH          equ	4016	;# 
   162   000FB1                     T3CON           equ	4017	;# 
   163   000FB2                     TMR3            equ	4018	;# 
   164   000FB2                     TMR3L           equ	4018	;# 
   165   000FB3                     TMR3H           equ	4019	;# 
   166   000FB4                     CMCON           equ	4020	;# 
   167   000FB5                     CVRCON          equ	4021	;# 
   168   000FB6                     ECCP1AS         equ	4022	;# 
   169   000FB6                     CCP1AS          equ	4022	;# 
   170   000FB7                     ECCP1DEL        equ	4023	;# 
   171   000FB7                     CCP1DEL         equ	4023	;# 
   172   000FB8                     BAUDCON         equ	4024	;# 
   173   000FB8                     BAUDCTL         equ	4024	;# 
   174   000FBA                     CCP2CON         equ	4026	;# 
   175   000FBB                     CCPR2           equ	4027	;# 
   176   000FBB                     CCPR2L          equ	4027	;# 
   177   000FBC                     CCPR2H          equ	4028	;# 
   178   000FBD                     CCP1CON         equ	4029	;# 
   179   000FBD                     ECCP1CON        equ	4029	;# 
   180   000FBE                     CCPR1           equ	4030	;# 
   181   000FBE                     CCPR1L          equ	4030	;# 
   182   000FBF                     CCPR1H          equ	4031	;# 
   183   000FC0                     ADCON2          equ	4032	;# 
   184   000FC1                     ADCON1          equ	4033	;# 
   185   000FC2                     ADCON0          equ	4034	;# 
   186   000FC3                     ADRES           equ	4035	;# 
   187   000FC3                     ADRESL          equ	4035	;# 
   188   000FC4                     ADRESH          equ	4036	;# 
   189   000FC5                     SSPCON2         equ	4037	;# 
   190   000FC6                     SSPCON1         equ	4038	;# 
   191   000FC7                     SSPSTAT         equ	4039	;# 
   192   000FC8                     SSPADD          equ	4040	;# 
   193   000FC9                     SSPBUF          equ	4041	;# 
   194   000FCA                     T2CON           equ	4042	;# 
   195   000FCB                     PR2             equ	4043	;# 
   196   000FCB                     MEMCON          equ	4043	;# 
   197   000FCC                     TMR2            equ	4044	;# 
   198   000FCD                     T1CON           equ	4045	;# 
   199   000FCE                     TMR1            equ	4046	;# 
   200   000FCE                     TMR1L           equ	4046	;# 
   201   000FCF                     TMR1H           equ	4047	;# 
   202   000FD0                     RCON            equ	4048	;# 
   203   000FD1                     WDTCON          equ	4049	;# 
   204   000FD2                     HLVDCON         equ	4050	;# 
   205   000FD2                     LVDCON          equ	4050	;# 
   206   000FD3                     OSCCON          equ	4051	;# 
   207   000FD5                     T0CON           equ	4053	;# 
   208   000FD6                     TMR0            equ	4054	;# 
   209   000FD6                     TMR0L           equ	4054	;# 
   210   000FD7                     TMR0H           equ	4055	;# 
   211   000FD8                     STATUS          equ	4056	;# 
   212   000FD9                     FSR2            equ	4057	;# 
   213   000FD9                     FSR2L           equ	4057	;# 
   214   000FDA                     FSR2H           equ	4058	;# 
   215   000FDB                     PLUSW2          equ	4059	;# 
   216   000FDC                     PREINC2         equ	4060	;# 
   217   000FDD                     POSTDEC2        equ	4061	;# 
   218   000FDE                     POSTINC2        equ	4062	;# 
   219   000FDF                     INDF2           equ	4063	;# 
   220   000FE0                     BSR             equ	4064	;# 
   221   000FE1                     FSR1            equ	4065	;# 
   222   000FE1                     FSR1L           equ	4065	;# 
   223   000FE2                     FSR1H           equ	4066	;# 
   224   000FE3                     PLUSW1          equ	4067	;# 
   225   000FE4                     PREINC1         equ	4068	;# 
   226   000FE5                     POSTDEC1        equ	4069	;# 
   227   000FE6                     POSTINC1        equ	4070	;# 
   228   000FE7                     INDF1           equ	4071	;# 
   229   000FE8                     WREG            equ	4072	;# 
   230   000FE9                     FSR0            equ	4073	;# 
   231   000FE9                     FSR0L           equ	4073	;# 
   232   000FEA                     FSR0H           equ	4074	;# 
   233   000FEB                     PLUSW0          equ	4075	;# 
   234   000FEC                     PREINC0         equ	4076	;# 
   235   000FED                     POSTDEC0        equ	4077	;# 
   236   000FEE                     POSTINC0        equ	4078	;# 
   237   000FEF                     INDF0           equ	4079	;# 
   238   000FF0                     INTCON3         equ	4080	;# 
   239   000FF1                     INTCON2         equ	4081	;# 
   240   000FF2                     INTCON          equ	4082	;# 
   241   000FF3                     PROD            equ	4083	;# 
   242   000FF3                     PRODL           equ	4083	;# 
   243   000FF4                     PRODH           equ	4084	;# 
   244   000FF5                     TABLAT          equ	4085	;# 
   245   000FF6                     TBLPTR          equ	4086	;# 
   246   000FF6                     TBLPTRL         equ	4086	;# 
   247   000FF7                     TBLPTRH         equ	4087	;# 
   248   000FF8                     TBLPTRU         equ	4088	;# 
   249   000FF9                     PCLAT           equ	4089	;# 
   250   000FF9                     PC              equ	4089	;# 
   251   000FF9                     PCL             equ	4089	;# 
   252   000FFA                     PCLATH          equ	4090	;# 
   253   000FFB                     PCLATU          equ	4091	;# 
   254   000FFC                     STKPTR          equ	4092	;# 
   255   000FFD                     TOS             equ	4093	;# 
   256   000FFD                     TOSL            equ	4093	;# 
   257   000FFE                     TOSH            equ	4094	;# 
   258   000FFF                     TOSU            equ	4095	;# 
   259                           
   260                           	psect	idataCOMRAM
   261   000888                     __pidataCOMRAM:
   262                           	callstack 0
   263                           
   264                           ;initializer for main@F3666
   265   000888  0002               	dw	2
   266   00088A  0006               	dw	6
   267   00088C  0003               	dw	3
   268   00088E  0008               	dw	8
   269   000890  0004               	dw	4
   270   000F83                     _PORTD          set	3971
   271   000F95                     _TRISD          set	3989
   272                           
   273                           ; #config settings
   274                           
   275                           	psect	cinit
   276   000862                     __pcinit:
   277                           	callstack 0
   278   000862                     start_initialization:
   279                           	callstack 0
   280   000862                     __initialization:
   281                           	callstack 0
   282                           
   283                           ; Initialize objects allocated to COMRAM (10 bytes)
   284                           ; load TBLPTR registers with __pidataCOMRAM
   285   000862  0E88               	movlw	low __pidataCOMRAM
   286   000864  6EF6               	movwf	tblptrl,c
   287   000866  0E08               	movlw	high __pidataCOMRAM
   288   000868  6EF7               	movwf	tblptrh,c
   289   00086A  0E00               	movlw	low (__pidataCOMRAM shr (0+16))
   290   00086C  6EF8               	movwf	tblptru,c
   291   00086E  EE00  F00F         	lfsr	0,__pdataCOMRAM
   292   000872  EE10 F00A          	lfsr	1,10
   293   000876                     copy_data0:
   294   000876  0009               	tblrd		*+
   295   000878  CFF5 FFEE          	movff	tablat,postinc0
   296   00087C  50E5               	movf	postdec1,w,c
   297   00087E  50E1               	movf	fsr1l,w,c
   298   000880  E1FA               	bnz	copy_data0
   299   000882                     end_of_initialization:
   300                           	callstack 0
   301   000882                     __end_of__initialization:
   302                           	callstack 0
   303   000882  0100               	movlb	0
   304   000884  EF01  F004         	goto	_main	;jump to C main() function
   305                           
   306                           	psect	dataCOMRAM
   307   00000F                     __pdataCOMRAM:
   308                           	callstack 0
   309   00000F                     main@F3666:
   310                           	callstack 0
   311   00000F                     	ds	10
   312                           
   313                           	psect	cstackCOMRAM
   314   000001                     __pcstackCOMRAM:
   315                           	callstack 0
   316   000001                     main@n:
   317                           	callstack 0
   318   000001                     
   319                           ; 1 bytes @ 0x0
   320   000001                     	ds	10
   321   00000B                     main@sum:
   322                           	callstack 0
   323                           
   324                           ; 2 bytes @ 0xA
   325   00000B                     	ds	2
   326   00000D                     main@i:
   327                           	callstack 0
   328                           
   329                           ; 2 bytes @ 0xC
   330   00000D                     	ds	2
   331                           
   332 ;;
   333 ;;Main: autosize = 0, tempsize = 0, incstack = 0, save=0
   334 ;;
   335 ;; *************** function _main *****************
   336 ;; Defined at:
   337 ;;		line 13 in file "addarray.c"
   338 ;; Parameters:    Size  Location     Type
   339 ;;		None
   340 ;; Auto vars:     Size  Location     Type
   341 ;;  n              10    0[COMRAM] int [5]
   342 ;;  i               2   12[COMRAM] int 
   343 ;;  sum             2   10[COMRAM] int 
   344 ;; Return value:  Size  Location     Type
   345 ;;                  1    wreg      void 
   346 ;; Registers used:
   347 ;;		wreg, fsr1l, fsr1h, fsr2l, fsr2h, status,2, status,0, prodl, prodh
   348 ;; Tracked objects:
   349 ;;		On entry : 0/0
   350 ;;		On exit  : 0/0
   351 ;;		Unchanged: 0/0
   352 ;; Data sizes:     COMRAM   BANK0   BANK1   BANK2   BANK3   BANK4   BANK5   BANK6   BANK7
   353 ;;      Params:         0       0       0       0       0       0       0       0       0
   354 ;;      Locals:        14       0       0       0       0       0       0       0       0
   355 ;;      Temps:          0       0       0       0       0       0       0       0       0
   356 ;;      Totals:        14       0       0       0       0       0       0       0       0
   357 ;;Total ram usage:       14 bytes
   358 ;; This function calls:
   359 ;;		Nothing
   360 ;; This function is called by:
   361 ;;		Startup code after reset
   362 ;; This function uses a non-reentrant model
   363 ;;
   364                           
   365                           	psect	text0
   366   000802                     __ptext0:
   367                           	callstack 0
   368   000802                     _main:
   369                           	callstack 31
   370   000802                     
   371                           ;addarray.c: 15:     int i;;addarray.c: 16:     int n[] = {2,6,3,8,4};
   372   000802  EE20  F00F         	lfsr	2,main@F3666
   373   000806  EE10  F001         	lfsr	1,main@n
   374   00080A  0E09               	movlw	9
   375   00080C                     u11:
   376   00080C  CFDB FFE3          	movff	plusw2,plusw1
   377   000810  06E8               	decf	wreg,f,c
   378   000812  E2FC               	bc	u11
   379   000814                     
   380                           ;addarray.c: 17:     int sum = 0;
   381   000814  0E00               	movlw	0
   382   000816  6E0C               	movwf	(main@sum+1)^0,c
   383   000818  0E00               	movlw	0
   384   00081A  6E0B               	movwf	main@sum^0,c
   385   00081C                     
   386                           ;addarray.c: 19:     for(i = 0; i < 5; i++){
   387   00081C  0E00               	movlw	0
   388   00081E  6E0E               	movwf	(main@i+1)^0,c
   389   000820  0E00               	movlw	0
   390   000822  6E0D               	movwf	main@i^0,c
   391   000824                     l699:
   392                           
   393                           ;addarray.c: 20:         sum += n[i];
   394   000824  500D               	movf	main@i^0,w,c
   395   000826  0D02               	mullw	2
   396   000828  50F3               	movf	243,w,c
   397   00082A  0F01               	addlw	low main@n
   398   00082C  6ED9               	movwf	fsr2l,c
   399   00082E  6ADA               	clrf	fsr2h,c
   400   000830  50DE               	movf	postinc2,w,c
   401   000832  260B               	addwf	main@sum^0,f,c
   402   000834  50DD               	movf	postdec2,w,c
   403   000836  220C               	addwfc	(main@sum+1)^0,f,c
   404   000838                     
   405                           ;addarray.c: 21:     }
   406   000838  4A0D               	infsnz	main@i^0,f,c
   407   00083A  2A0E               	incf	(main@i+1)^0,f,c
   408   00083C  BE0E               	btfsc	(main@i+1)^0,7,c
   409   00083E  EF2A  F004         	goto	u21
   410   000842  500E               	movf	(main@i+1)^0,w,c
   411   000844  E109               	bnz	u20
   412   000846  0E05               	movlw	5
   413   000848  5C0D               	subwf	main@i^0,w,c
   414   00084A  A0D8               	btfss	status,0,c
   415   00084C  EF2A  F004         	goto	u21
   416   000850  EF2C  F004         	goto	u20
   417   000854                     u21:
   418   000854  EF12  F004         	goto	l699
   419   000858                     u20:
   420   000858                     
   421                           ;addarray.c: 23:     TRISD = 0;
   422   000858  6A95               	clrf	149,c	;volatile
   423                           
   424                           ;addarray.c: 24:     PORTD = sum;
   425   00085A  C00B  FF83         	movff	main@sum,3971	;volatile
   426   00085E  EFFE  F03F         	goto	start
   427   000862                     __end_of_main:
   428                           	callstack 0
   429                           
   430                           	psect	smallconst
   431   000800                     __psmallconst:
   432                           	callstack 0
   433   000800  00                 	db	0
   434   000801  00                 	db	0	; dummy byte at the end
   435   000800                     __smallconst    set	__psmallconst
   436   000800                     __mediumconst   set	__psmallconst
   437   000000                     __activetblptr  equ	0
   438                           
   439                           	psect	rparam
   440   000001                     ___rparam_used  equ	1
   441   000000                     ___param_bank   equ	0
   442   000000                     __Lparam        equ	__Lrparam
   443   000000                     __Hparam        equ	__Hrparam
   444                           tosu	equ	0xFFF
   445                           tosh	equ	0xFFE
   446                           tosl	equ	0xFFD
   447                           stkptr	equ	0xFFC
   448                           pclatu	equ	0xFFB
   449                           pclath	equ	0xFFA
   450                           pcl	equ	0xFF9
   451                           tblptru	equ	0xFF8
   452                           tblptrh	equ	0xFF7
   453                           tblptrl	equ	0xFF6
   454                           tablat	equ	0xFF5
   455                           prodh	equ	0xFF4
   456                           prodl	equ	0xFF3
   457                           indf0	equ	0xFEF
   458                           postinc0	equ	0xFEE
   459                           postdec0	equ	0xFED
   460                           preinc0	equ	0xFEC
   461                           plusw0	equ	0xFEB
   462                           fsr0h	equ	0xFEA
   463                           fsr0l	equ	0xFE9
   464                           wreg	equ	0xFE8
   465                           indf1	equ	0xFE7
   466                           postinc1	equ	0xFE6
   467                           postdec1	equ	0xFE5
   468                           preinc1	equ	0xFE4
   469                           plusw1	equ	0xFE3
   470                           fsr1h	equ	0xFE2
   471                           fsr1l	equ	0xFE1
   472                           bsr	equ	0xFE0
   473                           indf2	equ	0xFDF
   474                           postinc2	equ	0xFDE
   475                           postdec2	equ	0xFDD
   476                           preinc2	equ	0xFDC
   477                           plusw2	equ	0xFDB
   478                           fsr2h	equ	0xFDA
   479                           fsr2l	equ	0xFD9
   480                           status	equ	0xFD8

Data Sizes:
    Strings     0
    Constant    0
    Data        10
    BSS         0
    Persistent  0
    Stack       0

Auto Spaces:
    Space          Size  Autos    Used
    COMRAM           95     14      24
    BANK0           160      0       0
    BANK1           256      0       0
    BANK2           256      0       0
    BANK3           256      0       0
    BANK4           256      0       0
    BANK5           256      0       0
    BANK6           256      0       0
    BANK7           256      0       0

Pointer List with Targets:

    None.

Critical Paths under _main in COMRAM

    None.

Critical Paths under _main in BANK0

    None.

Critical Paths under _main in BANK1

    None.

Critical Paths under _main in BANK2

    None.

Critical Paths under _main in BANK3

    None.

Critical Paths under _main in BANK4

    None.

Critical Paths under _main in BANK5

    None.

Critical Paths under _main in BANK6

    None.

Critical Paths under _main in BANK7

    None.

Call Graph Tables:

 ---------------------------------------------------------------------------------
 (Depth) Function   	        Calls       Base Space   Used Autos Params    Refs
 ---------------------------------------------------------------------------------
 (0) _main                                                14    14      0      75
                                              0 COMRAM    14    14      0
 ---------------------------------------------------------------------------------
 Estimated maximum stack depth 0
 ---------------------------------------------------------------------------------

 Call Graph Graphs:

 _main (ROOT)

Address spaces:
Name               Size   Autos  Total    Usage
BIGRAM            2047      0       0      0.0%
BITBANK7           256      0       0      0.0%
BANK7              256      0       0      0.0%
BITBANK6           256      0       0      0.0%
BANK6              256      0       0      0.0%
BITBANK5           256      0       0      0.0%
BANK5              256      0       0      0.0%
BITBANK4           256      0       0      0.0%
BANK4              256      0       0      0.0%
BITBANK3           256      0       0      0.0%
BANK3              256      0       0      0.0%
BITBANK2           256      0       0      0.0%
BANK2              256      0       0      0.0%
BITBANK1           256      0       0      0.0%
BANK1              256      0       0      0.0%
BITBANK0           160      0       0      0.0%
BANK0              160      0       0      0.0%
BITBIGSFRh         124      0       0      0.0%
BITCOMRAM           95      0       0      0.0%
COMRAM              95     14      24     25.3%
BITBIGSFRl          35      0       0      0.0%
STACK                0      0       0      0.0%
DATA                 0      0      24      0.0%


Microchip Technology PIC18 Macro Assembler V3.00 build 20241204225717 
Symbol Table                                                                                   Mon Apr 28 17:58:49 2025

                     l12 0858                       l13 085E                       u11 080C  
                     u20 0858                       u21 0854                      l701 0838  
                    l703 083C                      l691 0814                      l693 081C  
                    l689 0802                      l699 0824                      wreg 0FE8  
                   _main 0802                     fsr2h 0FDA                     fsr1l 0FE1  
                   fsr2l 0FD9                     prodl 0FF3                     start 7FFC  
           ___param_bank 0000                    ?_main 0001                    _PORTD 0F83  
                  _TRISD 0F95                    main@i 000D                    main@n 0001  
                  tablat 0FF5                    plusw1 0FE3                    plusw2 0FDB  
                  status 0FD8          __initialization 0862             __end_of_main 0862  
                 ??_main 0001            __activetblptr 0000                   isa$std 0001  
           __pdataCOMRAM 000F             __mediumconst 0800                   tblptrh 0FF7  
                 tblptrl 0FF6                   tblptru 0FF8               __accesstop 0060  
__end_of__initialization 0882            ___rparam_used 0001           __pcstackCOMRAM 0001  
                __Hparam 0000                  __Lparam 0000             __psmallconst 0800  
                __pcinit 0862                  __ramtop 0800                  __ptext0 0802  
                main@sum 000B     end_of_initialization 0882                  postdec1 0FE5  
                postdec2 0FDD                  postinc0 0FEE                  postinc2 0FDE  
          __pidataCOMRAM 0888      start_initialization 0862              __smallconst 0800  
              main@F3666 000F                copy_data0 0876                 __Hrparam 0000  
               __Lrparam 0000                 isa$xinst 0000  
