

Microchip MPLAB XC8 Assembler V3.00 build 20241204225717 
                                                                                               Tue Apr 29 22:17:38 2025

Microchip MPLAB XC8 C Compiler v3.00 (Free license) build 20241204225717 Og1 
     1                           	processor	18F4550
     2                           	fnconf	rparam,??,?,0
     3                           	pagewidth 120
     4                           	opt	flic
     5                           	psect	cinit,global,reloc=2,class=CODE,space=0,delta=1
     6                           	psect	cstackCOMRAM,global,class=COMRAM,space=1,delta=1,lowdata,noexec
     7                           	psect	text0,global,reloc=2,class=CODE,space=0,delta=1
     8                           	psect	smallconst,global,reloc=2,class=SMALLCONST,space=0,delta=1,noexec
     9                           	psect	intsave_regs,global,class=BIGRAM,space=1,delta=1,noexec
    10                           	psect	rparam,global,class=COMRAM,space=1,delta=1,noexec
    11   000000                     
    12                           ; Generated 17/01/2025 GMT
    13                           ; 
    14                           ; Copyright © 2025, Microchip Technology Inc. and its subsidiaries ("Microchip")
    15                           ; All rights reserved.
    16                           ; 
    17                           ; This software is developed by Microchip Technology Inc. and its subsidiaries ("Microch
      +                          ip").
    18                           ; 
    19                           ; Redistribution and use in source and binary forms, with or without modification, are
    20                           ; permitted provided that the following conditions are met:
    21                           ; 
    22                           ;     1. Redistributions of source code must retain the above copyright notice, this lis
      +                          t of
    23                           ;        conditions and the following disclaimer.
    24                           ; 
    25                           ;     2. Redistributions in binary form must reproduce the above copyright notice, this 
      +                          list
    26                           ;        of conditions and the following disclaimer in the documentation and/or other
    27                           ;        materials provided with the distribution. Publication is not required when
    28                           ;        this file is used in an embedded application.
    29                           ; 
    30                           ;     3. Microchip's name may not be used to endorse or promote products derived from th
      +                          is
    31                           ;        software without specific prior written permission.
    32                           ; 
    33                           ; THIS SOFTWARE IS PROVIDED BY MICROCHIP "AS IS" AND ANY EXPRESS OR IMPLIED WARRANTIES,
    34                           ; INCLUDING, BUT NOT LIMITED TO, THE IMPLIED WARRANTIES OF MERCHANTABILITY AND FITNESS F
      +                          OR
    35                           ; PURPOSE ARE DISCLAIMED.  IN NO EVENT SHALL MICROCHIP BE LIABLE FOR ANY DIRECT, INDIREC
      +                          T,
    36                           ; INCIDENTAL, SPECIAL, EXEMPLARY, OR CONSEQUENTIAL DAMAGES (INCLUDING BUT NOT LIMITED TO
    37                           ; PROCUREMENT OF SUBSTITUTE GOODS OR SERVICES; LOSS OF USE, DATA OR PROFITS; OR BUSINESS
    38                           ; INTERRUPTION) HOWSOEVER CAUSED AND ON ANY THEORY OF LIABILITY, WHETHER IN CONTRACT, ST
      +                          RICT
    39                           ; LIABILITY, OR TORT (INCLUDING NEGLIGENCE OR OTHERWISE) ARISING IN ANY WAY OUT OF THE U
      +                          SE OF
    40                           ; THIS SOFTWARE, EVEN IF ADVISED OF THE POSSIBILITY OF SUCH DAMAGE.
    41                           ; 
    42                           ; 
    43                           ; Code-generator required, PIC18F4550 Definitions
    44                           ; 
    45                           ; SFR Addresses
    46   000FE0                     bsr             equ	4064
    47   000FE9                     fsr0            equ	4073
    48   000FEA                     fsr0h           equ	4074
    49   000FE9                     fsr0l           equ	4073
    50   000FE1                     fsr1            equ	4065
    51   000FE2                     fsr1h           equ	4066
    52   000FE1                     fsr1l           equ	4065
    53   000FD9                     fsr2            equ	4057
    54   000FDA                     fsr2h           equ	4058
    55   000FD9                     fsr2l           equ	4057
    56   000FEF                     indf0           equ	4079
    57   000FE7                     indf1           equ	4071
    58   000FDF                     indf2           equ	4063
    59   000FF2                     intcon          equ	4082
    60   000000                     nvmcon          equ	0
    61   000FF9                     pcl             equ	4089
    62   000FFA                     pclath          equ	4090
    63   000FFB                     pclatu          equ	4091
    64   000FEB                     plusw0          equ	4075
    65   000FE3                     plusw1          equ	4067
    66   000FDB                     plusw2          equ	4059
    67   000FED                     postdec0        equ	4077
    68   000FE5                     postdec1        equ	4069
    69   000FDD                     postdec2        equ	4061
    70   000FEE                     postinc0        equ	4078
    71   000FE6                     postinc1        equ	4070
    72   000FDE                     postinc2        equ	4062
    73   000FEC                     preinc0         equ	4076
    74   000FE4                     preinc1         equ	4068
    75   000FDC                     preinc2         equ	4060
    76   000FF3                     prod            equ	4083
    77   000FF4                     prodh           equ	4084
    78   000FF3                     prodl           equ	4083
    79   000FD8                     status          equ	4056
    80   000FF5                     tablat          equ	4085
    81   000FF6                     tblptr          equ	4086
    82   000FF7                     tblptrh         equ	4087
    83   000FF6                     tblptrl         equ	4086
    84   000FF8                     tblptru         equ	4088
    85   000FFD                     tosl            equ	4093
    86   000FE8                     wreg            equ	4072
    87   000F62                     SPPDATA         equ	3938	;# 
    88   000F63                     SPPCFG          equ	3939	;# 
    89   000F64                     SPPEPS          equ	3940	;# 
    90   000F65                     SPPCON          equ	3941	;# 
    91   000F66                     UFRM            equ	3942	;# 
    92   000F66                     UFRML           equ	3942	;# 
    93   000F67                     UFRMH           equ	3943	;# 
    94   000F68                     UIR             equ	3944	;# 
    95   000F69                     UIE             equ	3945	;# 
    96   000F6A                     UEIR            equ	3946	;# 
    97   000F6B                     UEIE            equ	3947	;# 
    98   000F6C                     USTAT           equ	3948	;# 
    99   000F6D                     UCON            equ	3949	;# 
   100   000F6E                     UADDR           equ	3950	;# 
   101   000F6F                     UCFG            equ	3951	;# 
   102   000F70                     UEP0            equ	3952	;# 
   103   000F71                     UEP1            equ	3953	;# 
   104   000F72                     UEP2            equ	3954	;# 
   105   000F73                     UEP3            equ	3955	;# 
   106   000F74                     UEP4            equ	3956	;# 
   107   000F75                     UEP5            equ	3957	;# 
   108   000F76                     UEP6            equ	3958	;# 
   109   000F77                     UEP7            equ	3959	;# 
   110   000F78                     UEP8            equ	3960	;# 
   111   000F79                     UEP9            equ	3961	;# 
   112   000F7A                     UEP10           equ	3962	;# 
   113   000F7B                     UEP11           equ	3963	;# 
   114   000F7C                     UEP12           equ	3964	;# 
   115   000F7D                     UEP13           equ	3965	;# 
   116   000F7E                     UEP14           equ	3966	;# 
   117   000F7F                     UEP15           equ	3967	;# 
   118   000F80                     PORTA           equ	3968	;# 
   119   000F81                     PORTB           equ	3969	;# 
   120   000F82                     PORTC           equ	3970	;# 
   121   000F83                     PORTD           equ	3971	;# 
   122   000F84                     PORTE           equ	3972	;# 
   123   000F89                     LATA            equ	3977	;# 
   124   000F8A                     LATB            equ	3978	;# 
   125   000F8B                     LATC            equ	3979	;# 
   126   000F8C                     LATD            equ	3980	;# 
   127   000F8D                     LATE            equ	3981	;# 
   128   000F92                     TRISA           equ	3986	;# 
   129   000F92                     DDRA            equ	3986	;# 
   130   000F93                     TRISB           equ	3987	;# 
   131   000F93                     DDRB            equ	3987	;# 
   132   000F94                     TRISC           equ	3988	;# 
   133   000F94                     DDRC            equ	3988	;# 
   134   000F95                     TRISD           equ	3989	;# 
   135   000F95                     DDRD            equ	3989	;# 
   136   000F96                     TRISE           equ	3990	;# 
   137   000F96                     DDRE            equ	3990	;# 
   138   000F9B                     OSCTUNE         equ	3995	;# 
   139   000F9D                     PIE1            equ	3997	;# 
   140   000F9E                     PIR1            equ	3998	;# 
   141   000F9F                     IPR1            equ	3999	;# 
   142   000FA0                     PIE2            equ	4000	;# 
   143   000FA1                     PIR2            equ	4001	;# 
   144   000FA2                     IPR2            equ	4002	;# 
   145   000FA6                     EECON1          equ	4006	;# 
   146   000FA7                     EECON2          equ	4007	;# 
   147   000FA8                     EEDATA          equ	4008	;# 
   148   000FA9                     EEADR           equ	4009	;# 
   149   000FAB                     RCSTA           equ	4011	;# 
   150   000FAB                     RCSTA1          equ	4011	;# 
   151   000FAC                     TXSTA           equ	4012	;# 
   152   000FAC                     TXSTA1          equ	4012	;# 
   153   000FAD                     TXREG           equ	4013	;# 
   154   000FAD                     TXREG1          equ	4013	;# 
   155   000FAE                     RCREG           equ	4014	;# 
   156   000FAE                     RCREG1          equ	4014	;# 
   157   000FAF                     SPBRG           equ	4015	;# 
   158   000FAF                     SPBRG1          equ	4015	;# 
   159   000FB0                     SPBRGH          equ	4016	;# 
   160   000FB1                     T3CON           equ	4017	;# 
   161   000FB2                     TMR3            equ	4018	;# 
   162   000FB2                     TMR3L           equ	4018	;# 
   163   000FB3                     TMR3H           equ	4019	;# 
   164   000FB4                     CMCON           equ	4020	;# 
   165   000FB5                     CVRCON          equ	4021	;# 
   166   000FB6                     ECCP1AS         equ	4022	;# 
   167   000FB6                     CCP1AS          equ	4022	;# 
   168   000FB7                     ECCP1DEL        equ	4023	;# 
   169   000FB7                     CCP1DEL         equ	4023	;# 
   170   000FB8                     BAUDCON         equ	4024	;# 
   171   000FB8                     BAUDCTL         equ	4024	;# 
   172   000FBA                     CCP2CON         equ	4026	;# 
   173   000FBB                     CCPR2           equ	4027	;# 
   174   000FBB                     CCPR2L          equ	4027	;# 
   175   000FBC                     CCPR2H          equ	4028	;# 
   176   000FBD                     CCP1CON         equ	4029	;# 
   177   000FBD                     ECCP1CON        equ	4029	;# 
   178   000FBE                     CCPR1           equ	4030	;# 
   179   000FBE                     CCPR1L          equ	4030	;# 
   180   000FBF                     CCPR1H          equ	4031	;# 
   181   000FC0                     ADCON2          equ	4032	;# 
   182   000FC1                     ADCON1          equ	4033	;# 
   183   000FC2                     ADCON0          equ	4034	;# 
   184   000FC3                     ADRES           equ	4035	;# 
   185   000FC3                     ADRESL          equ	4035	;# 
   186   000FC4                     ADRESH          equ	4036	;# 
   187   000FC5                     SSPCON2         equ	4037	;# 
   188   000FC6                     SSPCON1         equ	4038	;# 
   189   000FC7                     SSPSTAT         equ	4039	;# 
   190   000FC8                     SSPADD          equ	4040	;# 
   191   000FC9                     SSPBUF          equ	4041	;# 
   192   000FCA                     T2CON           equ	4042	;# 
   193   000FCB                     PR2             equ	4043	;# 
   194   000FCB                     MEMCON          equ	4043	;# 
   195   000FCC                     TMR2            equ	4044	;# 
   196   000FCD                     T1CON           equ	4045	;# 
   197   000FCE                     TMR1            equ	4046	;# 
   198   000FCE                     TMR1L           equ	4046	;# 
   199   000FCF                     TMR1H           equ	4047	;# 
   200   000FD0                     RCON            equ	4048	;# 
   201   000FD1                     WDTCON          equ	4049	;# 
   202   000FD2                     HLVDCON         equ	4050	;# 
   203   000FD2                     LVDCON          equ	4050	;# 
   204   000FD3                     OSCCON          equ	4051	;# 
   205   000FD5                     T0CON           equ	4053	;# 
   206   000FD6                     TMR0            equ	4054	;# 
   207   000FD6                     TMR0L           equ	4054	;# 
   208   000FD7                     TMR0H           equ	4055	;# 
   209   000FD8                     STATUS          equ	4056	;# 
   210   000FD9                     FSR2            equ	4057	;# 
   211   000FD9                     FSR2L           equ	4057	;# 
   212   000FDA                     FSR2H           equ	4058	;# 
   213   000FDB                     PLUSW2          equ	4059	;# 
   214   000FDC                     PREINC2         equ	4060	;# 
   215   000FDD                     POSTDEC2        equ	4061	;# 
   216   000FDE                     POSTINC2        equ	4062	;# 
   217   000FDF                     INDF2           equ	4063	;# 
   218   000FE0                     BSR             equ	4064	;# 
   219   000FE1                     FSR1            equ	4065	;# 
   220   000FE1                     FSR1L           equ	4065	;# 
   221   000FE2                     FSR1H           equ	4066	;# 
   222   000FE3                     PLUSW1          equ	4067	;# 
   223   000FE4                     PREINC1         equ	4068	;# 
   224   000FE5                     POSTDEC1        equ	4069	;# 
   225   000FE6                     POSTINC1        equ	4070	;# 
   226   000FE7                     INDF1           equ	4071	;# 
   227   000FE8                     WREG            equ	4072	;# 
   228   000FE9                     FSR0            equ	4073	;# 
   229   000FE9                     FSR0L           equ	4073	;# 
   230   000FEA                     FSR0H           equ	4074	;# 
   231   000FEB                     PLUSW0          equ	4075	;# 
   232   000FEC                     PREINC0         equ	4076	;# 
   233   000FED                     POSTDEC0        equ	4077	;# 
   234   000FEE                     POSTINC0        equ	4078	;# 
   235   000FEF                     INDF0           equ	4079	;# 
   236   000FF0                     INTCON3         equ	4080	;# 
   237   000FF1                     INTCON2         equ	4081	;# 
   238   000FF2                     INTCON          equ	4082	;# 
   239   000FF3                     PROD            equ	4083	;# 
   240   000FF3                     PRODL           equ	4083	;# 
   241   000FF4                     PRODH           equ	4084	;# 
   242   000FF5                     TABLAT          equ	4085	;# 
   243   000FF6                     TBLPTR          equ	4086	;# 
   244   000FF6                     TBLPTRL         equ	4086	;# 
   245   000FF7                     TBLPTRH         equ	4087	;# 
   246   000FF8                     TBLPTRU         equ	4088	;# 
   247   000FF9                     PCLAT           equ	4089	;# 
   248   000FF9                     PC              equ	4089	;# 
   249   000FF9                     PCL             equ	4089	;# 
   250   000FFA                     PCLATH          equ	4090	;# 
   251   000FFB                     PCLATU          equ	4091	;# 
   252   000FFC                     STKPTR          equ	4092	;# 
   253   000FFD                     TOS             equ	4093	;# 
   254   000FFD                     TOSL            equ	4093	;# 
   255   000FFE                     TOSH            equ	4094	;# 
   256   000FFF                     TOSU            equ	4095	;# 
   257   000F83                     _PORTD          set	3971
   258   000F95                     _TRISD          set	3989
   259                           
   260                           ; #config settings
   261                           
   262                           	psect	cinit
   263   00080C                     __pcinit:
   264                           	callstack 0
   265   00080C                     start_initialization:
   266                           	callstack 0
   267   00080C                     __initialization:
   268                           	callstack 0
   269   00080C                     end_of_initialization:
   270                           	callstack 0
   271   00080C                     __end_of__initialization:
   272                           	callstack 0
   273   00080C  0100               	movlb	0
   274   00080E  EF01  F004         	goto	_main	;jump to C main() function
   275                           
   276                           	psect	cstackCOMRAM
   277   000000                     __pcstackCOMRAM:
   278                           	callstack 0
   279   000000                     
   280                           ; 1 bytes @ 0x0
   281 ;;
   282 ;;Main: autosize = 0, tempsize = 0, incstack = 0, save=0
   283 ;;
   284 ;; *************** function _main *****************
   285 ;; Defined at:
   286 ;;		line 12 in file "mul.c"
   287 ;; Parameters:    Size  Location     Type
   288 ;;		None
   289 ;; Auto vars:     Size  Location     Type
   290 ;;  mul             2    0        int 
   291 ;; Return value:  Size  Location     Type
   292 ;;                  1    wreg      void 
   293 ;; Registers used:
   294 ;;		wreg, status,2
   295 ;; Tracked objects:
   296 ;;		On entry : 0/0
   297 ;;		On exit  : 0/0
   298 ;;		Unchanged: 0/0
   299 ;; Data sizes:     COMRAM   BANK0   BANK1   BANK2   BANK3   BANK4   BANK5   BANK6   BANK7
   300 ;;      Params:         0       0       0       0       0       0       0       0       0
   301 ;;      Locals:         0       0       0       0       0       0       0       0       0
   302 ;;      Temps:          0       0       0       0       0       0       0       0       0
   303 ;;      Totals:         0       0       0       0       0       0       0       0       0
   304 ;;Total ram usage:        0 bytes
   305 ;; This function calls:
   306 ;;		Nothing
   307 ;; This function is called by:
   308 ;;		Startup code after reset
   309 ;; This function uses a non-reentrant model
   310 ;;
   311                           
   312                           	psect	text0
   313   000802                     __ptext0:
   314                           	callstack 0
   315   000802                     _main:
   316                           	callstack 31
   317   000802                     
   318                           ;mul.c: 16:     TRISD = 0;
   319   000802  6A95               	clrf	149,c	;volatile
   320   000804                     
   321                           ;mul.c: 17:     PORTD = mul;
   322   000804  0E0A               	movlw	10
   323   000806  6E83               	movwf	131,c	;volatile
   324   000808  EFFE  F03F         	goto	start
   325   00080C                     __end_of_main:
   326                           	callstack 0
   327                           
   328                           	psect	smallconst
   329   000800                     __psmallconst:
   330                           	callstack 0
   331   000800  00                 	db	0
   332   000801  00                 	db	0	; dummy byte at the end
   333   000800                     __smallconst    set	__psmallconst
   334   000800                     __mediumconst   set	__psmallconst
   335   000000                     __activetblptr  equ	0
   336                           
   337                           	psect	rparam
   338   000001                     ___rparam_used  equ	1
   339   000000                     ___param_bank   equ	0
   340   000000                     __Lparam        equ	__Lrparam
   341   000000                     __Hparam        equ	__Hrparam
   342                           tosu	equ	0xFFF
   343                           tosh	equ	0xFFE
   344                           tosl	equ	0xFFD
   345                           stkptr	equ	0xFFC
   346                           pclatu	equ	0xFFB
   347                           pclath	equ	0xFFA
   348                           pcl	equ	0xFF9
   349                           tblptru	equ	0xFF8
   350                           tblptrh	equ	0xFF7
   351                           tblptrl	equ	0xFF6
   352                           tablat	equ	0xFF5
   353                           prodh	equ	0xFF4
   354                           prodl	equ	0xFF3
   355                           indf0	equ	0xFEF
   356                           postinc0	equ	0xFEE
   357                           postdec0	equ	0xFED
   358                           preinc0	equ	0xFEC
   359                           plusw0	equ	0xFEB
   360                           fsr0h	equ	0xFEA
   361                           fsr0l	equ	0xFE9
   362                           wreg	equ	0xFE8
   363                           indf1	equ	0xFE7
   364                           postinc1	equ	0xFE6
   365                           postdec1	equ	0xFE5
   366                           preinc1	equ	0xFE4
   367                           plusw1	equ	0xFE3
   368                           fsr1h	equ	0xFE2
   369                           fsr1l	equ	0xFE1
   370                           bsr	equ	0xFE0
   371                           indf2	equ	0xFDF
   372                           postinc2	equ	0xFDE
   373                           postdec2	equ	0xFDD
   374                           preinc2	equ	0xFDC
   375                           plusw2	equ	0xFDB
   376                           fsr2h	equ	0xFDA
   377                           fsr2l	equ	0xFD9
   378                           status	equ	0xFD8

Data Sizes:
    Strings     0
    Constant    0
    Data        0
    BSS         0
    Persistent  0
    Stack       0

Auto Spaces:
    Space          Size  Autos    Used
    COMRAM           95      0       0
    BANK0           160      0       0
    BANK1           256      0       0
    BANK2           256      0       0
    BANK3           256      0       0
    BANK4           256      0       0
    BANK5           256      0       0
    BANK6           256      0       0
    BANK7           256      0       0

Pointer List with Targets:

    None.

Critical Paths under _main in COMRAM

    None.

Critical Paths under _main in BANK0

    None.

Critical Paths under _main in BANK1

    None.

Critical Paths under _main in BANK2

    None.

Critical Paths under _main in BANK3

    None.

Critical Paths under _main in BANK4

    None.

Critical Paths under _main in BANK5

    None.

Critical Paths under _main in BANK6

    None.

Critical Paths under _main in BANK7

    None.

Call Graph Tables:

 ---------------------------------------------------------------------------------
 (Depth) Function   	        Calls       Base Space   Used Autos Params    Refs
 ---------------------------------------------------------------------------------
 (0) _main                                                 2     2      0      15
 ---------------------------------------------------------------------------------
 Estimated maximum stack depth 0
 ---------------------------------------------------------------------------------

 Call Graph Graphs:

 _main (ROOT)

Address spaces:
Name               Size   Autos  Total    Usage
BITCOMRAM           95      0       0      0.0%
BITBANK0           160      0       0      0.0%
BITBANK1           256      0       0      0.0%
BITBANK2           256      0       0      0.0%
BITBANK3           256      0       0      0.0%
BITBANK4           256      0       0      0.0%
BITBANK5           256      0       0      0.0%
BITBANK6           256      0       0      0.0%
BITBANK7           256      0       0      0.0%
BITBIGSFRh         124      0       0      0.0%
BITBIGSFRl          35      0       0      0.0%
COMRAM              95      0       0      0.0%
BANK0              160      0       0      0.0%
BANK1              256      0       0      0.0%
BANK2              256      0       0      0.0%
BANK3              256      0       0      0.0%
BANK4              256      0       0      0.0%
BANK5              256      0       0      0.0%
BANK6              256      0       0      0.0%
BANK7              256      0       0      0.0%
BIGRAM            2047      0       0      0.0%
STACK                0      0       0      0.0%
DATA                 0      0       0      0.0%


Microchip Technology PIC18 Macro Assembler V3.00 build 20241204225717 
Symbol Table                                                                                   Tue Apr 29 22:17:38 2025

                      l9 0808                      l685 0802                      l687 0802  
                    l689 0804                     _main 0802                     start 7FFC  
           ___param_bank 0000                    ?_main 0000                    _PORTD 0F83  
                  _TRISD 0F95          __initialization 080C             __end_of_main 080C  
                 ??_main 0000            __activetblptr 0000                   isa$std 0001  
           __mediumconst 0800               __accesstop 0060  __end_of__initialization 080C  
          ___rparam_used 0001           __pcstackCOMRAM 0000                  __Hparam 0000  
                __Lparam 0000             __psmallconst 0800                  __pcinit 080C  
                __ramtop 0800                  __ptext0 0802     end_of_initialization 080C  
    start_initialization 080C              __smallconst 0800                 __Hrparam 0000  
               __Lrparam 0000                 isa$xinst 0000  
