

Microchip MPLAB XC8 Assembler V3.00 build 20241204225717 
                                                                                               Wed Apr 30 15:28:58 2025

Microchip MPLAB XC8 C Compiler v3.00 (Free license) build 20241204225717 Og1 
     1                           	processor	18F4550
     2                           	fnconf	rparam,??,?,0
     3                           	pagewidth 120
     4                           	opt	flic
     5                           	psect	idataCOMRAM,global,class=CODE,space=0,delta=1,noexec
     6                           	psect	cinit,global,reloc=2,class=CODE,space=0,delta=1
     7                           	psect	bssCOMRAM,global,class=COMRAM,space=1,delta=1,lowdata,noexec
     8                           	psect	dataCOMRAM,global,class=COMRAM,space=1,delta=1,lowdata,noexec
     9                           	psect	cstackCOMRAM,global,class=COMRAM,space=1,delta=1,lowdata,noexec
    10                           	psect	text0,global,reloc=2,class=CODE,space=0,delta=1
    11                           	psect	smallconst,global,reloc=2,class=SMALLCONST,space=0,delta=1,noexec
    12                           	psect	intsave_regs,global,class=BIGRAM,space=1,delta=1,noexec
    13                           	psect	rparam,global,class=COMRAM,space=1,delta=1,noexec
    14   000000                     
    15                           ; Generated 17/01/2025 GMT
    16                           ; 
    17                           ; Copyright © 2025, Microchip Technology Inc. and its subsidiaries ("Microchip")
    18                           ; All rights reserved.
    19                           ; 
    20                           ; This software is developed by Microchip Technology Inc. and its subsidiaries ("Microch
      +                          ip").
    21                           ; 
    22                           ; Redistribution and use in source and binary forms, with or without modification, are
    23                           ; permitted provided that the following conditions are met:
    24                           ; 
    25                           ;     1. Redistributions of source code must retain the above copyright notice, this lis
      +                          t of
    26                           ;        conditions and the following disclaimer.
    27                           ; 
    28                           ;     2. Redistributions in binary form must reproduce the above copyright notice, this 
      +                          list
    29                           ;        of conditions and the following disclaimer in the documentation and/or other
    30                           ;        materials provided with the distribution. Publication is not required when
    31                           ;        this file is used in an embedded application.
    32                           ; 
    33                           ;     3. Microchip's name may not be used to endorse or promote products derived from th
      +                          is
    34                           ;        software without specific prior written permission.
    35                           ; 
    36                           ; THIS SOFTWARE IS PROVIDED BY MICROCHIP "AS IS" AND ANY EXPRESS OR IMPLIED WARRANTIES,
    37                           ; INCLUDING, BUT NOT LIMITED TO, THE IMPLIED WARRANTIES OF MERCHANTABILITY AND FITNESS F
      +                          OR
    38                           ; PURPOSE ARE DISCLAIMED.  IN NO EVENT SHALL MICROCHIP BE LIABLE FOR ANY DIRECT, INDIREC
      +                          T,
    39                           ; INCIDENTAL, SPECIAL, EXEMPLARY, OR CONSEQUENTIAL DAMAGES (INCLUDING BUT NOT LIMITED TO
    40                           ; PROCUREMENT OF SUBSTITUTE GOODS OR SERVICES; LOSS OF USE, DATA OR PROFITS; OR BUSINESS
    41                           ; INTERRUPTION) HOWSOEVER CAUSED AND ON ANY THEORY OF LIABILITY, WHETHER IN CONTRACT, ST
      +                          RICT
    42                           ; LIABILITY, OR TORT (INCLUDING NEGLIGENCE OR OTHERWISE) ARISING IN ANY WAY OUT OF THE U
      +                          SE OF
    43                           ; THIS SOFTWARE, EVEN IF ADVISED OF THE POSSIBILITY OF SUCH DAMAGE.
    44                           ; 
    45                           ; 
    46                           ; Code-generator required, PIC18F4550 Definitions
    47                           ; 
    48                           ; SFR Addresses
    49   000FE0                     bsr             equ	4064
    50   000FE9                     fsr0            equ	4073
    51   000FEA                     fsr0h           equ	4074
    52   000FE9                     fsr0l           equ	4073
    53   000FE1                     fsr1            equ	4065
    54   000FE2                     fsr1h           equ	4066
    55   000FE1                     fsr1l           equ	4065
    56   000FD9                     fsr2            equ	4057
    57   000FDA                     fsr2h           equ	4058
    58   000FD9                     fsr2l           equ	4057
    59   000FEF                     indf0           equ	4079
    60   000FE7                     indf1           equ	4071
    61   000FDF                     indf2           equ	4063
    62   000FF2                     intcon          equ	4082
    63   000000                     nvmcon          equ	0
    64   000FF9                     pcl             equ	4089
    65   000FFA                     pclath          equ	4090
    66   000FFB                     pclatu          equ	4091
    67   000FEB                     plusw0          equ	4075
    68   000FE3                     plusw1          equ	4067
    69   000FDB                     plusw2          equ	4059
    70   000FED                     postdec0        equ	4077
    71   000FE5                     postdec1        equ	4069
    72   000FDD                     postdec2        equ	4061
    73   000FEE                     postinc0        equ	4078
    74   000FE6                     postinc1        equ	4070
    75   000FDE                     postinc2        equ	4062
    76   000FEC                     preinc0         equ	4076
    77   000FE4                     preinc1         equ	4068
    78   000FDC                     preinc2         equ	4060
    79   000FF3                     prod            equ	4083
    80   000FF4                     prodh           equ	4084
    81   000FF3                     prodl           equ	4083
    82   000FD8                     status          equ	4056
    83   000FF5                     tablat          equ	4085
    84   000FF6                     tblptr          equ	4086
    85   000FF7                     tblptrh         equ	4087
    86   000FF6                     tblptrl         equ	4086
    87   000FF8                     tblptru         equ	4088
    88   000FFD                     tosl            equ	4093
    89   000FE8                     wreg            equ	4072
    90   000F62                     SPPDATA         equ	3938	;# 
    91   000F63                     SPPCFG          equ	3939	;# 
    92   000F64                     SPPEPS          equ	3940	;# 
    93   000F65                     SPPCON          equ	3941	;# 
    94   000F66                     UFRM            equ	3942	;# 
    95   000F66                     UFRML           equ	3942	;# 
    96   000F67                     UFRMH           equ	3943	;# 
    97   000F68                     UIR             equ	3944	;# 
    98   000F69                     UIE             equ	3945	;# 
    99   000F6A                     UEIR            equ	3946	;# 
   100   000F6B                     UEIE            equ	3947	;# 
   101   000F6C                     USTAT           equ	3948	;# 
   102   000F6D                     UCON            equ	3949	;# 
   103   000F6E                     UADDR           equ	3950	;# 
   104   000F6F                     UCFG            equ	3951	;# 
   105   000F70                     UEP0            equ	3952	;# 
   106   000F71                     UEP1            equ	3953	;# 
   107   000F72                     UEP2            equ	3954	;# 
   108   000F73                     UEP3            equ	3955	;# 
   109   000F74                     UEP4            equ	3956	;# 
   110   000F75                     UEP5            equ	3957	;# 
   111   000F76                     UEP6            equ	3958	;# 
   112   000F77                     UEP7            equ	3959	;# 
   113   000F78                     UEP8            equ	3960	;# 
   114   000F79                     UEP9            equ	3961	;# 
   115   000F7A                     UEP10           equ	3962	;# 
   116   000F7B                     UEP11           equ	3963	;# 
   117   000F7C                     UEP12           equ	3964	;# 
   118   000F7D                     UEP13           equ	3965	;# 
   119   000F7E                     UEP14           equ	3966	;# 
   120   000F7F                     UEP15           equ	3967	;# 
   121   000F80                     PORTA           equ	3968	;# 
   122   000F81                     PORTB           equ	3969	;# 
   123   000F82                     PORTC           equ	3970	;# 
   124   000F83                     PORTD           equ	3971	;# 
   125   000F84                     PORTE           equ	3972	;# 
   126   000F89                     LATA            equ	3977	;# 
   127   000F8A                     LATB            equ	3978	;# 
   128   000F8B                     LATC            equ	3979	;# 
   129   000F8C                     LATD            equ	3980	;# 
   130   000F8D                     LATE            equ	3981	;# 
   131   000F92                     TRISA           equ	3986	;# 
   132   000F92                     DDRA            equ	3986	;# 
   133   000F93                     TRISB           equ	3987	;# 
   134   000F93                     DDRB            equ	3987	;# 
   135   000F94                     TRISC           equ	3988	;# 
   136   000F94                     DDRC            equ	3988	;# 
   137   000F95                     TRISD           equ	3989	;# 
   138   000F95                     DDRD            equ	3989	;# 
   139   000F96                     TRISE           equ	3990	;# 
   140   000F96                     DDRE            equ	3990	;# 
   141   000F9B                     OSCTUNE         equ	3995	;# 
   142   000F9D                     PIE1            equ	3997	;# 
   143   000F9E                     PIR1            equ	3998	;# 
   144   000F9F                     IPR1            equ	3999	;# 
   145   000FA0                     PIE2            equ	4000	;# 
   146   000FA1                     PIR2            equ	4001	;# 
   147   000FA2                     IPR2            equ	4002	;# 
   148   000FA6                     EECON1          equ	4006	;# 
   149   000FA7                     EECON2          equ	4007	;# 
   150   000FA8                     EEDATA          equ	4008	;# 
   151   000FA9                     EEADR           equ	4009	;# 
   152   000FAB                     RCSTA           equ	4011	;# 
   153   000FAB                     RCSTA1          equ	4011	;# 
   154   000FAC                     TXSTA           equ	4012	;# 
   155   000FAC                     TXSTA1          equ	4012	;# 
   156   000FAD                     TXREG           equ	4013	;# 
   157   000FAD                     TXREG1          equ	4013	;# 
   158   000FAE                     RCREG           equ	4014	;# 
   159   000FAE                     RCREG1          equ	4014	;# 
   160   000FAF                     SPBRG           equ	4015	;# 
   161   000FAF                     SPBRG1          equ	4015	;# 
   162   000FB0                     SPBRGH          equ	4016	;# 
   163   000FB1                     T3CON           equ	4017	;# 
   164   000FB2                     TMR3            equ	4018	;# 
   165   000FB2                     TMR3L           equ	4018	;# 
   166   000FB3                     TMR3H           equ	4019	;# 
   167   000FB4                     CMCON           equ	4020	;# 
   168   000FB5                     CVRCON          equ	4021	;# 
   169   000FB6                     ECCP1AS         equ	4022	;# 
   170   000FB6                     CCP1AS          equ	4022	;# 
   171   000FB7                     ECCP1DEL        equ	4023	;# 
   172   000FB7                     CCP1DEL         equ	4023	;# 
   173   000FB8                     BAUDCON         equ	4024	;# 
   174   000FB8                     BAUDCTL         equ	4024	;# 
   175   000FBA                     CCP2CON         equ	4026	;# 
   176   000FBB                     CCPR2           equ	4027	;# 
   177   000FBB                     CCPR2L          equ	4027	;# 
   178   000FBC                     CCPR2H          equ	4028	;# 
   179   000FBD                     CCP1CON         equ	4029	;# 
   180   000FBD                     ECCP1CON        equ	4029	;# 
   181   000FBE                     CCPR1           equ	4030	;# 
   182   000FBE                     CCPR1L          equ	4030	;# 
   183   000FBF                     CCPR1H          equ	4031	;# 
   184   000FC0                     ADCON2          equ	4032	;# 
   185   000FC1                     ADCON1          equ	4033	;# 
   186   000FC2                     ADCON0          equ	4034	;# 
   187   000FC3                     ADRES           equ	4035	;# 
   188   000FC3                     ADRESL          equ	4035	;# 
   189   000FC4                     ADRESH          equ	4036	;# 
   190   000FC5                     SSPCON2         equ	4037	;# 
   191   000FC6                     SSPCON1         equ	4038	;# 
   192   000FC7                     SSPSTAT         equ	4039	;# 
   193   000FC8                     SSPADD          equ	4040	;# 
   194   000FC9                     SSPBUF          equ	4041	;# 
   195   000FCA                     T2CON           equ	4042	;# 
   196   000FCB                     PR2             equ	4043	;# 
   197   000FCB                     MEMCON          equ	4043	;# 
   198   000FCC                     TMR2            equ	4044	;# 
   199   000FCD                     T1CON           equ	4045	;# 
   200   000FCE                     TMR1            equ	4046	;# 
   201   000FCE                     TMR1L           equ	4046	;# 
   202   000FCF                     TMR1H           equ	4047	;# 
   203   000FD0                     RCON            equ	4048	;# 
   204   000FD1                     WDTCON          equ	4049	;# 
   205   000FD2                     HLVDCON         equ	4050	;# 
   206   000FD2                     LVDCON          equ	4050	;# 
   207   000FD3                     OSCCON          equ	4051	;# 
   208   000FD5                     T0CON           equ	4053	;# 
   209   000FD6                     TMR0            equ	4054	;# 
   210   000FD6                     TMR0L           equ	4054	;# 
   211   000FD7                     TMR0H           equ	4055	;# 
   212   000FD8                     STATUS          equ	4056	;# 
   213   000FD9                     FSR2            equ	4057	;# 
   214   000FD9                     FSR2L           equ	4057	;# 
   215   000FDA                     FSR2H           equ	4058	;# 
   216   000FDB                     PLUSW2          equ	4059	;# 
   217   000FDC                     PREINC2         equ	4060	;# 
   218   000FDD                     POSTDEC2        equ	4061	;# 
   219   000FDE                     POSTINC2        equ	4062	;# 
   220   000FDF                     INDF2           equ	4063	;# 
   221   000FE0                     BSR             equ	4064	;# 
   222   000FE1                     FSR1            equ	4065	;# 
   223   000FE1                     FSR1L           equ	4065	;# 
   224   000FE2                     FSR1H           equ	4066	;# 
   225   000FE3                     PLUSW1          equ	4067	;# 
   226   000FE4                     PREINC1         equ	4068	;# 
   227   000FE5                     POSTDEC1        equ	4069	;# 
   228   000FE6                     POSTINC1        equ	4070	;# 
   229   000FE7                     INDF1           equ	4071	;# 
   230   000FE8                     WREG            equ	4072	;# 
   231   000FE9                     FSR0            equ	4073	;# 
   232   000FE9                     FSR0L           equ	4073	;# 
   233   000FEA                     FSR0H           equ	4074	;# 
   234   000FEB                     PLUSW0          equ	4075	;# 
   235   000FEC                     PREINC0         equ	4076	;# 
   236   000FED                     POSTDEC0        equ	4077	;# 
   237   000FEE                     POSTINC0        equ	4078	;# 
   238   000FEF                     INDF0           equ	4079	;# 
   239   000FF0                     INTCON3         equ	4080	;# 
   240   000FF1                     INTCON2         equ	4081	;# 
   241   000FF2                     INTCON          equ	4082	;# 
   242   000FF3                     PROD            equ	4083	;# 
   243   000FF3                     PRODL           equ	4083	;# 
   244   000FF4                     PRODH           equ	4084	;# 
   245   000FF5                     TABLAT          equ	4085	;# 
   246   000FF6                     TBLPTR          equ	4086	;# 
   247   000FF6                     TBLPTRL         equ	4086	;# 
   248   000FF7                     TBLPTRH         equ	4087	;# 
   249   000FF8                     TBLPTRU         equ	4088	;# 
   250   000FF9                     PCLAT           equ	4089	;# 
   251   000FF9                     PC              equ	4089	;# 
   252   000FF9                     PCL             equ	4089	;# 
   253   000FFA                     PCLATH          equ	4090	;# 
   254   000FFB                     PCLATU          equ	4091	;# 
   255   000FFC                     STKPTR          equ	4092	;# 
   256   000FFD                     TOS             equ	4093	;# 
   257   000FFD                     TOSL            equ	4093	;# 
   258   000FFE                     TOSH            equ	4094	;# 
   259   000FFF                     TOSU            equ	4095	;# 
   260                           
   261                           	psect	idataCOMRAM
   262   00089E                     __pidataCOMRAM:
   263                           	callstack 0
   264                           
   265                           ;initializer for main@F3667
   266   00089E  0021               	dw	33
   267   0008A0  0022               	dw	34
   268   0008A2  0023               	dw	35
   269   0008A4  0024               	dw	36
   270   0008A6  0025               	dw	37
   271                           
   272                           ; #config settings
   273                           
   274                           	psect	cinit
   275   00086C                     __pcinit:
   276                           	callstack 0
   277   00086C                     start_initialization:
   278                           	callstack 0
   279   00086C                     __initialization:
   280                           	callstack 0
   281                           
   282                           ; Initialize objects allocated to COMRAM (10 bytes)
   283                           ; load TBLPTR registers with __pidataCOMRAM
   284   00086C  0E9E               	movlw	low __pidataCOMRAM
   285   00086E  6EF6               	movwf	tblptrl,c
   286   000870  0E08               	movlw	high __pidataCOMRAM
   287   000872  6EF7               	movwf	tblptrh,c
   288   000874  0E00               	movlw	low (__pidataCOMRAM shr (0+16))
   289   000876  6EF8               	movwf	tblptru,c
   290   000878  EE00  F021         	lfsr	0,__pdataCOMRAM
   291   00087C  EE10 F00A          	lfsr	1,10
   292   000880                     copy_data0:
   293   000880  0009               	tblrd		*+
   294   000882  CFF5 FFEE          	movff	tablat,postinc0
   295   000886  50E5               	movf	postdec1,w,c
   296   000888  50E1               	movf	fsr1l,w,c
   297   00088A  E1FA               	bnz	copy_data0
   298                           
   299                           ; Clear objects allocated to COMRAM (10 bytes)
   300   00088C  EE00  F017         	lfsr	0,__pbssCOMRAM
   301   000890  0E0A               	movlw	10
   302   000892                     clear_0:
   303   000892  6AEE               	clrf	postinc0,c
   304   000894  06E8               	decf	wreg,f,c
   305   000896  E1FD               	bnz	clear_0
   306   000898                     end_of_initialization:
   307                           	callstack 0
   308   000898                     __end_of__initialization:
   309                           	callstack 0
   310   000898  0100               	movlb	0
   311   00089A  EF01  F004         	goto	_main	;jump to C main() function
   312                           
   313                           	psect	bssCOMRAM
   314   000017                     __pbssCOMRAM:
   315                           	callstack 0
   316   000017                     	ds	10
   317                           
   318                           	psect	dataCOMRAM
   319   000021                     __pdataCOMRAM:
   320                           	callstack 0
   321   000021                     main@F3667:
   322                           	callstack 0
   323   000021                     	ds	10
   324                           
   325                           	psect	cstackCOMRAM
   326   000001                     __pcstackCOMRAM:
   327                           	callstack 0
   328   000001                     main@source:
   329                           	callstack 0
   330   000001                     
   331                           ; 1 bytes @ 0x0
   332   000001                     	ds	10
   333   00000B                     main@dest:
   334                           	callstack 0
   335                           
   336                           ; 10 bytes @ 0xA
   337   00000B                     	ds	10
   338   000015                     main@i:
   339                           	callstack 0
   340                           
   341                           ; 2 bytes @ 0x14
   342   000015                     	ds	2
   343                           
   344 ;;
   345 ;;Main: autosize = 0, tempsize = 0, incstack = 0, save=0
   346 ;;
   347 ;; *************** function _main *****************
   348 ;; Defined at:
   349 ;;		line 12 in file "imt.c"
   350 ;; Parameters:    Size  Location     Type
   351 ;;		None
   352 ;; Auto vars:     Size  Location     Type
   353 ;;  dest           10   10[COMRAM] int [5]
   354 ;;  source         10    0[COMRAM] int [5]
   355 ;;  i               2   20[COMRAM] int 
   356 ;;  temp            2    0        int 
   357 ;; Return value:  Size  Location     Type
   358 ;;                  1    wreg      void 
   359 ;; Registers used:
   360 ;;		wreg, fsr1l, fsr1h, fsr2l, fsr2h, status,2, status,0, prodl, prodh
   361 ;; Tracked objects:
   362 ;;		On entry : 0/0
   363 ;;		On exit  : 0/0
   364 ;;		Unchanged: 0/0
   365 ;; Data sizes:     COMRAM   BANK0   BANK1   BANK2   BANK3   BANK4   BANK5   BANK6   BANK7
   366 ;;      Params:         0       0       0       0       0       0       0       0       0
   367 ;;      Locals:        22       0       0       0       0       0       0       0       0
   368 ;;      Temps:          0       0       0       0       0       0       0       0       0
   369 ;;      Totals:        22       0       0       0       0       0       0       0       0
   370 ;;Total ram usage:       22 bytes
   371 ;; This function calls:
   372 ;;		Nothing
   373 ;; This function is called by:
   374 ;;		Startup code after reset
   375 ;; This function uses a non-reentrant model
   376 ;;
   377                           
   378                           	psect	text0
   379   000802                     __ptext0:
   380                           	callstack 0
   381   000802                     _main:
   382                           	callstack 31
   383   000802                     
   384                           ;imt.c: 13:     int temp,i;;imt.c: 14:     int source[]={0x21,0x22,0x23,0x24,0x25};
   385   000802  EE20  F021         	lfsr	2,main@F3667
   386   000806  EE10  F001         	lfsr	1,main@source
   387   00080A  0E09               	movlw	9
   388   00080C                     u11:
   389   00080C  CFDB FFE3          	movff	plusw2,plusw1
   390   000810  06E8               	decf	wreg,f,c
   391   000812  E2FC               	bc	u11
   392   000814                     
   393                           ;imt.c: 15:     int dest[]={0x00,0x00,0x00,0x00,0x00};
   394   000814  EE20  F00B         	lfsr	2,main@dest
   395   000818  0E09               	movlw	9
   396   00081A                     u21:
   397   00081A  6ADE               	clrf	postinc2,c
   398   00081C  06E8               	decf	wreg,f,c
   399   00081E  E2FD               	bc	u21
   400   000820                     
   401                           ;imt.c: 17:     for(i=0;i<=4;i++){
   402   000820  0E00               	movlw	0
   403   000822  6E16               	movwf	(main@i+1)^0,c
   404   000824  0E00               	movlw	0
   405   000826  6E15               	movwf	main@i^0,c
   406   000828                     l697:
   407                           
   408                           ;imt.c: 18:         dest[i]=source[i];
   409   000828  5015               	movf	main@i^0,w,c
   410   00082A  0D02               	mullw	2
   411   00082C  50F3               	movf	243,w,c
   412   00082E  0F01               	addlw	low main@source
   413   000830  6ED9               	movwf	fsr2l,c
   414   000832  6ADA               	clrf	fsr2h,c
   415   000834  5015               	movf	main@i^0,w,c
   416   000836  0D02               	mullw	2
   417   000838  50F3               	movf	243,w,c
   418   00083A  0F0B               	addlw	low main@dest
   419   00083C  6EE1               	movwf	fsr1l,c
   420   00083E  6AE2               	clrf	fsr1h,c
   421   000840  CFDE FFE6          	movff	postinc2,postinc1
   422   000844  CFDD FFE5          	movff	postdec2,postdec1
   423   000848                     
   424                           ;imt.c: 19:     }
   425   000848  4A15               	infsnz	main@i^0,f,c
   426   00084A  2A16               	incf	(main@i+1)^0,f,c
   427   00084C  BE16               	btfsc	(main@i+1)^0,7,c
   428   00084E  EF32  F004         	goto	u31
   429   000852  5016               	movf	(main@i+1)^0,w,c
   430   000854  E109               	bnz	u30
   431   000856  0E05               	movlw	5
   432   000858  5C15               	subwf	main@i^0,w,c
   433   00085A  A0D8               	btfss	status,0,c
   434   00085C  EF32  F004         	goto	u31
   435   000860  EF34  F004         	goto	u30
   436   000864                     u31:
   437   000864  EF14  F004         	goto	l697
   438   000868                     u30:
   439   000868  EFFE  F03F         	goto	start
   440   00086C                     __end_of_main:
   441                           	callstack 0
   442                           
   443                           	psect	smallconst
   444   000800                     __psmallconst:
   445                           	callstack 0
   446   000800  00                 	db	0
   447   000801  00                 	db	0	; dummy byte at the end
   448   000800                     __smallconst    set	__psmallconst
   449   000800                     __mediumconst   set	__psmallconst
   450   000000                     __activetblptr  equ	0
   451                           
   452                           	psect	rparam
   453   000001                     ___rparam_used  equ	1
   454   000000                     ___param_bank   equ	0
   455   000000                     __Lparam        equ	__Lrparam
   456   000000                     __Hparam        equ	__Hrparam
   457                           tosu	equ	0xFFF
   458                           tosh	equ	0xFFE
   459                           tosl	equ	0xFFD
   460                           stkptr	equ	0xFFC
   461                           pclatu	equ	0xFFB
   462                           pclath	equ	0xFFA
   463                           pcl	equ	0xFF9
   464                           tblptru	equ	0xFF8
   465                           tblptrh	equ	0xFF7
   466                           tblptrl	equ	0xFF6
   467                           tablat	equ	0xFF5
   468                           prodh	equ	0xFF4
   469                           prodl	equ	0xFF3
   470                           indf0	equ	0xFEF
   471                           postinc0	equ	0xFEE
   472                           postdec0	equ	0xFED
   473                           preinc0	equ	0xFEC
   474                           plusw0	equ	0xFEB
   475                           fsr0h	equ	0xFEA
   476                           fsr0l	equ	0xFE9
   477                           wreg	equ	0xFE8
   478                           indf1	equ	0xFE7
   479                           postinc1	equ	0xFE6
   480                           postdec1	equ	0xFE5
   481                           preinc1	equ	0xFE4
   482                           plusw1	equ	0xFE3
   483                           fsr1h	equ	0xFE2
   484                           fsr1l	equ	0xFE1
   485                           bsr	equ	0xFE0
   486                           indf2	equ	0xFDF
   487                           postinc2	equ	0xFDE
   488                           postdec2	equ	0xFDD
   489                           preinc2	equ	0xFDC
   490                           plusw2	equ	0xFDB
   491                           fsr2h	equ	0xFDA
   492                           fsr2l	equ	0xFD9
   493                           status	equ	0xFD8

Data Sizes:
    Strings     0
    Constant    0
    Data        10
    BSS         10
    Persistent  0
    Stack       0

Auto Spaces:
    Space          Size  Autos    Used
    COMRAM           95     22      42
    BANK0           160      0       0
    BANK1           256      0       0
    BANK2           256      0       0
    BANK3           256      0       0
    BANK4           256      0       0
    BANK5           256      0       0
    BANK6           256      0       0
    BANK7           256      0       0

Pointer List with Targets:

    None.

Critical Paths under _main in COMRAM

    None.

Critical Paths under _main in BANK0

    None.

Critical Paths under _main in BANK1

    None.

Critical Paths under _main in BANK2

    None.

Critical Paths under _main in BANK3

    None.

Critical Paths under _main in BANK4

    None.

Critical Paths under _main in BANK5

    None.

Critical Paths under _main in BANK6

    None.

Critical Paths under _main in BANK7

    None.

Call Graph Tables:

 ---------------------------------------------------------------------------------
 (Depth) Function   	        Calls       Base Space   Used Autos Params    Refs
 ---------------------------------------------------------------------------------
 (0) _main                                                24    24      0      90
                                              0 COMRAM    22    22      0
 ---------------------------------------------------------------------------------
 Estimated maximum stack depth 0
 ---------------------------------------------------------------------------------

 Call Graph Graphs:

 _main (ROOT)

Address spaces:
Name               Size   Autos  Total    Usage
BIGRAM            2047      0       0      0.0%
BITBANK7           256      0       0      0.0%
BANK7              256      0       0      0.0%
BITBANK6           256      0       0      0.0%
BANK6              256      0       0      0.0%
BITBANK5           256      0       0      0.0%
BANK5              256      0       0      0.0%
BITBANK4           256      0       0      0.0%
BANK4              256      0       0      0.0%
BITBANK3           256      0       0      0.0%
BANK3              256      0       0      0.0%
BITBANK2           256      0       0      0.0%
BANK2              256      0       0      0.0%
BITBANK1           256      0       0      0.0%
BANK1              256      0       0      0.0%
BITBIGSFR          160      0       0      0.0%
BITBANK0           160      0       0      0.0%
BANK0              160      0       0      0.0%
BITCOMRAM           95      0       0      0.0%
COMRAM              95     22      42     44.2%
STACK                0      0       0      0.0%
DATA                 0      0      42      0.0%


Microchip Technology PIC18 Macro Assembler V3.00 build 20241204225717 
Symbol Table                                                                                   Wed Apr 30 15:28:58 2025

                     l11 0868                       u11 080C                       u21 081A  
                     u30 0868                       u31 0864                      l701 084C  
                    l691 0820                      l687 0802                      l697 0828  
                    l689 0814                      l699 0848                      wreg 0FE8  
                   _main 0802                     fsr1h 0FE2                     fsr2h 0FDA  
                   fsr1l 0FE1                     fsr2l 0FD9                     prodl 0FF3  
                   start 7FFC             ___param_bank 0000                    ?_main 0001  
                  main@i 0015                    tablat 0FF5                    plusw1 0FE3  
                  plusw2 0FDB                    status 0FD8          __initialization 086C  
           __end_of_main 086C                   ??_main 0001            __activetblptr 0000  
                 clear_0 0892                   isa$std 0001             __pdataCOMRAM 0021  
           __mediumconst 0800                   tblptrh 0FF7                   tblptrl 0FF6  
                 tblptru 0FF8               __accesstop 0060  __end_of__initialization 0898  
          ___rparam_used 0001           __pcstackCOMRAM 0001                  __Hparam 0000  
                __Lparam 0000             __psmallconst 0800                  __pcinit 086C  
                __ramtop 0800                  __ptext0 0802     end_of_initialization 0898  
                postdec1 0FE5                  postdec2 0FDD                  postinc0 0FEE  
                postinc1 0FE6                  postinc2 0FDE               main@source 0001  
          __pidataCOMRAM 089E      start_initialization 086C              __pbssCOMRAM 0017  
            __smallconst 0800                main@F3667 0021                main@F3669 0017  
              copy_data0 0880                 __Hrparam 0000                 __Lrparam 0000  
               isa$xinst 0000                 main@dest 000B  
